116.25.32.13 - - [22/Nov/2015:11:02:18 +0800] "GET /mobile/theme/ppj/product/tpl/personComboProductTpl.html HTTP/1.1" 200 814 "http://m.papaonline.com.cn/mobile/theme/ppj/product/productCategoryIndex.html?productCategoryId=49" "Mozilla/5.0 (iPad; CPU OS 7_0 like Mac OS X) AppleWebKit/537.51.1 (KHTML, like Gecko) Version/7.0 Mobile/11A465 Safari/9537.53"
49.70.160.35 - - [22/Nov/2015:11:02:18 +0800] "GET /online/index.jsp?lang=zh_CN HTTP/1.1" 200 15512 "https://www.baidu.com/baidu.php?sc.Kf00000pQ-v0ctUXSzgggo5JdV7rqvceaIfopLJBHKvcF-cpqChIJckd2x6c2ES4xY-bCfDq_2n7dpCpUTykl-5slKwVLi_RbUe1Qcr1hlyzqTOfZeVzY97KfIxiquq8qeBrjCm.Db_jA1WuI7wxDh-mhPLHuYvyIh1-ergZJyAp7W_zUJSkf0.U1Yk0ZDqzJydooLp0ZfqzJydooLp0A-V5HcsP0KM5gN-TZns0ZNG5yF9pywdUAY0TA-b5HD40APGujYvPfKVIjYknjDLg1DsnHn0pvbqn0KzIjYzPH00uy-b5HDYPH7xnHT4PjPxnHTLrjPxnHT4P17xnH6sPj7xnHf4rjuxnHc1PH-xnH6snWKxnH0vn1f0mhbqnW0Y0AdW5HTkPjfsP1f3g1DsnjcLPjbsrHT0TgKGujYs0Z7Wpyfqn0KzuLw9u1Ys0AqvUjYkn1bLQywlg1DYrHRVuZGxnHmdPBYdg1DLrjDVuZGxnH61radbX-tkrjR4QH7xnHbkPBdbX-tkrHnvQywlg1D4PHnVnNtkrHm4QH7xnHb3nadbX-tznj0YQywlg1csnHbVnNtznjcLQHPxnW0YPidbX-tznjmLQH7xnW0LHaYknjNxnW0LH76VnH0dg1fYnBdbX-tdn1fVuZGxP1D3Qywl0A7B5HKxn0K-ThTqn0KsTjYs0A4vTjYsQW0snj0snj0s0AdYTjYs0AwbUL0qn0KzpWYs0Aw-IWdsmsKhIjYs0ZKC5H00ULnqn0KBI1Ykn0K8IjYs0ZPl5fKYIgnqrjfdP1Rkn1DYnWf4PW64nHn3rfKzug7Y5HDYPj6kPWD1n1RLPjf0Tv-b5yDkPyD3PWDknj0sPH0zrHD0mLPV5RDYPbuKnDR4wWcvfRRvfRm0mynqnfKsUWYs0AF_5H00mLFW5Hc4nWcz&us=0.0.0.0.0.0.15&ck=6312.4.66.418.151.441.187.410&shh=www.baidu.com&sht=56060048_4_pg&us=1.0.1.0.0.0.0&ie=utf-8&f=8&ch=1&tn=56060048_4_pg&wd=%E5%9C%A3%E8%AF%9E%E8%8A%82&oq=%E5%9C%A3%E8%AF%9E%E8%8A%82&ssl_s=1&ssl_c=ssl1_1512d23fdb5&searchRadio=on" "Mozilla/5.0 (Windows NT 6.1) AppleWebKit/537.36 (KHTML, like Gecko) Chrome/39.0.2171.99 Safari/537.36 2345Explorer/6.3.0.9645"
116.25.32.13 - - [22/Nov/2015:11:02:18 +0800] "GET /mobile/theme/ppj/product/tpl/specialComboSubProductTpl.html HTTP/1.1" 200 603 "http://m.papaonline.com.cn/mobile/theme/ppj/product/productCategoryIndex.html?productCategoryId=49" "Mozilla/5.0 (iPad; CPU OS 7_0 like Mac OS X) AppleWebKit/537.51.1 (KHTML, like Gecko) Version/7.0 Mobile/11A465 Safari/9537.53"
58.220.223.62 - - [22/Nov/2015:11:02:18 +0800] "GET /ccbs/ccbs/customer/showCustomer.do?method=queryCommEventList&partyId=11663780&callPhone=13818585839 HTTP/1.1" 200 1192 "http://www.papaonline.com.cn/ccbs/ccbs/order/showOrder.do?method=showOrderEditMainJsp&callPhone=13818585839&ccbsUserName=3056&uniqueid=1297919567.340&dataSourceId=14&temp=Y" "Mozilla/4.0 (compatible; MSIE 8.0; Windows NT 5.1; Trident/4.0)"
116.216.0.60 - - [22/Nov/2015:11:02:18 +0800] "GET /online/mc/crm/integration/customer/customerCouponList.json?userId=505859&language=%E4%B8%AD%E6%96%87&estimatedDeliveryDate=20151122&eatingStyleEnumId=702&salesChannelEnumId=110 HTTP/1.1" 200 422 "http://m.papaonline.com.cn/mobile/theme/ppj/account/myAddresses.html?op=add&forward=addressConfirm" "Mozilla/5.0 (iPhone; CPU iPhone OS 9_1 like Mac OS X) AppleWebKit/601.1.46 (KHTML, like Gecko) Mobile/13B143 MicroMessenger/6.3.6 NetType/WIFI Language/zh_CN"
116.25.32.13 - - [22/Nov/2015:11:02:18 +0800] "GET /mobile/theme/ppj/product/tpl/specialComboProductTypeTpl.html HTTP/1.1" 200 808 "http://m.papaonline.com.cn/mobile/theme/ppj/product/productCategoryIndex.html?productCategoryId=49" "Mozilla/5.0 (iPad; CPU OS 7_0 like Mac OS X) AppleWebKit/537.51.1 (KHTML, like Gecko) Version/7.0 Mobile/11A465 Safari/9537.53"
116.25.32.13 - - [22/Nov/2015:11:02:18 +0800] "GET /mobile/theme/ppj/product/tpl/personComboProductTypeTpl.html HTTP/1.1" 200 822 "http://m.papaonline.com.cn/mobile/theme/ppj/product/productCategoryIndex.html?productCategoryId=49" "Mozilla/5.0 (iPad; CPU OS 7_0 like Mac OS X) AppleWebKit/537.51.1 (KHTML, like Gecko) Version/7.0 Mobile/11A465 Safari/9537.53"
58.220.223.62 - - [22/Nov/2015:11:02:18 +0800] "GET /ccbs/global/commonPage/includeHead/contextPath.jsp HTTP/1.1" 200 48 "http://www.papaonline.com.cn/ccbs/ccbs/order/showOrder.do?method=queryOrderListByCustomerIdAndNotAbolished&partyId=11663780&pageNo=1&pageSize=5&resetSearchCondition=true&queryDates=undefined" "Mozilla/4.0 (compatible; MSIE 8.0; Windows NT 5.1; Trident/4.0)"
49.70.160.35 - - [22/Nov/2015:11:02:18 +0800] "GET /online/ppjonline/css/basic.css HTTP/1.1" 200 32676 "http://www.papaonline.com.cn/online/index.jsp?lang=zh_CN" "Mozilla/5.0 (Windows NT 6.1) AppleWebKit/537.36 (KHTML, like Gecko) Chrome/39.0.2171.99 Safari/537.36 2345Explorer/6.3.0.9645"
49.70.160.35 - - [22/Nov/2015:11:02:18 +0800] "GET /online/ppjonline/css/bootstrap.css HTTP/1.1" 200 6616 "http://www.papaonline.com.cn/online/index.jsp?lang=zh_CN" "Mozilla/5.0 (Windows NT 6.1) AppleWebKit/537.36 (KHTML, like Gecko) Chrome/39.0.2171.99 Safari/537.36 2345Explorer/6.3.0.9645"
49.70.160.35 - - [22/Nov/2015:11:02:18 +0800] "GET /online/global/js/constant.js HTTP/1.1" 200 796 "http://www.papaonline.com.cn/online/index.jsp?lang=zh_CN" "Mozilla/5.0 (Windows NT 6.1) AppleWebKit/537.36 (KHTML, like Gecko) Chrome/39.0.2171.99 Safari/537.36 2345Explorer/6.3.0.9645"
49.70.160.35 - - [22/Nov/2015:11:02:18 +0800] "GET /online/ppjonline/css/backgrounds.css HTTP/1.1" 200 3913 "http://www.papaonline.com.cn/online/index.jsp?lang=zh_CN" "Mozilla/5.0 (Windows NT 6.1) AppleWebKit/537.36 (KHTML, like Gecko) Chrome/39.0.2171.99 Safari/537.36 2345Explorer/6.3.0.9645"
49.70.160.35 - - [22/Nov/2015:11:02:18 +0800] "GET /online/global/js/jquery/plugins/jquery.cookies.2.2.0.min.js?v=201401020 HTTP/1.1" 200 4330 "http://www.papaonline.com.cn/online/index.jsp?lang=zh_CN" "Mozilla/5.0 (Windows NT 6.1) AppleWebKit/537.36 (KHTML, like Gecko) Chrome/39.0.2171.99 Safari/537.36 2345Explorer/6.3.0.9645"
116.25.32.13 - - [22/Nov/2015:11:02:18 +0800] "GET /mobile/theme/ppj/product/tpl/personComboSubProductTpl.html HTTP/1.1" 200 616 "http://m.papaonline.com.cn/mobile/theme/ppj/product/productCategoryIndex.html?productCategoryId=49" "Mozilla/5.0 (iPad; CPU OS 7_0 like Mac OS X) AppleWebKit/537.51.1 (KHTML, like Gecko) Version/7.0 Mobile/11A465 Safari/9537.53"
49.70.160.35 - - [22/Nov/2015:11:02:18 +0800] "GET /online/global/js/jquery/jquery-1.7.2.min.js HTTP/1.1" 200 33654 "http://www.papaonline.com.cn/online/index.jsp?lang=zh_CN" "Mozilla/5.0 (Windows NT 6.1) AppleWebKit/537.36 (KHTML, like Gecko) Chrome/39.0.2171.99 Safari/537.36 2345Explorer/6.3.0.9645"
49.70.160.35 - - [22/Nov/2015:11:02:18 +0800] "GET /online/ppjonline/css/jquery.fancybox-1.3.4.css HTTP/1.1" 200 1671 "http://www.papaonline.com.cn/online/index.jsp?lang=zh_CN" "Mozilla/5.0 (Windows NT 6.1) AppleWebKit/537.36 (KHTML, like Gecko) Chrome/39.0.2171.99 Safari/537.36 2345Explorer/6.3.0.9645"
49.70.160.35 - - [22/Nov/2015:11:02:18 +0800] "GET /online/global/js/underscore-min.js HTTP/1.1" 200 4924 "http://www.papaonline.com.cn/online/index.jsp?lang=zh_CN" "Mozilla/5.0 (Windows NT 6.1) AppleWebKit/537.36 (KHTML, like Gecko) Chrome/39.0.2171.99 Safari/537.36 2345Explorer/6.3.0.9645"
49.70.160.35 - - [22/Nov/2015:11:02:18 +0800] "GET /online/global/commonJs.js HTTP/1.1" 200 671 "http://www.papaonline.com.cn/online/index.jsp?lang=zh_CN" "Mozilla/5.0 (Windows NT 6.1) AppleWebKit/537.36 (KHTML, like Gecko) Chrome/39.0.2171.99 Safari/537.36 2345Explorer/6.3.0.9645"
49.70.160.35 - - [22/Nov/2015:11:02:18 +0800] "GET /online/ppjonline/js/jquery.fancybox-1.3.4.js HTTP/1.1" 200 7523 "http://www.papaonline.com.cn/online/index.jsp?lang=zh_CN" "Mozilla/5.0 (Windows NT 6.1) AppleWebKit/537.36 (KHTML, like Gecko) Chrome/39.0.2171.99 Safari/537.36 2345Explorer/6.3.0.9645"
49.70.160.35 - - [22/Nov/2015:11:02:18 +0800] "GET /online/ppjonline/js/default.js?v=201401020 HTTP/1.1" 200 49493 "http://www.papaonline.com.cn/online/index.jsp?lang=zh_CN" "Mozilla/5.0 (Windows NT 6.1) AppleWebKit/537.36 (KHTML, like Gecko) Chrome/39.0.2171.99 Safari/537.36 2345Explorer/6.3.0.9645"
49.70.160.35 - - [22/Nov/2015:11:02:18 +0800] "GET /online/global/js/popImage/jquery.popImage.js HTTP/1.1" 200 1231 "http://www.papaonline.com.cn/online/index.jsp?lang=zh_CN" "Mozilla/5.0 (Windows NT 6.1) AppleWebKit/537.36 (KHTML, like Gecko) Chrome/39.0.2171.99 Safari/537.36 2345Explorer/6.3.0.9645"
112.64.171.98 - - [22/Nov/2015:11:02:18 +0800] "POST /ccbs/ccbs/order/showExceptionOrder.do?method=queryOrderNeedNotice HTTP/1.1" 200 4153 "http://www.papaonline.com.cn/ccbs/ccbs/order/showExceptionOrder.do?method=showExceptionOrderJsp" "Mozilla/4.0 (compatible; MSIE 7.0; Windows NT 5.1; Trident/4.0; InfoPath.2; .NET CLR 2.0.50727)"
49.70.160.35 - - [22/Nov/2015:11:02:18 +0800] "GET /online/ppjonline/images/ajaxIndicator.gif HTTP/1.1" 200 2564 "http://www.papaonline.com.cn/online/index.jsp?lang=zh_CN" "Mozilla/5.0 (Windows NT 6.1) AppleWebKit/537.36 (KHTML, like Gecko) Chrome/39.0.2171.99 Safari/537.36 2345Explorer/6.3.0.9645"
49.70.160.35 - - [22/Nov/2015:11:02:18 +0800] "GET /online/global/js/jsrender.js HTTP/1.1" 200 10389 "http://www.papaonline.com.cn/online/index.jsp?lang=zh_CN" "Mozilla/5.0 (Windows NT 6.1) AppleWebKit/537.36 (KHTML, like Gecko) Chrome/39.0.2171.99 Safari/537.36 2345Explorer/6.3.0.9645"
49.70.160.35 - - [22/Nov/2015:11:02:18 +0800] "GET /online/ppjonline/js/default.js HTTP/1.1" 200 49493 "http://www.papaonline.com.cn/online/index.jsp?lang=zh_CN" "Mozilla/5.0 (Windows NT 6.1) AppleWebKit/537.36 (KHTML, like Gecko) Chrome/39.0.2171.99 Safari/537.36 2345Explorer/6.3.0.9645"
49.70.160.35 - - [22/Nov/2015:11:02:18 +0800] "GET /online/ppjonline/images/mobile_erweima.png HTTP/1.1" 200 5625 "http://www.papaonline.com.cn/online/index.jsp?lang=zh_CN" "Mozilla/5.0 (Windows NT 6.1) AppleWebKit/537.36 (KHTML, like Gecko) Chrome/39.0.2171.99 Safari/537.36 2345Explorer/6.3.0.9645"
107.182.230.39 - - [22/Nov/2015:11:02:18 +0800] "GET /mobile/static/product/src/ProductView.js HTTP/1.1" 200 56837 "http://m.papaonline.com.cn/mobile/theme/ppj/product/productCategoryIndex.html?preview=preview" "Mozilla/5.0 (iPad; CPU OS 9_1 like Mac OS X) AppleWebKit/601.1.46 (KHTML, like Gecko) Version/9.0 Mobile/13B143 Safari/601.1"
61.170.130.208 - - [22/Nov/2015:11:02:18 +0800] "GET /online/index.jsp?lang=zh_CN HTTP/1.1" 200 15513 "http://www.baidu.com/baidu.php?sc.Kf00000cFRyb97PCcyzG0TlxoGzgwlTZZectVDGfMezX-0-9m4_8hc18yvN65lxejGI28CUUCMiQDsd1yCbW4UfIbGYLl7rUGBT0kvINh65DGik6cXepsZRTvhYKIFzwmdUPiPb.7R_jA1WuI7wxDhhKYN7timPEeMXB1hm3p8g3xzoDk3vyyyyyyTo_MQRze-kl-9h9molUPMBC.U1Yk0ZDq_5HREQJz0Zfq_5HREQJz0A-V5HczPfKM5y9-TZns0ZNG5yF9pywdUAY0TA-b5Hc0mv-b5Hn4rfKVIjYknjDLg1DsnHn0pvbqn0KzIjYdPWn0uy-b5HDYnW-xnHTLPH9xnHT4Pj9xnHTLrjFxnHT4P1KxnH6sPj7xnHRYP1FxnHDLP1uxnH6snW00mhbqnW0Y0AdW5HTkPjfsP1f3g1DsnjcLPjbsrHT0TgKGujYs0Z7Wpyfqn0KzuLw9u1Ys0AqvUjYkn1bvQywlg1DYPHmVnNtkrjT3HaYknj0sr7tkrjT3H76VnH0snj9xnHbsPBYsg1D4nHfVnNtkrHn4Qywlg1D4PWbVuZGxnW0sPBYzg1csnWfVnNtznjfvQH7xnW0vPzdbX-tznjm4QHFxrHb4QHDs0A7B5HKxn0K-ThTqn0KsTjYs0A4vTjYsQW0snj0snj0s0AdYTjYs0AwbUL0qn0KzpWYs0Aw-IWdsmsKhIjYs0ZKC5H00ULnqn0KBI1Y40A4Y5H00TLCq0ZwdT1YYPWTvPW0kPHnznHm4nWnzPHfk0ZF-TgfqnHfYrjDvnHnzP1m3r0K1pyfqryfvnj-hPAnsnj0LmHNbPfKWTvYqfW9aPWmdnW7KPWKDwjfLP0K9m1Yk0ZK85H00mhsqn0KWThnqnWb3rf&us=0.0.0.0.0.0.6&ck=8000.5.145.316.141.348.254.2572&shh=www.baidu.com&sht=70000000_o2_hao_pg&us=1.0.1.0.0.0.0&ie=utf-8&f=8&tn=70000000_o2_hao_pg&wd=%E6%A3%92%E7%BA%A6%E7%BF%B0&oq=%E6%A3%92%E7%BA%A6%E7%BF%B0&usm=1&euri=ba784f82238b49d3813508b5e721561b" "Mozilla/5.0 (compatible; MSIE 10.0; Windows NT 6.1; WOW64; Trident/6.0; JuziBrowser)"
107.182.230.39 - - [22/Nov/2015:11:02:18 +0800] "GET /mobile/theme/ppj/product/js/PPJProductView_SpecialMenu.js HTTP/1.1" 200 42638 "http://m.papaonline.com.cn/mobile/theme/ppj/product/productCategoryIndex.html?preview=preview" "Mozilla/5.0 (iPad; CPU OS 9_1 like Mac OS X) AppleWebKit/601.1.46 (KHTML, like Gecko) Version/9.0 Mobile/13B143 Safari/601.1"
107.182.230.39 - - [22/Nov/2015:11:02:18 +0800] "GET /mobile/theme/ppj/account/js/footerView.js HTTP/1.1" 200 4854 "http://m.papaonline.com.cn/mobile/theme/ppj/product/productCategoryIndex.html?preview=preview" "Mozilla/5.0 (iPad; CPU OS 9_1 like Mac OS X) AppleWebKit/601.1.46 (KHTML, like Gecko) Version/9.0 Mobile/13B143 Safari/601.1"
49.70.160.35 - - [22/Nov/2015:11:02:18 +0800] "GET /online/ppjonline/images/logo.png HTTP/1.1" 200 9168 "http://www.papaonline.com.cn/online/index.jsp?lang=zh_CN" "Mozilla/5.0 (Windows NT 6.1) AppleWebKit/537.36 (KHTML, like Gecko) Chrome/39.0.2171.99 Safari/537.36 2345Explorer/6.3.0.9645"
49.70.160.35 - - [22/Nov/2015:11:02:18 +0800] "GET /online/ppjonline/images/mobile_.png HTTP/1.1" 200 29197 "http://www.papaonline.com.cn/online/index.jsp?lang=zh_CN" "Mozilla/5.0 (Windows NT 6.1) AppleWebKit/537.36 (KHTML, like Gecko) Chrome/39.0.2171.99 Safari/537.36 2345Explorer/6.3.0.9645"
49.70.160.35 - - [22/Nov/2015:11:02:18 +0800] "GET /online/ppjonline/images/ad/20151111/L2.png HTTP/1.1" 200 44624 "http://www.papaonline.com.cn/online/index.jsp?lang=zh_CN" "Mozilla/5.0 (Windows NT 6.1) AppleWebKit/537.36 (KHTML, like Gecko) Chrome/39.0.2171.99 Safari/537.36 2345Explorer/6.3.0.9645"
107.182.230.39 - - [22/Nov/2015:11:02:18 +0800] "GET /mobile/theme/ppj/product/tpl/loginUserAddressListTpl.html HTTP/1.1" 200 196 "http://m.papaonline.com.cn/mobile/theme/ppj/product/productCategoryIndex.html?preview=preview" "Mozilla/5.0 (iPad; CPU OS 9_1 like Mac OS X) AppleWebKit/601.1.46 (KHTML, like Gecko) Version/9.0 Mobile/13B143 Safari/601.1"
49.70.160.35 - - [22/Nov/2015:11:02:18 +0800] "GET /online/ppjonline/images/ad/weixin.png HTTP/1.1" 200 24326 "http://www.papaonline.com.cn/online/index.jsp?lang=zh_CN" "Mozilla/5.0 (Windows NT 6.1) AppleWebKit/537.36 (KHTML, like Gecko) Chrome/39.0.2171.99 Safari/537.36 2345Explorer/6.3.0.9645"
58.220.223.62 - - [22/Nov/2015:11:02:18 +0800] "GET /ccbs/global/scripts/jquery/plugins/images/loading.gif HTTP/1.1" 404 440 "http://www.papaonline.com.cn/ccbs/ccbs/order/showOrder.do?method=showOrderEditProductJsp" "Mozilla/4.0 (compatible; MSIE 7.0; Windows NT 5.1; Trident/4.0)"
49.70.160.35 - - [22/Nov/2015:11:02:18 +0800] "GET /online/global/js/popImage/css/popImage.css HTTP/1.1" 200 266 "http://www.papaonline.com.cn/online/index.jsp?lang=zh_CN" "Mozilla/5.0 (Windows NT 6.1) AppleWebKit/537.36 (KHTML, like Gecko) Chrome/39.0.2171.99 Safari/537.36 2345Explorer/6.3.0.9645"
61.170.130.208 - - [22/Nov/2015:11:02:18 +0800] "GET /online/ppjonline/css/bootstrap.css HTTP/1.1" 200 6616 "http://www.papaonline.com.cn/online/index.jsp?lang=zh_CN" "Mozilla/5.0 (compatible; MSIE 10.0; Windows NT 6.1; WOW64; Trident/6.0; JuziBrowser)"
61.170.130.208 - - [22/Nov/2015:11:02:18 +0800] "GET /online/ppjonline/css/backgrounds.css HTTP/1.1" 200 3913 "http://www.papaonline.com.cn/online/index.jsp?lang=zh_CN" "Mozilla/5.0 (compatible; MSIE 10.0; Windows NT 6.1; WOW64; Trident/6.0; JuziBrowser)"
61.170.130.208 - - [22/Nov/2015:11:02:18 +0800] "GET /online/global/js/constant.js HTTP/1.1" 200 796 "http://www.papaonline.com.cn/online/index.jsp?lang=zh_CN" "Mozilla/5.0 (compatible; MSIE 10.0; Windows NT 6.1; WOW64; Trident/6.0; JuziBrowser)"
61.170.130.208 - - [22/Nov/2015:11:02:18 +0800] "GET /online/ppjonline/css/basic.css HTTP/1.1" 200 32676 "http://www.papaonline.com.cn/online/index.jsp?lang=zh_CN" "Mozilla/5.0 (compatible; MSIE 10.0; Windows NT 6.1; WOW64; Trident/6.0; JuziBrowser)"
61.170.130.208 - - [22/Nov/2015:11:02:19 +0800] "GET /online/global/js/jquery/plugins/jquery.cookies.2.2.0.min.js?v=201401020 HTTP/1.1" 200 4330 "http://www.papaonline.com.cn/online/index.jsp?lang=zh_CN" "Mozilla/5.0 (compatible; MSIE 10.0; Windows NT 6.1; WOW64; Trident/6.0; JuziBrowser)"
49.70.160.35 - - [22/Nov/2015:11:02:19 +0800] "GET /online/ppjonline/images/rightChannel/rightChannelBtm.png?v=1.8 HTTP/1.1" 200 676 "http://www.papaonline.com.cn/online/ppjonline/css/backgrounds.css" "Mozilla/5.0 (Windows NT 6.1) AppleWebKit/537.36 (KHTML, like Gecko) Chrome/39.0.2171.99 Safari/537.36 2345Explorer/6.3.0.9645"
49.70.160.35 - - [22/Nov/2015:11:02:19 +0800] "GET /online/ppjonline/images/rightChannel/bgWrap.png?v=1.8 HTTP/1.1" 200 633 "http://www.papaonline.com.cn/online/ppjonline/css/backgrounds.css" "Mozilla/5.0 (Windows NT 6.1) AppleWebKit/537.36 (KHTML, like Gecko) Chrome/39.0.2171.99 Safari/537.36 2345Explorer/6.3.0.9645"
49.70.160.35 - - [22/Nov/2015:11:02:19 +0800] "GET /online/ppjonline/images/rightChannel/cartIcon.png?v=1.8 HTTP/1.1" 200 212 "http://www.papaonline.com.cn/online/ppjonline/css/backgrounds.css" "Mozilla/5.0 (Windows NT 6.1) AppleWebKit/537.36 (KHTML, like Gecko) Chrome/39.0.2171.99 Safari/537.36 2345Explorer/6.3.0.9645"
49.70.160.35 - - [22/Nov/2015:11:02:19 +0800] "GET /online/ppjonline/images/ad/20150628/L1.png HTTP/1.1" 200 60187 "http://www.papaonline.com.cn/online/index.jsp?lang=zh_CN" "Mozilla/5.0 (Windows NT 6.1) AppleWebKit/537.36 (KHTML, like Gecko) Chrome/39.0.2171.99 Safari/537.36 2345Explorer/6.3.0.9645"
58.220.223.62 - - [22/Nov/2015:11:02:19 +0800] "POST /ccbs/ccbs/product/showProduct.do?method=queryInventory HTTP/1.1" 200 59 "http://www.papaonline.com.cn/ccbs/ccbs/order/showOrder.do?method=showOrderEditProductJsp" "Mozilla/4.0 (compatible; MSIE 7.0; Windows NT 5.1; Trident/4.0)"
61.170.130.208 - - [22/Nov/2015:11:02:19 +0800] "GET /online/global/commonJs.js HTTP/1.1" 200 671 "http://www.papaonline.com.cn/online/index.jsp?lang=zh_CN" "Mozilla/5.0 (compatible; MSIE 10.0; Windows NT 6.1; WOW64; Trident/6.0; JuziBrowser)"
61.170.130.208 - - [22/Nov/2015:11:02:19 +0800] "GET /online/global/js/underscore-min.js HTTP/1.1" 200 4924 "http://www.papaonline.com.cn/online/index.jsp?lang=zh_CN" "Mozilla/5.0 (compatible; MSIE 10.0; Windows NT 6.1; WOW64; Trident/6.0; JuziBrowser)"
61.170.130.208 - - [22/Nov/2015:11:02:19 +0800] "GET /online/global/js/jquery/jquery-1.7.2.min.js HTTP/1.1" 200 33654 "http://www.papaonline.com.cn/online/index.jsp?lang=zh_CN" "Mozilla/5.0 (compatible; MSIE 10.0; Windows NT 6.1; WOW64; Trident/6.0; JuziBrowser)"
49.70.160.35 - - [22/Nov/2015:11:02:19 +0800] "GET /online/ppjonline/images/icnWhiteArrowSmall.png?v=1.8 HTTP/1.1" 200 155 "http://www.papaonline.com.cn/online/ppjonline/css/backgrounds.css" "Mozilla/5.0 (Windows NT 6.1) AppleWebKit/537.36 (KHTML, like Gecko) Chrome/39.0.2171.99 Safari/537.36 2345Explorer/6.3.0.9645"
27.115.63.226 - - [22/Nov/2015:11:02:19 +0800] "GET /online/mc/crm/integration/points/pointBalance.json HTTP/1.1" 200 72 "http://www.papaonline.com.cn/online/ppjonline/account/account.jsp" "Mozilla/5.0 (Windows NT 6.1; WOW64) AppleWebKit/537.36 (KHTML, like Gecko) Chrome/41.0.2272.89 Safari/537.36"
49.70.160.35 - - [22/Nov/2015:11:02:19 +0800] "GET /online/ppjonline/images/btnBgShadowSprite_24.png?v=1.8 HTTP/1.1" 200 3662 "http://www.papaonline.com.cn/online/ppjonline/css/backgrounds.css" "Mozilla/5.0 (Windows NT 6.1) AppleWebKit/537.36 (KHTML, like Gecko) Chrome/39.0.2171.99 Safari/537.36 2345Explorer/6.3.0.9645"
49.70.160.35 - - [22/Nov/2015:11:02:19 +0800] "GET /online/ppjonline/images/rightChannel/rightChannelBg.png?v=1.8 HTTP/1.1" 200 153 "http://www.papaonline.com.cn/online/ppjonline/css/backgrounds.css" "Mozilla/5.0 (Windows NT 6.1) AppleWebKit/537.36 (KHTML, like Gecko) Chrome/39.0.2171.99 Safari/537.36 2345Explorer/6.3.0.9645"
49.70.160.35 - - [22/Nov/2015:11:02:19 +0800] "GET /online/ppjonline/images/home/HP_P2_Nobody_John.png HTTP/1.1" 200 135440 "http://www.papaonline.com.cn/online/index.jsp?lang=zh_CN" "Mozilla/5.0 (Windows NT 6.1) AppleWebKit/537.36 (KHTML, like Gecko) Chrome/39.0.2171.99 Safari/537.36 2345Explorer/6.3.0.9645"
49.70.160.35 - - [22/Nov/2015:11:02:19 +0800] "GET /online/ppjonline/images/mainNavSprite.png HTTP/1.1" 200 17578 "http://www.papaonline.com.cn/online/ppjonline/css/backgrounds.css" "Mozilla/5.0 (Windows NT 6.1) AppleWebKit/537.36 (KHTML, like Gecko) Chrome/39.0.2171.99 Safari/537.36 2345Explorer/6.3.0.9645"
49.70.160.35 - - [22/Nov/2015:11:02:19 +0800] "GET /online/ppjonline/images/footer_nav_1.jpg HTTP/1.1" 200 3939 "http://www.papaonline.com.cn/online/index.jsp?lang=zh_CN" "Mozilla/5.0 (Windows NT 6.1) AppleWebKit/537.36 (KHTML, like Gecko) Chrome/39.0.2171.99 Safari/537.36 2345Explorer/6.3.0.9645"
58.220.223.62 - - [22/Nov/2015:11:02:19 +0800] "POST /ccbs/ccbs/order/showOrder.do?method=queryOrderListByCustomerIdAndNotAbolished&partyId=11663780&pageNo=1&pageSize=5&resetSearchCondition=false&queryDates=undefined&salesChannelEnumId=undefined&createTime=undefined HTTP/1.1" 200 2092 "http://www.papaonline.com.cn/ccbs/ccbs/order/showOrder.do?method=showOrderEditMainJsp&callPhone=13818585839&ccbsUserName=3056&uniqueid=1297919567.340&dataSourceId=14&temp=Y" "Mozilla/4.0 (compatible; MSIE 8.0; Windows NT 5.1; Trident/4.0)"
49.70.160.35 - - [22/Nov/2015:11:02:19 +0800] "GET /online/ppjonline/images/homeHeroBg.png?v=1.8 HTTP/1.1" 200 483 "http://www.papaonline.com.cn/online/ppjonline/css/backgrounds.css" "Mozilla/5.0 (Windows NT 6.1) AppleWebKit/537.36 (KHTML, like Gecko) Chrome/39.0.2171.99 Safari/537.36 2345Explorer/6.3.0.9645"
49.70.160.35 - - [22/Nov/2015:11:02:19 +0800] "GET /online/ppjonline/images/homeBtnNumbers.png?v=1.8 HTTP/1.1" 200 4987 "http://www.papaonline.com.cn/online/ppjonline/css/backgrounds.css" "Mozilla/5.0 (Windows NT 6.1) AppleWebKit/537.36 (KHTML, like Gecko) Chrome/39.0.2171.99 Safari/537.36 2345Explorer/6.3.0.9645"
61.170.130.208 - - [22/Nov/2015:11:02:19 +0800] "GET /online/ppjonline/images/mobile_.png HTTP/1.1" 200 29197 "http://www.papaonline.com.cn/online/index.jsp?lang=zh_CN" "Mozilla/5.0 (compatible; MSIE 10.0; Windows NT 6.1; WOW64; Trident/6.0; JuziBrowser)"
61.170.130.208 - - [22/Nov/2015:11:02:19 +0800] "GET /online/ppjonline/images/ajaxIndicator.gif HTTP/1.1" 200 2564 "http://www.papaonline.com.cn/online/index.jsp?lang=zh_CN" "Mozilla/5.0 (compatible; MSIE 10.0; Windows NT 6.1; WOW64; Trident/6.0; JuziBrowser)"
61.170.130.208 - - [22/Nov/2015:11:02:19 +0800] "GET /online/ppjonline/images/logo.png HTTP/1.1" 200 9168 "http://www.papaonline.com.cn/online/index.jsp?lang=zh_CN" "Mozilla/5.0 (compatible; MSIE 10.0; Windows NT 6.1; WOW64; Trident/6.0; JuziBrowser)"
61.170.130.208 - - [22/Nov/2015:11:02:19 +0800] "GET /online/ppjonline/js/jquery.fancybox-1.3.4.js HTTP/1.1" 200 7523 "http://www.papaonline.com.cn/online/index.jsp?lang=zh_CN" "Mozilla/5.0 (compatible; MSIE 10.0; Windows NT 6.1; WOW64; Trident/6.0; JuziBrowser)"
61.170.130.208 - - [22/Nov/2015:11:02:19 +0800] "GET /online/ppjonline/images/mobile_erweima.png HTTP/1.1" 200 5625 "http://www.papaonline.com.cn/online/index.jsp?lang=zh_CN" "Mozilla/5.0 (compatible; MSIE 10.0; Windows NT 6.1; WOW64; Trident/6.0; JuziBrowser)"
61.170.130.208 - - [22/Nov/2015:11:02:19 +0800] "GET /online/ppjonline/js/default.js?v=201401020 HTTP/1.1" 200 49493 "http://www.papaonline.com.cn/online/index.jsp?lang=zh_CN" "Mozilla/5.0 (compatible; MSIE 10.0; Windows NT 6.1; WOW64; Trident/6.0; JuziBrowser)"
49.70.160.35 - - [22/Nov/2015:11:02:19 +0800] "GET /online/ppjonline/images/footer_nav_6.jpg HTTP/1.1" 200 8875 "http://www.papaonline.com.cn/online/index.jsp?lang=zh_CN" "Mozilla/5.0 (Windows NT 6.1) AppleWebKit/537.36 (KHTML, like Gecko) Chrome/39.0.2171.99 Safari/537.36 2345Explorer/6.3.0.9645"
49.70.160.35 - - [22/Nov/2015:11:02:19 +0800] "GET /online/ppjonline/images/footer_nav_3.jpg HTTP/1.1" 200 2417 "http://www.papaonline.com.cn/online/index.jsp?lang=zh_CN" "Mozilla/5.0 (Windows NT 6.1) AppleWebKit/537.36 (KHTML, like Gecko) Chrome/39.0.2171.99 Safari/537.36 2345Explorer/6.3.0.9645"
49.70.160.35 - - [22/Nov/2015:11:02:19 +0800] "GET /online/ppjonline/images/footer_nav_4.jpg HTTP/1.1" 200 2842 "http://www.papaonline.com.cn/online/index.jsp?lang=zh_CN" "Mozilla/5.0 (Windows NT 6.1) AppleWebKit/537.36 (KHTML, like Gecko) Chrome/39.0.2171.99 Safari/537.36 2345Explorer/6.3.0.9645"
49.70.160.35 - - [22/Nov/2015:11:02:19 +0800] "GET /online/ppjonline/images/rightChannel/rtChannelDivider.png?v=1.8 HTTP/1.1" 200 374 "http://www.papaonline.com.cn/online/ppjonline/css/backgrounds.css" "Mozilla/5.0 (Windows NT 6.1) AppleWebKit/537.36 (KHTML, like Gecko) Chrome/39.0.2171.99 Safari/537.36 2345Explorer/6.3.0.9645"
49.70.160.35 - - [22/Nov/2015:11:02:19 +0800] "GET /online/ppjonline/images/footer_nav_5.jpg HTTP/1.1" 200 3831 "http://www.papaonline.com.cn/online/index.jsp?lang=zh_CN" "Mozilla/5.0 (Windows NT 6.1) AppleWebKit/537.36 (KHTML, like Gecko) Chrome/39.0.2171.99 Safari/537.36 2345Explorer/6.3.0.9645"
61.170.130.208 - - [22/Nov/2015:11:02:19 +0800] "GET /online/ppjonline/css/jquery.fancybox-1.3.4.css HTTP/1.1" 200 1671 "http://www.papaonline.com.cn/online/index.jsp?lang=zh_CN" "Mozilla/5.0 (compatible; MSIE 10.0; Windows NT 6.1; WOW64; Trident/6.0; JuziBrowser)"
61.170.130.208 - - [22/Nov/2015:11:02:19 +0800] "GET /online/ppjonline/images/ad/weixin.png HTTP/1.1" 200 24326 "http://www.papaonline.com.cn/online/index.jsp?lang=zh_CN" "Mozilla/5.0 (compatible; MSIE 10.0; Windows NT 6.1; WOW64; Trident/6.0; JuziBrowser)"
58.220.223.62 - - [22/Nov/2015:11:02:19 +0800] "GET /ccbs/global/commonPage/includeHead/contextPath.jsp HTTP/1.1" 200 48 "http://www.papaonline.com.cn/ccbs/ccbs/order/showOrder.do?method=queryOrderListByCustomerIdAndNotAbolished&partyId=11663780&pageNo=1&pageSize=5&resetSearchCondition=false&queryDates=undefined&salesChannelEnumId=undefined&createTime=undefined" "Mozilla/4.0 (compatible; MSIE 8.0; Windows NT 5.1; Trident/4.0)"
49.70.160.35 - - [22/Nov/2015:11:02:19 +0800] "GET /online/ppjonline/images/footerLineBg.png HTTP/1.1" 200 138 "http://www.papaonline.com.cn/online/ppjonline/css/basic.css" "Mozilla/5.0 (Windows NT 6.1) AppleWebKit/537.36 (KHTML, like Gecko) Chrome/39.0.2171.99 Safari/537.36 2345Explorer/6.3.0.9645"
49.70.160.35 - - [22/Nov/2015:11:02:19 +0800] "GET /online/ppjonline/images/pizzameter/mini/PointMeterMaster_register_mini.png HTTP/1.1" 200 78738 "http://www.papaonline.com.cn/online/index.jsp?lang=zh_CN" "Mozilla/5.0 (Windows NT 6.1) AppleWebKit/537.36 (KHTML, like Gecko) Chrome/39.0.2171.99 Safari/537.36 2345Explorer/6.3.0.9645"
61.170.130.208 - - [22/Nov/2015:11:02:19 +0800] "GET /online/ppjonline/images/ad/20150628/L1.png HTTP/1.1" 200 60187 "http://www.papaonline.com.cn/online/index.jsp?lang=zh_CN" "Mozilla/5.0 (compatible; MSIE 10.0; Windows NT 6.1; WOW64; Trident/6.0; JuziBrowser)"
27.115.63.226 - - [22/Nov/2015:11:02:19 +0800] "GET /online/mc/crm/integration/customer/customerCouponList.json?userId=487490&language=%E4%B8%AD%E6%96%87&estimatedDeliveryDate=20151122&eatingStyleEnumId=702&salesChannelEnumId=109&isCanUse=true HTTP/1.1" 200 81 "http://www.papaonline.com.cn/online/ppjonline/account/account.jsp" "Mozilla/5.0 (Windows NT 6.1; WOW64) AppleWebKit/537.36 (KHTML, like Gecko) Chrome/41.0.2272.89 Safari/537.36"
61.170.130.208 - - [22/Nov/2015:11:02:19 +0800] "GET /online/global/js/popImage/jquery.popImage.js HTTP/1.1" 200 1231 "http://www.papaonline.com.cn/online/index.jsp?lang=zh_CN" "Mozilla/5.0 (compatible; MSIE 10.0; Windows NT 6.1; WOW64; Trident/6.0; JuziBrowser)"
61.170.130.208 - - [22/Nov/2015:11:02:19 +0800] "GET /online/ppjonline/images/footer_nav_1.jpg HTTP/1.1" 200 3939 "http://www.papaonline.com.cn/online/index.jsp?lang=zh_CN" "Mozilla/5.0 (compatible; MSIE 10.0; Windows NT 6.1; WOW64; Trident/6.0; JuziBrowser)"
61.170.130.208 - - [22/Nov/2015:11:02:19 +0800] "GET /online/ppjonline/images/home/HP_P2_Nobody_John.png HTTP/1.1" 200 135432 "http://www.papaonline.com.cn/online/index.jsp?lang=zh_CN" "Mozilla/5.0 (compatible; MSIE 10.0; Windows NT 6.1; WOW64; Trident/6.0; JuziBrowser)"
61.170.130.208 - - [22/Nov/2015:11:02:19 +0800] "GET /online/ppjonline/images/ad/20151111/L2.png HTTP/1.1" 200 44624 "http://www.papaonline.com.cn/online/index.jsp?lang=zh_CN" "Mozilla/5.0 (compatible; MSIE 10.0; Windows NT 6.1; WOW64; Trident/6.0; JuziBrowser)"
49.70.160.35 - - [22/Nov/2015:11:02:19 +0800] "GET /online/ppjonline/images/ad/20151111/2.png?v=201401020 HTTP/1.1" 200 217720 "http://www.papaonline.com.cn/online/index.jsp?lang=zh_CN" "Mozilla/5.0 (Windows NT 6.1) AppleWebKit/537.36 (KHTML, like Gecko) Chrome/39.0.2171.99 Safari/537.36 2345Explorer/6.3.0.9645"
49.70.160.35 - - [22/Nov/2015:11:02:19 +0800] "GET /online/ppjonline/images/ad/20151111/6.png?v=201401020 HTTP/1.1" 200 190815 "http://www.papaonline.com.cn/online/index.jsp?lang=zh_CN" "Mozilla/5.0 (Windows NT 6.1) AppleWebKit/537.36 (KHTML, like Gecko) Chrome/39.0.2171.99 Safari/537.36 2345Explorer/6.3.0.9645"
61.170.130.208 - - [22/Nov/2015:11:02:19 +0800] "GET /online/ppjonline/js/default.js HTTP/1.1" 200 49493 "http://www.papaonline.com.cn/online/index.jsp?lang=zh_CN" "Mozilla/5.0 (compatible; MSIE 10.0; Windows NT 6.1; WOW64; Trident/6.0; JuziBrowser)"
61.170.130.208 - - [22/Nov/2015:11:02:19 +0800] "GET /online/ppjonline/images/footer_nav_3.jpg HTTP/1.1" 200 2417 "http://www.papaonline.com.cn/online/index.jsp?lang=zh_CN" "Mozilla/5.0 (compatible; MSIE 10.0; Windows NT 6.1; WOW64; Trident/6.0; JuziBrowser)"
61.170.130.208 - - [22/Nov/2015:11:02:19 +0800] "GET /online/ppjonline/images/footer_nav_6.jpg HTTP/1.1" 200 8875 "http://www.papaonline.com.cn/online/index.jsp?lang=zh_CN" "Mozilla/5.0 (compatible; MSIE 10.0; Windows NT 6.1; WOW64; Trident/6.0; JuziBrowser)"
61.170.130.208 - - [22/Nov/2015:11:02:19 +0800] "GET /online/ppjonline/images/footer_nav_4.jpg HTTP/1.1" 200 2842 "http://www.papaonline.com.cn/online/index.jsp?lang=zh_CN" "Mozilla/5.0 (compatible; MSIE 10.0; Windows NT 6.1; WOW64; Trident/6.0; JuziBrowser)"
61.170.130.208 - - [22/Nov/2015:11:02:19 +0800] "GET /online/ppjonline/images/footer_nav_5.jpg HTTP/1.1" 200 3831 "http://www.papaonline.com.cn/online/index.jsp?lang=zh_CN" "Mozilla/5.0 (compatible; MSIE 10.0; Windows NT 6.1; WOW64; Trident/6.0; JuziBrowser)"
49.70.160.35 - - [22/Nov/2015:11:02:19 +0800] "GET /online/api/mc/cart/all.json?salesChannelEnumId=109&language=zh_CN&eatingStyleEnumId=702&_=1448161315271 HTTP/1.1" 200 445 "http://www.papaonline.com.cn/online/index.jsp?lang=zh_CN" "Mozilla/5.0 (Windows NT 6.1) AppleWebKit/537.36 (KHTML, like Gecko) Chrome/39.0.2171.99 Safari/537.36 2345Explorer/6.3.0.9645"
61.170.130.208 - - [22/Nov/2015:11:02:19 +0800] "GET /online/global/js/jsrender.js HTTP/1.1" 200 10389 "http://www.papaonline.com.cn/online/index.jsp?lang=zh_CN" "Mozilla/5.0 (compatible; MSIE 10.0; Windows NT 6.1; WOW64; Trident/6.0; JuziBrowser)"
61.170.130.208 - - [22/Nov/2015:11:02:19 +0800] "GET /online/ppjonline/images/mainNavSprite.png HTTP/1.1" 200 17578 "http://www.papaonline.com.cn/online/index.jsp?lang=zh_CN" "Mozilla/5.0 (compatible; MSIE 10.0; Windows NT 6.1; WOW64; Trident/6.0; JuziBrowser)"
61.170.130.208 - - [22/Nov/2015:11:02:19 +0800] "GET /online/ppjonline/images/rightChannel/rightChannelBtm.png?v=1.8 HTTP/1.1" 200 676 "http://www.papaonline.com.cn/online/index.jsp?lang=zh_CN" "Mozilla/5.0 (compatible; MSIE 10.0; Windows NT 6.1; WOW64; Trident/6.0; JuziBrowser)"
49.70.160.35 - - [22/Nov/2015:11:02:19 +0800] "GET /online/ppjonline/images/ad/20151111/3.png?v=201401020 HTTP/1.1" 200 297345 "http://www.papaonline.com.cn/online/index.jsp?lang=zh_CN" "Mozilla/5.0 (Windows NT 6.1) AppleWebKit/537.36 (KHTML, like Gecko) Chrome/39.0.2171.99 Safari/537.36 2345Explorer/6.3.0.9645"
61.170.130.208 - - [22/Nov/2015:11:02:19 +0800] "GET /online/ppjonline/images/rightChannel/rightChannelBg.png?v=1.8 HTTP/1.1" 200 153 "http://www.papaonline.com.cn/online/index.jsp?lang=zh_CN" "Mozilla/5.0 (compatible; MSIE 10.0; Windows NT 6.1; WOW64; Trident/6.0; JuziBrowser)"
61.170.130.208 - - [22/Nov/2015:11:02:19 +0800] "GET /online/ppjonline/images/rightChannel/rtChannelDivider.png?v=1.8 HTTP/1.1" 200 374 "http://www.papaonline.com.cn/online/index.jsp?lang=zh_CN" "Mozilla/5.0 (compatible; MSIE 10.0; Windows NT 6.1; WOW64; Trident/6.0; JuziBrowser)"
61.170.130.208 - - [22/Nov/2015:11:02:19 +0800] "GET /online/ppjonline/images/icnWhiteArrowSmall.png?v=1.8 HTTP/1.1" 200 155 "http://www.papaonline.com.cn/online/index.jsp?lang=zh_CN" "Mozilla/5.0 (compatible; MSIE 10.0; Windows NT 6.1; WOW64; Trident/6.0; JuziBrowser)"
61.170.130.208 - - [22/Nov/2015:11:02:19 +0800] "GET /online/ppjonline/images/btnBgShadowSprite_24.png?v=1.8 HTTP/1.1" 200 3662 "http://www.papaonline.com.cn/online/index.jsp?lang=zh_CN" "Mozilla/5.0 (compatible; MSIE 10.0; Windows NT 6.1; WOW64; Trident/6.0; JuziBrowser)"
61.170.130.208 - - [22/Nov/2015:11:02:19 +0800] "GET /online/ppjonline/images/rightChannel/bgWrap.png?v=1.8 HTTP/1.1" 200 633 "http://www.papaonline.com.cn/online/index.jsp?lang=zh_CN" "Mozilla/5.0 (compatible; MSIE 10.0; Windows NT 6.1; WOW64; Trident/6.0; JuziBrowser)"
61.170.130.208 - - [22/Nov/2015:11:02:19 +0800] "GET /online/ppjonline/images/pizzameter/mini/PointMeterMaster_register_mini.png HTTP/1.1" 200 78738 "http://www.papaonline.com.cn/online/index.jsp?lang=zh_CN" "Mozilla/5.0 (compatible; MSIE 10.0; Windows NT 6.1; WOW64; Trident/6.0; JuziBrowser)"
61.170.130.208 - - [22/Nov/2015:11:02:19 +0800] "GET /online/ppjonline/images/rightChannel/cartIcon.png?v=1.8 HTTP/1.1" 200 212 "http://www.papaonline.com.cn/online/index.jsp?lang=zh_CN" "Mozilla/5.0 (compatible; MSIE 10.0; Windows NT 6.1; WOW64; Trident/6.0; JuziBrowser)"
49.70.160.35 - - [22/Nov/2015:11:02:19 +0800] "GET /online/ppjonline/images/ad/20151111/5.png?v=201401020 HTTP/1.1" 200 296118 "http://www.papaonline.com.cn/online/index.jsp?lang=zh_CN" "Mozilla/5.0 (Windows NT 6.1) AppleWebKit/537.36 (KHTML, like Gecko) Chrome/39.0.2171.99 Safari/537.36 2345Explorer/6.3.0.9645"
49.70.160.35 - - [22/Nov/2015:11:02:19 +0800] "GET /online/ppjonline/images/ad/20151111/4.png?v=201401020 HTTP/1.1" 200 338861 "http://www.papaonline.com.cn/online/index.jsp?lang=zh_CN" "Mozilla/5.0 (Windows NT 6.1) AppleWebKit/537.36 (KHTML, like Gecko) Chrome/39.0.2171.99 Safari/537.36 2345Explorer/6.3.0.9645"
61.170.130.208 - - [22/Nov/2015:11:02:19 +0800] "GET /online/ppjonline/images/homeHeroBg.png?v=1.8 HTTP/1.1" 200 483 "http://www.papaonline.com.cn/online/index.jsp?lang=zh_CN" "Mozilla/5.0 (compatible; MSIE 10.0; Windows NT 6.1; WOW64; Trident/6.0; JuziBrowser)"
61.170.130.208 - - [22/Nov/2015:11:02:19 +0800] "GET /online/global/js/popImage/css/popImage.css HTTP/1.1" 200 266 "http://www.papaonline.com.cn/online/index.jsp?lang=zh_CN" "Mozilla/5.0 (compatible; MSIE 10.0; Windows NT 6.1; WOW64; Trident/6.0; JuziBrowser)"
61.170.130.208 - - [22/Nov/2015:11:02:19 +0800] "GET /online/ppjonline/images/footerLineBg.png HTTP/1.1" 200 138 "http://www.papaonline.com.cn/online/index.jsp?lang=zh_CN" "Mozilla/5.0 (compatible; MSIE 10.0; Windows NT 6.1; WOW64; Trident/6.0; JuziBrowser)"
49.70.160.35 - - [22/Nov/2015:11:02:19 +0800] "POST /online/api/mc/cart/save.json HTTP/1.1" 200 444 "http://www.papaonline.com.cn/online/index.jsp?lang=zh_CN" "Mozilla/5.0 (Windows NT 6.1) AppleWebKit/537.36 (KHTML, like Gecko) Chrome/39.0.2171.99 Safari/537.36 2345Explorer/6.3.0.9645"
49.70.160.35 - - [22/Nov/2015:11:02:19 +0800] "GET /online/ppjonline/images/ad/20150628/7.png?v=201401020 HTTP/1.1" 200 256988 "http://www.papaonline.com.cn/online/index.jsp?lang=zh_CN" "Mozilla/5.0 (Windows NT 6.1) AppleWebKit/537.36 (KHTML, like Gecko) Chrome/39.0.2171.99 Safari/537.36 2345Explorer/6.3.0.9645"
61.170.130.208 - - [22/Nov/2015:11:02:19 +0800] "GET /online/ppjonline/images/ad/20151111/2.png?v=201401020 HTTP/1.1" 200 217713 "http://www.papaonline.com.cn/online/index.jsp?lang=zh_CN" "Mozilla/5.0 (compatible; MSIE 10.0; Windows NT 6.1; WOW64; Trident/6.0; JuziBrowser)"
61.170.130.208 - - [22/Nov/2015:11:02:19 +0800] "GET /online/ppjonline/images/ad/20151111/6.png?v=201401020 HTTP/1.1" 200 190815 "http://www.papaonline.com.cn/online/index.jsp?lang=zh_CN" "Mozilla/5.0 (compatible; MSIE 10.0; Windows NT 6.1; WOW64; Trident/6.0; JuziBrowser)"
49.70.160.35 - - [22/Nov/2015:11:02:19 +0800] "GET /online/api/mc/cart/all.json?salesChannelEnumId=109&language=zh_CN&eatingStyleEnumId=702&_=1448161315460 HTTP/1.1" 200 444 "http://www.papaonline.com.cn/online/index.jsp?lang=zh_CN" "Mozilla/5.0 (Windows NT 6.1) AppleWebKit/537.36 (KHTML, like Gecko) Chrome/39.0.2171.99 Safari/537.36 2345Explorer/6.3.0.9645"
112.64.171.98 - - [22/Nov/2015:11:02:19 +0800] "POST /ccbs/ccbs/order/showExceptionOrder.do?method=queryExceptionOrderCount HTTP/1.1" 200 166 "http://www.papaonline.com.cn/ccbs/ccbs/order/showBigOrder.do?method=showSupervisorOrderJsp&queryDates=7&userId=419150" "Mozilla/4.0 (compatible; MSIE 7.0; Windows NT 5.1; Trident/4.0; InfoPath.2; .NET CLR 2.0.50727)"
61.170.130.208 - - [22/Nov/2015:11:02:19 +0800] "GET /online/ppjonline/images/ad/20150628/7.png?v=201401020 HTTP/1.1" 200 256987 "http://www.papaonline.com.cn/online/index.jsp?lang=zh_CN" "Mozilla/5.0 (compatible; MSIE 10.0; Windows NT 6.1; WOW64; Trident/6.0; JuziBrowser)"
61.170.130.208 - - [22/Nov/2015:11:02:19 +0800] "GET /online/ppjonline/images/ad/20151111/3.png?v=201401020 HTTP/1.1" 200 297337 "http://www.papaonline.com.cn/online/index.jsp?lang=zh_CN" "Mozilla/5.0 (compatible; MSIE 10.0; Windows NT 6.1; WOW64; Trident/6.0; JuziBrowser)"
49.70.160.35 - - [22/Nov/2015:11:02:19 +0800] "POST /online/api/mc/cart/save.json HTTP/1.1" 200 444 "http://www.papaonline.com.cn/online/index.jsp?lang=zh_CN" "Mozilla/5.0 (Windows NT 6.1) AppleWebKit/537.36 (KHTML, like Gecko) Chrome/39.0.2171.99 Safari/537.36 2345Explorer/6.3.0.9645"
112.64.171.98 - - [22/Nov/2015:11:02:19 +0800] "POST /ccbs/ccbs/order/showExceptionOrder.do?method=queryExceptionOrderCount HTTP/1.1" 200 166 "http://www.papaonline.com.cn/ccbs/ccbs/order/showBigOrder.do?method=showSupervisorOrderJsp&queryDates=7&userId=419150" "Mozilla/4.0 (compatible; MSIE 7.0; Windows NT 5.1; Trident/4.0; InfoPath.2; .NET CLR 2.0.50727)"
49.70.160.35 - - [22/Nov/2015:11:02:19 +0800] "GET /online/ppjonline/steak/images/shendan.png HTTP/1.1" 200 80172 "http://www.papaonline.com.cn/online/index.jsp?lang=zh_CN" "Mozilla/5.0 (Windows NT 6.1) AppleWebKit/537.36 (KHTML, like Gecko) Chrome/39.0.2171.99 Safari/537.36 2345Explorer/6.3.0.9645"
61.170.130.208 - - [22/Nov/2015:11:02:19 +0800] "GET /online/ppjonline/images/homeBtnNumbers.png?v=1.8 HTTP/1.1" 200 4987 "http://www.papaonline.com.cn/online/index.jsp?lang=zh_CN" "Mozilla/5.0 (compatible; MSIE 10.0; Windows NT 6.1; WOW64; Trident/6.0; JuziBrowser)"
61.170.130.208 - - [22/Nov/2015:11:02:19 +0800] "GET /online/ppjonline/images/ad/20151111/5.png?v=201401020 HTTP/1.1" 200 296119 "http://www.papaonline.com.cn/online/index.jsp?lang=zh_CN" "Mozilla/5.0 (compatible; MSIE 10.0; Windows NT 6.1; WOW64; Trident/6.0; JuziBrowser)"
61.170.130.208 - - [22/Nov/2015:11:02:19 +0800] "GET /online/ppjonline/images/ad/20151111/4.png?v=201401020 HTTP/1.1" 200 338852 "http://www.papaonline.com.cn/online/index.jsp?lang=zh_CN" "Mozilla/5.0 (compatible; MSIE 10.0; Windows NT 6.1; WOW64; Trident/6.0; JuziBrowser)"
218.82.153.76 - - [22/Nov/2015:11:02:19 +0800] "GET /online/api/mc/product/list/1.json?productCategoryId=84&productStoreId=9919&estimatedDeliveryDate=20151122&eatingStyleEnumId=702&salesChannelEnumId=110&language=zh_CN HTTP/1.1" 200 737 "http://m.papaonline.com.cn/mobile/theme/ppj/product/productCategoryIndex.html" "Mozilla/5.0 (iPhone; CPU iPhone OS 9_0_2 like Mac OS X) AppleWebKit/601.1.46 (KHTML, like Gecko) Version/9.0 Mobile/13A452 Safari/601.1"
218.82.153.76 - - [22/Nov/2015:11:02:19 +0800] "GET /online/ppjonline/images/product/product_90968.png HTTP/1.1" 200 28518 "http://m.papaonline.com.cn/mobile/theme/ppj/product/productCategoryIndex.html" "Mozilla/5.0 (iPhone; CPU iPhone OS 9_0_2 like Mac OS X) AppleWebKit/601.1.46 (KHTML, like Gecko) Version/9.0 Mobile/13A452 Safari/601.1"
49.70.160.35 - - [22/Nov/2015:11:02:19 +0800] "GET /online/ppjonline/images/favicon.ico HTTP/1.1" 200 2550 "-" "Mozilla/5.0 (Windows NT 6.1) AppleWebKit/537.36 (KHTML, like Gecko) Chrome/39.0.2171.99 Safari/537.36 2345Explorer/6.3.0.9645"
61.170.130.208 - - [22/Nov/2015:11:02:19 +0800] "GET /online/api/mc/cart/all.json?salesChannelEnumId=109&language=zh_CN&eatingStyleEnumId=702&_=1448161463939 HTTP/1.1" 200 445 "http://www.papaonline.com.cn/online/index.jsp?lang=zh_CN" "Mozilla/5.0 (compatible; MSIE 10.0; Windows NT 6.1; WOW64; Trident/6.0; JuziBrowser)"
112.64.171.98 - - [22/Nov/2015:11:02:19 +0800] "POST /ccbs/ccbs/order/showExceptionOrder.do?method=queryExceptionOrderCount HTTP/1.1" 200 166 "http://www.papaonline.com.cn/ccbs/ccbs/order/showBigOrder.do?method=showSupervisorOrderJsp&queryDates=7&userId=419150" "Mozilla/4.0 (compatible; MSIE 7.0; Windows NT 5.1; Trident/4.0; InfoPath.2; .NET CLR 2.0.50727)"
210.32.92.192 - - [22/Nov/2015:11:02:19 +0800] "GET /mobile/theme/ppj/account/myPizzaMaster.html HTTP/1.1" 200 1611 "http://m.papaonline.com.cn/mobile/theme/ppj/home/index.html" "Mozilla/5.0 (iPhone; CPU iPhone OS 9_1 like Mac OS X) AppleWebKit/601.1.46 (KHTML, like Gecko) Mobile/13B143 MicroMessenger/6.3.6 NetType/WIFI Language/en"
61.170.130.208 - - [22/Nov/2015:11:02:19 +0800] "POST /online/api/mc/cart/save.json HTTP/1.1" 200 444 "http://www.papaonline.com.cn/online/index.jsp?lang=zh_CN" "Mozilla/5.0 (compatible; MSIE 10.0; Windows NT 6.1; WOW64; Trident/6.0; JuziBrowser)"
61.170.130.208 - - [22/Nov/2015:11:02:19 +0800] "GET /online/ppjonline/steak/images/shendan.png HTTP/1.1" 200 80179 "http://www.papaonline.com.cn/online/index.jsp?lang=zh_CN" "Mozilla/5.0 (compatible; MSIE 10.0; Windows NT 6.1; WOW64; Trident/6.0; JuziBrowser)"
61.170.130.208 - - [22/Nov/2015:11:02:19 +0800] "GET /online/api/mc/cart/all.json?salesChannelEnumId=109&language=zh_CN&eatingStyleEnumId=702&_=1448161464059 HTTP/1.1" 200 444 "http://www.papaonline.com.cn/online/index.jsp?lang=zh_CN" "Mozilla/5.0 (compatible; MSIE 10.0; Windows NT 6.1; WOW64; Trident/6.0; JuziBrowser)"
114.86.203.2 - - [22/Nov/2015:11:02:19 +0800] "GET /online/ppjonline/images/login_bg.png HTTP/1.1" 200 3897 "http://www.papaonline.com.cn/online/ppjonline/css/basic.css" "Mozilla/5.0 (Windows NT 6.1) AppleWebKit/537.36 (KHTML, like Gecko) Chrome/39.0.2171.99 Safari/537.36"
210.32.92.192 - - [22/Nov/2015:11:02:19 +0800] "GET /mobile/theme/ppj/account/css/myPizzaMaster.css HTTP/1.1" 200 171 "http://m.papaonline.com.cn/mobile/theme/ppj/account/myPizzaMaster.html" "Mozilla/5.0 (iPhone; CPU iPhone OS 9_1 like Mac OS X) AppleWebKit/601.1.46 (KHTML, like Gecko) Mobile/13B143 MicroMessenger/6.3.6 NetType/WIFI Language/en"
116.25.32.13 - - [22/Nov/2015:11:02:19 +0800] "GET /mobile/theme/ppj/member/register.html HTTP/1.1" 200 717 "http://m.papaonline.com.cn/mobile/theme/ppj/product/productCategoryIndex.html?productCategoryId=49" "Mozilla/5.0 (iPad; CPU OS 7_0 like Mac OS X) AppleWebKit/537.51.1 (KHTML, like Gecko) Version/7.0 Mobile/11A465 Safari/9537.53"
61.170.130.208 - - [22/Nov/2015:11:02:19 +0800] "POST /online/api/mc/cart/save.json HTTP/1.1" 200 444 "http://www.papaonline.com.cn/online/index.jsp?lang=zh_CN" "Mozilla/5.0 (compatible; MSIE 10.0; Windows NT 6.1; WOW64; Trident/6.0; JuziBrowser)"
61.170.130.208 - - [22/Nov/2015:11:02:19 +0800] "GET /online/ppjonline/images/favicon.ico HTTP/1.1" 200 2550 "-" "Mozilla/5.0 (compatible; MSIE 10.0; Windows NT 6.1; WOW64; Trident/6.0; JuziBrowser)"
210.32.92.192 - - [22/Nov/2015:11:02:19 +0800] "GET /mobile/theme/ppj/common/images/arrow_back.png HTTP/1.1" 200 3076 "http://m.papaonline.com.cn/mobile/theme/ppj/account/myPizzaMaster.html" "Mozilla/5.0 (iPhone; CPU iPhone OS 9_1 like Mac OS X) AppleWebKit/601.1.46 (KHTML, like Gecko) Mobile/13B143 MicroMessenger/6.3.6 NetType/WIFI Language/en"
210.32.92.192 - - [22/Nov/2015:11:02:19 +0800] "GET /mobile/theme/ppj/account/js/PPJMyPizzaMasterView.js HTTP/1.1" 200 9582 "http://m.papaonline.com.cn/mobile/theme/ppj/account/myPizzaMaster.html" "Mozilla/5.0 (iPhone; CPU iPhone OS 9_1 like Mac OS X) AppleWebKit/601.1.46 (KHTML, like Gecko) Mobile/13B143 MicroMessenger/6.3.6 NetType/WIFI Language/en"
218.79.64.76 - - [22/Nov/2015:11:02:19 +0800] "POST /online/api/mc/cart/new/modify.json HTTP/1.1" 200 28263 "http://m.papaonline.com.cn/mobile/theme/ppj/cart/cart.html" "Mozilla/5.0 (iPhone; CPU iPhone OS 9_1 like Mac OS X; zh-CN) AppleWebKit/537.51.1 (KHTML, like Gecko) Mobile/13B143 UCBrowser/10.7.11.672 Mobile"
218.79.64.76 - - [22/Nov/2015:11:02:19 +0800] "POST /online/api/mc/cart/new/getCart.json HTTP/1.1" 200 28263 "http://m.papaonline.com.cn/mobile/theme/ppj/cart/cart.html" "Mozilla/5.0 (iPhone; CPU iPhone OS 9_1 like Mac OS X; zh-CN) AppleWebKit/537.51.1 (KHTML, like Gecko) Mobile/13B143 UCBrowser/10.7.11.672 Mobile"
210.32.92.192 - - [22/Nov/2015:11:02:19 +0800] "GET /mobile/theme/ppj/account/tpl/myPasswordTpl.html HTTP/1.1" 200 725 "http://m.papaonline.com.cn/mobile/theme/ppj/account/myPizzaMaster.html" "Mozilla/5.0 (iPhone; CPU iPhone OS 9_1 like Mac OS X) AppleWebKit/601.1.46 (KHTML, like Gecko) Mobile/13B143 MicroMessenger/6.3.6 NetType/WIFI Language/en"
210.32.92.192 - - [22/Nov/2015:11:02:19 +0800] "GET /mobile/theme/ppj/account/tpl/myCouponsTpl.html HTTP/1.1" 200 939 "http://m.papaonline.com.cn/mobile/theme/ppj/account/myPizzaMaster.html" "Mozilla/5.0 (iPhone; CPU iPhone OS 9_1 like Mac OS X) AppleWebKit/601.1.46 (KHTML, like Gecko) Mobile/13B143 MicroMessenger/6.3.6 NetType/WIFI Language/en"
210.32.92.192 - - [22/Nov/2015:11:02:20 +0800] "GET /mobile/theme/ppj/account/tpl/footerTpl.html HTTP/1.1" 200 579 "http://m.papaonline.com.cn/mobile/theme/ppj/account/myPizzaMaster.html" "Mozilla/5.0 (iPhone; CPU iPhone OS 9_1 like Mac OS X) AppleWebKit/601.1.46 (KHTML, like Gecko) Mobile/13B143 MicroMessenger/6.3.6 NetType/WIFI Language/en"
107.182.230.39 - - [22/Nov/2015:11:02:20 +0800] "GET /mobile/theme/ppj/account/tpl/footerTpl.html HTTP/1.1" 200 579 "http://m.papaonline.com.cn/mobile/theme/ppj/product/productCategoryIndex.html?preview=preview" "Mozilla/5.0 (iPad; CPU OS 9_1 like Mac OS X) AppleWebKit/601.1.46 (KHTML, like Gecko) Version/9.0 Mobile/13B143 Safari/601.1"
107.182.230.39 - - [22/Nov/2015:11:02:20 +0800] "GET /mobile/static/member/src/MemberCrmView.js HTTP/1.1" 200 8667 "http://m.papaonline.com.cn/mobile/theme/ppj/product/productCategoryIndex.html?preview=preview" "Mozilla/5.0 (iPad; CPU OS 9_1 like Mac OS X) AppleWebKit/601.1.46 (KHTML, like Gecko) Version/9.0 Mobile/13B143 Safari/601.1"
218.79.64.76 - - [22/Nov/2015:11:02:20 +0800] "GET /online/mc/crm/integration/points/pointBalance.json HTTP/1.1" 200 73 "http://m.papaonline.com.cn/mobile/theme/ppj/cart/cart.html" "Mozilla/5.0 (iPhone; CPU iPhone OS 9_1 like Mac OS X; zh-CN) AppleWebKit/537.51.1 (KHTML, like Gecko) Mobile/13B143 UCBrowser/10.7.11.672 Mobile"
116.25.32.13 - - [22/Nov/2015:11:02:20 +0800] "GET /mobile/theme/ppj/member/js/PPJRegisterView.js HTTP/1.1" 200 5004 "http://m.papaonline.com.cn/mobile/theme/ppj/member/register.html" "Mozilla/5.0 (iPad; CPU OS 7_0 like Mac OS X) AppleWebKit/537.51.1 (KHTML, like Gecko) Version/7.0 Mobile/11A465 Safari/9537.53"
210.32.92.192 - - [22/Nov/2015:11:02:20 +0800] "GET /mobile/theme/ppj/common/images/home_icon.png HTTP/1.1" 200 3109 "http://m.papaonline.com.cn/mobile/theme/ppj/account/myPizzaMaster.html" "Mozilla/5.0 (iPhone; CPU iPhone OS 9_1 like Mac OS X) AppleWebKit/601.1.46 (KHTML, like Gecko) Mobile/13B143 MicroMessenger/6.3.6 NetType/WIFI Language/en"
210.32.92.192 - - [22/Nov/2015:11:02:20 +0800] "GET /mobile/theme/ppj/common/images/menu_icon.png HTTP/1.1" 200 3195 "http://m.papaonline.com.cn/mobile/theme/ppj/account/myPizzaMaster.html" "Mozilla/5.0 (iPhone; CPU iPhone OS 9_1 like Mac OS X) AppleWebKit/601.1.46 (KHTML, like Gecko) Mobile/13B143 MicroMessenger/6.3.6 NetType/WIFI Language/en"
210.32.92.192 - - [22/Nov/2015:11:02:20 +0800] "GET /mobile/theme/ppj/common/images/coupon_icon.png HTTP/1.1" 200 3147 "http://m.papaonline.com.cn/mobile/theme/ppj/account/myPizzaMaster.html" "Mozilla/5.0 (iPhone; CPU iPhone OS 9_1 like Mac OS X) AppleWebKit/601.1.46 (KHTML, like Gecko) Mobile/13B143 MicroMessenger/6.3.6 NetType/WIFI Language/en"
101.226.61.184 - - [22/Nov/2015:11:02:00 +0800] "GET /mobile/theme/ppj/common/js/baiduAnalytics.js HTTP/1.1" 200 526 "http://m.papaonline.com.cn/mobile/theme/ppj/home/index.html" "Mozilla/5.0 (Linux; U; Android 5.1.1; zh-cn; HUAWEI CRR-UL00 Build/HUAWEICRR-UL00) AppleWebKit/533.1 (KHTML, like Gecko)Version/4.0 MQQBrowser/5.4 TBS/025478 Mobile Safari/533.1 MicroMessenger/6.3.7.51_rbb7fa12.660 NetType/3gnet Language/zh_CN"
27.154.190.158 - - [22/Nov/2015:11:02:00 +0800] "GET /mobile/theme/ppj/product/images/arrow.png HTTP/1.1" 200 3084 "http://m.papaonline.com.cn/mobile/theme/ppj/product/productCategoryIndex.html" "Mozilla/5.0 (iPad; CPU OS 9_1 like Mac OS X) AppleWebKit/601.1.46 (KHTML, like Gecko) Version/9.0 Mobile/13B143 Safari/601.1"
101.226.61.184 - - [22/Nov/2015:11:02:00 +0800] "GET /mobile/static/common/src/publicMethod.js HTTP/1.1" 200 7391 "http://m.papaonline.com.cn/mobile/theme/ppj/home/index.html" "Mozilla/5.0 (Linux; U; Android 5.1.1; zh-cn; HUAWEI CRR-UL00 Build/HUAWEICRR-UL00) AppleWebKit/533.1 (KHTML, like Gecko)Version/4.0 MQQBrowser/5.4 TBS/025478 Mobile Safari/533.1 MicroMessenger/6.3.7.51_rbb7fa12.660 NetType/3gnet Language/zh_CN"
114.94.29.165 - - [22/Nov/2015:11:02:00 +0800] "GET /online/mc/crm/integration/customer/customerInfo.json?userId=190754 HTTP/1.1" 200 491 "http://m.papaonline.com.cn/mobile/theme/ppj/order/orderConfirm.html" "Mozilla/5.0 (Linux; Android 4.4.4; zh-cn; SAMSUNG SM-N9100 Build/KTU84P) AppleWebKit/537.36 (KHTML, like Gecko) Version/2.0 Chrome/34.0.1847.76 Mobile Safari/537.36"
101.226.61.184 - - [22/Nov/2015:11:02:00 +0800] "GET /mobile/static/account/src/AccountView.js HTTP/1.1" 200 11512 "http://m.papaonline.com.cn/mobile/theme/ppj/home/index.html" "Mozilla/5.0 (Linux; U; Android 5.1.1; zh-cn; HUAWEI CRR-UL00 Build/HUAWEICRR-UL00) AppleWebKit/533.1 (KHTML, like Gecko)Version/4.0 MQQBrowser/5.4 TBS/025478 Mobile Safari/533.1 MicroMessenger/6.3.7.51_rbb7fa12.660 NetType/3gnet Language/zh_CN"
218.79.64.76 - - [22/Nov/2015:11:02:00 +0800] "GET /mobile/theme/ppj/cart/js/PPJCartView.js HTTP/1.1" 200 35278 "http://m.papaonline.com.cn/mobile/theme/ppj/cart/cart.html" "Mozilla/5.0 (iPhone; CPU iPhone OS 9_1 like Mac OS X; zh-CN) AppleWebKit/537.51.1 (KHTML, like Gecko) Mobile/13B143 UCBrowser/10.7.11.672 Mobile"
