101.226.61.184 - - [22/Nov/2015:11:02:00 +0800] "GET /mobile/static/common/src/AlertMessage-1.0.js HTTP/1.1" 200 9490 "http://m.papaonline.com.cn/mobile/theme/ppj/home/index.html" "Mozilla/5.0 (Linux; U; Android 5.1.1; zh-cn; HUAWEI CRR-UL00 Build/HUAWEICRR-UL00) AppleWebKit/533.1 (KHTML, like Gecko)Version/4.0 MQQBrowser/5.4 TBS/025478 Mobile Safari/533.1 MicroMessenger/6.3.7.51_rbb7fa12.660 NetType/3gnet Language/zh_CN"
218.79.64.76 - - [22/Nov/2015:11:02:00 +0800] "GET /mobile/theme/ppj/common/images/arrow-down2.png HTTP/1.1" 200 1160 "http://m.papaonline.com.cn/mobile/theme/ppj/cart/cart.html" "Mozilla/5.0 (iPhone; CPU iPhone OS 9_1 like Mac OS X; zh-CN) AppleWebKit/537.51.1 (KHTML, like Gecko) Mobile/13B143 UCBrowser/10.7.11.672 Mobile"
27.154.190.158 - - [22/Nov/2015:11:02:00 +0800] "GET /online/ppjonline/images/product/product_90968.png HTTP/1.1" 200 28518 "http://m.papaonline.com.cn/mobile/theme/ppj/product/productCategoryIndex.html" "Mozilla/5.0 (iPad; CPU OS 9_1 like Mac OS X) AppleWebKit/601.1.46 (KHTML, like Gecko) Version/9.0 Mobile/13B143 Safari/601.1"
27.154.190.158 - - [22/Nov/2015:11:02:00 +0800] "GET /online/ppjonline/images/product/product_90957.png HTTP/1.1" 200 34391 "http://m.papaonline.com.cn/mobile/theme/ppj/product/productCategoryIndex.html" "Mozilla/5.0 (iPad; CPU OS 9_1 like Mac OS X) AppleWebKit/601.1.46 (KHTML, like Gecko) Version/9.0 Mobile/13B143 Safari/601.1"
27.154.190.158 - - [22/Nov/2015:11:02:00 +0800] "GET /online/ppjonline/images/product/product_90958.png HTTP/1.1" 200 23914 "http://m.papaonline.com.cn/mobile/theme/ppj/product/productCategoryIndex.html" "Mozilla/5.0 (iPad; CPU OS 9_1 like Mac OS X) AppleWebKit/601.1.46 (KHTML, like Gecko) Version/9.0 Mobile/13B143 Safari/601.1"
27.154.190.158 - - [22/Nov/2015:11:02:00 +0800] "GET /online/ppjonline/images/product_category/product_category_1147.jpg HTTP/1.1" 200 11835 "http://m.papaonline.com.cn/mobile/theme/ppj/product/productCategoryIndex.html" "Mozilla/5.0 (iPad; CPU OS 9_1 like Mac OS X) AppleWebKit/601.1.46 (KHTML, like Gecko) Version/9.0 Mobile/13B143 Safari/601.1"
27.154.190.158 - - [22/Nov/2015:11:02:00 +0800] "GET /online/ppjonline/images/product_category/product_category_1145.jpg HTTP/1.1" 200 11071 "http://m.papaonline.com.cn/mobile/theme/ppj/product/productCategoryIndex.html" "Mozilla/5.0 (iPad; CPU OS 9_1 like Mac OS X) AppleWebKit/601.1.46 (KHTML, like Gecko) Version/9.0 Mobile/13B143 Safari/601.1"
27.154.190.158 - - [22/Nov/2015:11:02:00 +0800] "GET /online/ppjonline/images/product_category/product_category_1148.jpg HTTP/1.1" 200 10702 "http://m.papaonline.com.cn/mobile/theme/ppj/product/productCategoryIndex.html" "Mozilla/5.0 (iPad; CPU OS 9_1 like Mac OS X) AppleWebKit/601.1.46 (KHTML, like Gecko) Version/9.0 Mobile/13B143 Safari/601.1"
27.154.190.158 - - [22/Nov/2015:11:02:00 +0800] "GET /mobile/theme/ppj/product/images/new.png HTTP/1.1" 200 3084 "http://m.papaonline.com.cn/mobile/theme/ppj/product/productCategoryIndex.html" "Mozilla/5.0 (iPad; CPU OS 9_1 like Mac OS X) AppleWebKit/601.1.46 (KHTML, like Gecko) Version/9.0 Mobile/13B143 Safari/601.1"
101.226.61.184 - - [22/Nov/2015:11:02:00 +0800] "GET /mobile/static/localstorage/src/McCookieBiz.js HTTP/1.1" 200 9183 "http://m.papaonline.com.cn/mobile/theme/ppj/home/index.html" "Mozilla/5.0 (Linux; U; Android 5.1.1; zh-cn; HUAWEI CRR-UL00 Build/HUAWEICRR-UL00) AppleWebKit/533.1 (KHTML, like Gecko)Version/4.0 MQQBrowser/5.4 TBS/025478 Mobile Safari/533.1 MicroMessenger/6.3.7.51_rbb7fa12.660 NetType/3gnet Language/zh_CN"
114.94.29.165 - - [22/Nov/2015:11:02:00 +0800] "GET /online/mc/crm/integration/customer/customerCouponList.json?userId=190754&language=%E4%B8%AD%E6%96%87&estimatedDeliveryDate=20151122&eatingStyleEnumId=702&salesChannelEnumId=110 HTTP/1.1" 200 52 "http://m.papaonline.com.cn/mobile/theme/ppj/order/orderConfirm.html" "Mozilla/5.0 (Linux; Android 4.4.4; zh-cn; SAMSUNG SM-N9100 Build/KTU84P) AppleWebKit/537.36 (KHTML, like Gecko) Version/2.0 Chrome/34.0.1847.76 Mobile Safari/537.36"
114.94.29.165 - - [22/Nov/2015:11:02:00 +0800] "GET /online/api/mc/ds/detail2.json?deliveryAddressId=13236175&eatingStyleEnumId=702&grossAmount=259 HTTP/1.1" 200 1043 "http://m.papaonline.com.cn/mobile/theme/ppj/order/orderConfirm.html" "Mozilla/5.0 (Linux; Android 4.4.4; zh-cn; SAMSUNG SM-N9100 Build/KTU84P) AppleWebKit/537.36 (KHTML, like Gecko) Version/2.0 Chrome/34.0.1847.76 Mobile Safari/537.36"
218.79.64.76 - - [22/Nov/2015:11:02:00 +0800] "GET /mobile/theme/ppj/member/tpl/myCouponsForCartTpl.html HTTP/1.1" 200 511 "http://m.papaonline.com.cn/mobile/theme/ppj/cart/cart.html" "Mozilla/5.0 (iPhone; CPU iPhone OS 9_1 like Mac OS X; zh-CN) AppleWebKit/537.51.1 (KHTML, like Gecko) Mobile/13B143 UCBrowser/10.7.11.672 Mobile"
218.79.64.76 - - [22/Nov/2015:11:02:00 +0800] "GET /mobile/theme/ppj/cart/tpl/tipsTpl.html HTTP/1.1" 200 81 "http://m.papaonline.com.cn/mobile/theme/ppj/cart/cart.html" "Mozilla/5.0 (iPhone; CPU iPhone OS 9_1 like Mac OS X; zh-CN) AppleWebKit/537.51.1 (KHTML, like Gecko) Mobile/13B143 UCBrowser/10.7.11.672 Mobile"
218.79.64.76 - - [22/Nov/2015:11:02:00 +0800] "GET /mobile/theme/ppj/cart/tpl/cartTpl.html HTTP/1.1" 200 3076 "http://m.papaonline.com.cn/mobile/theme/ppj/cart/cart.html" "Mozilla/5.0 (iPhone; CPU iPhone OS 9_1 like Mac OS X; zh-CN) AppleWebKit/537.51.1 (KHTML, like Gecko) Mobile/13B143 UCBrowser/10.7.11.672 Mobile"
27.154.190.158 - - [22/Nov/2015:11:02:00 +0800] "GET /online/ppjonline/images/product_category/product_category_1146.jpg HTTP/1.1" 200 11814 "http://m.papaonline.com.cn/mobile/theme/ppj/product/productCategoryIndex.html" "Mozilla/5.0 (iPad; CPU OS 9_1 like Mac OS X) AppleWebKit/601.1.46 (KHTML, like Gecko) Version/9.0 Mobile/13B143 Safari/601.1"
27.154.190.158 - - [22/Nov/2015:11:02:00 +0800] "GET /online/ppjonline/images/product/product_90763.jpg HTTP/1.1" 200 8446 "http://m.papaonline.com.cn/mobile/theme/ppj/product/productCategoryIndex.html" "Mozilla/5.0 (iPad; CPU OS 9_1 like Mac OS X) AppleWebKit/601.1.46 (KHTML, like Gecko) Version/9.0 Mobile/13B143 Safari/601.1"
27.154.190.158 - - [22/Nov/2015:11:02:00 +0800] "GET /online/ppjonline/images/product/product_90764.jpg HTTP/1.1" 200 7104 "http://m.papaonline.com.cn/mobile/theme/ppj/product/productCategoryIndex.html" "Mozilla/5.0 (iPad; CPU OS 9_1 like Mac OS X) AppleWebKit/601.1.46 (KHTML, like Gecko) Version/9.0 Mobile/13B143 Safari/601.1"
218.79.64.76 - - [22/Nov/2015:11:02:00 +0800] "GET /mobile/theme/ppj/cart/tpl/guessYouLikeTpl.html HTTP/1.1" 200 618 "http://m.papaonline.com.cn/mobile/theme/ppj/cart/cart.html" "Mozilla/5.0 (iPhone; CPU iPhone OS 9_1 like Mac OS X; zh-CN) AppleWebKit/537.51.1 (KHTML, like Gecko) Mobile/13B143 UCBrowser/10.7.11.672 Mobile"
218.79.64.76 - - [22/Nov/2015:11:02:00 +0800] "GET /mobile/theme/ppj/cart/tpl/productPromoListTpl.html HTTP/1.1" 200 703 "http://m.papaonline.com.cn/mobile/theme/ppj/cart/cart.html" "Mozilla/5.0 (iPhone; CPU iPhone OS 9_1 like Mac OS X; zh-CN) AppleWebKit/537.51.1 (KHTML, like Gecko) Mobile/13B143 UCBrowser/10.7.11.672 Mobile"
218.79.64.76 - - [22/Nov/2015:11:02:00 +0800] "GET /mobile/theme/ppj/cart/tpl/productPromoAdditionListTpl.html HTTP/1.1" 200 1011 "http://m.papaonline.com.cn/mobile/theme/ppj/cart/cart.html" "Mozilla/5.0 (iPhone; CPU iPhone OS 9_1 like Mac OS X; zh-CN) AppleWebKit/537.51.1 (KHTML, like Gecko) Mobile/13B143 UCBrowser/10.7.11.672 Mobile"
218.79.64.76 - - [22/Nov/2015:11:02:00 +0800] "GET /mobile/theme/ppj/cart/tpl/productPromoAdditionListTplCheckbox.html HTTP/1.1" 200 636 "http://m.papaonline.com.cn/mobile/theme/ppj/cart/cart.html" "Mozilla/5.0 (iPhone; CPU iPhone OS 9_1 like Mac OS X; zh-CN) AppleWebKit/537.51.1 (KHTML, like Gecko) Mobile/13B143 UCBrowser/10.7.11.672 Mobile"
218.79.64.76 - - [22/Nov/2015:11:02:00 +0800] "GET /mobile/theme/ppj/cart/tpl/productPromoAdditionListMealTpl.html HTTP/1.1" 200 897 "http://m.papaonline.com.cn/mobile/theme/ppj/cart/cart.html" "Mozilla/5.0 (iPhone; CPU iPhone OS 9_1 like Mac OS X; zh-CN) AppleWebKit/537.51.1 (KHTML, like Gecko) Mobile/13B143 UCBrowser/10.7.11.672 Mobile"
218.79.64.76 - - [22/Nov/2015:11:02:00 +0800] "GET /mobile/static/member/src/MemberView.js HTTP/1.1" 200 12387 "http://m.papaonline.com.cn/mobile/theme/ppj/cart/cart.html" "Mozilla/5.0 (iPhone; CPU iPhone OS 9_1 like Mac OS X; zh-CN) AppleWebKit/537.51.1 (KHTML, like Gecko) Mobile/13B143 UCBrowser/10.7.11.672 Mobile"
218.79.64.76 - - [22/Nov/2015:11:02:00 +0800] "GET /mobile/static/promo/src/PromoView.js HTTP/1.1" 200 10452 "http://m.papaonline.com.cn/mobile/theme/ppj/cart/cart.html" "Mozilla/5.0 (iPhone; CPU iPhone OS 9_1 like Mac OS X; zh-CN) AppleWebKit/537.51.1 (KHTML, like Gecko) Mobile/13B143 UCBrowser/10.7.11.672 Mobile"
218.79.64.76 - - [22/Nov/2015:11:02:00 +0800] "GET /mobile/theme/ppj/cart/js/dialog/dialog.js HTTP/1.1" 200 12427 "http://m.papaonline.com.cn/mobile/theme/ppj/cart/cart.html" "Mozilla/5.0 (iPhone; CPU iPhone OS 9_1 like Mac OS X; zh-CN) AppleWebKit/537.51.1 (KHTML, like Gecko) Mobile/13B143 UCBrowser/10.7.11.672 Mobile"
218.79.64.76 - - [22/Nov/2015:11:02:00 +0800] "GET /mobile/theme/ppj/cart/js/dialog/zepto.js HTTP/1.1" 200 64519 "http://m.papaonline.com.cn/mobile/theme/ppj/cart/cart.html" "Mozilla/5.0 (iPhone; CPU iPhone OS 9_1 like Mac OS X; zh-CN) AppleWebKit/537.51.1 (KHTML, like Gecko) Mobile/13B143 UCBrowser/10.7.11.672 Mobile"
218.79.64.76 - - [22/Nov/2015:11:02:00 +0800] "GET /mobile/theme/ppj/cart/js/dialog/zepto.extend.js HTTP/1.1" 200 18377 "http://m.papaonline.com.cn/mobile/theme/ppj/cart/cart.html" "Mozilla/5.0 (iPhone; CPU iPhone OS 9_1 like Mac OS X; zh-CN) AppleWebKit/537.51.1 (KHTML, like Gecko) Mobile/13B143 UCBrowser/10.7.11.672 Mobile"
27.154.190.158 - - [22/Nov/2015:11:02:00 +0800] "GET /online/ppjonline/images/product/product_90765.jpg HTTP/1.1" 200 7295 "http://m.papaonline.com.cn/mobile/theme/ppj/product/productCategoryIndex.html" "Mozilla/5.0 (iPad; CPU OS 9_1 like Mac OS X) AppleWebKit/601.1.46 (KHTML, like Gecko) Version/9.0 Mobile/13B143 Safari/601.1"
101.81.13.172 - - [22/Nov/2015:11:02:00 +0800] "GET /mobile/static/product/src/ProductBiz.js HTTP/1.1" 200 4943 "http://m.papaonline.com.cn/mobile/theme/ppj/home/index.html" "Mozilla/5.0 (iPhone; CPU iPhone OS 9_1 like Mac OS X) AppleWebKit/601.1.46 (KHTML, like Gecko) Mobile/13B143"
101.81.13.172 - - [22/Nov/2015:11:02:00 +0800] "GET /mobile/theme/ppj/account/js/footerView.js HTTP/1.1" 200 4854 "http://m.papaonline.com.cn/mobile/theme/ppj/home/index.html" "Mozilla/5.0 (iPhone; CPU iPhone OS 9_1 like Mac OS X) AppleWebKit/601.1.46 (KHTML, like Gecko) Mobile/13B143"
114.94.29.165 - - [22/Nov/2015:11:02:00 +0800] "GET /online/api/mc/sys/nowTime.json HTTP/1.1" 200 66 "http://m.papaonline.com.cn/mobile/theme/ppj/order/orderConfirm.html" "Mozilla/5.0 (Linux; Android 4.4.4; zh-cn; SAMSUNG SM-N9100 Build/KTU84P) AppleWebKit/537.36 (KHTML, like Gecko) Version/2.0 Chrome/34.0.1847.76 Mobile Safari/537.36"
222.67.143.138 - - [22/Nov/2015:11:02:00 +0800] "GET /online/api/mc/ds/detail2.json?deliveryAddressId=14567401&eatingStyleEnumId=702&grossAmount=164 HTTP/1.1" 200 1270 "http://www.papaonline.com.cn/online/ppjonline/order/checkoutCustomer.jsp" "Mozilla/5.0 (Windows NT 6.1; WOW64) AppleWebKit/537.36 (KHTML, like Gecko) Chrome/44.0.2403.155 Safari/537.36"
218.79.64.76 - - [22/Nov/2015:11:02:00 +0800] "GET /mobile/theme/ppj/cart/js/dialog/zepto.ui.js HTTP/1.1" 200 14197 "http://m.papaonline.com.cn/mobile/theme/ppj/cart/cart.html" "Mozilla/5.0 (iPhone; CPU iPhone OS 9_1 like Mac OS X; zh-CN) AppleWebKit/537.51.1 (KHTML, like Gecko) Mobile/13B143 UCBrowser/10.7.11.672 Mobile"
218.79.64.76 - - [22/Nov/2015:11:02:00 +0800] "GET /mobile/theme/ppj/cart/js/dialog/zepto.highlight.js HTTP/1.1" 200 1753 "http://m.papaonline.com.cn/mobile/theme/ppj/cart/cart.html" "Mozilla/5.0 (iPhone; CPU iPhone OS 9_1 like Mac OS X; zh-CN) AppleWebKit/537.51.1 (KHTML, like Gecko) Mobile/13B143 UCBrowser/10.7.11.672 Mobile"
101.226.61.184 - - [22/Nov/2015:11:02:00 +0800] "GET /mobile/theme/ppj/home/js/index.js HTTP/1.1" 200 6444 "http://m.papaonline.com.cn/mobile/theme/ppj/home/index.html" "Mozilla/5.0 (Linux; U; Android 5.1.1; zh-cn; HUAWEI CRR-UL00 Build/HUAWEICRR-UL00) AppleWebKit/533.1 (KHTML, like Gecko)Version/4.0 MQQBrowser/5.4 TBS/025478 Mobile Safari/533.1 MicroMessenger/6.3.7.51_rbb7fa12.660 NetType/3gnet Language/zh_CN"
183.17.43.17 - - [22/Nov/2015:11:02:00 +0800] "GET /mobile/theme/ppj/home/images/papa_logo.png HTTP/1.1" 200 21908 "http://m.papaonline.com.cn/mobile/theme/ppj/home/index.html" "Mozilla/5.0 (Linux; U; Android 4.4.4; zh-cn; HTC Desire 820 dual sim Build/KTU84P) AppleWebKit/537.36 (KHTML, like Gecko)Version/4.0 MQQBrowser/6.1 Mobile Safari/537.36"
101.81.13.172 - - [22/Nov/2015:11:02:00 +0800] "GET /mobile/theme/ppj/account/tpl/footerTpl.html HTTP/1.1" 200 579 "http://m.papaonline.com.cn/mobile/theme/ppj/home/index.html" "Mozilla/5.0 (iPhone; CPU iPhone OS 9_1 like Mac OS X) AppleWebKit/601.1.46 (KHTML, like Gecko) Mobile/13B143"
101.81.13.172 - - [22/Nov/2015:11:02:00 +0800] "GET /mobile/static/member/src/MemberCrmView.js HTTP/1.1" 200 8667 "http://m.papaonline.com.cn/mobile/theme/ppj/home/index.html" "Mozilla/5.0 (iPhone; CPU iPhone OS 9_1 like Mac OS X) AppleWebKit/601.1.46 (KHTML, like Gecko) Mobile/13B143"
101.81.13.172 - - [22/Nov/2015:11:02:00 +0800] "GET /mobile/sea-modules/arale/cookie/1.0.2/cookie.js HTTP/1.1" 200 1072 "http://m.papaonline.com.cn/mobile/theme/ppj/home/index.html" "Mozilla/5.0 (iPhone; CPU iPhone OS 9_1 like Mac OS X) AppleWebKit/601.1.46 (KHTML, like Gecko) Mobile/13B143"
101.226.61.184 - - [22/Nov/2015:11:02:00 +0800] "GET /mobile/static/common/src/SysConfig.js HTTP/1.1" 200 1410 "http://m.papaonline.com.cn/mobile/theme/ppj/home/index.html" "Mozilla/5.0 (Linux; U; Android 5.1.1; zh-cn; HUAWEI CRR-UL00 Build/HUAWEICRR-UL00) AppleWebKit/533.1 (KHTML, like Gecko)Version/4.0 MQQBrowser/5.4 TBS/025478 Mobile Safari/533.1 MicroMessenger/6.3.7.51_rbb7fa12.660 NetType/3gnet Language/zh_CN"
101.226.61.184 - - [22/Nov/2015:11:02:00 +0800] "GET /mobile/sea-modules/gallery/zepto-touch/1.1.3/zepto-touch.js HTTP/1.1" 200 2876 "http://m.papaonline.com.cn/mobile/theme/ppj/home/index.html" "Mozilla/5.0 (Linux; U; Android 5.1.1; zh-cn; HUAWEI CRR-UL00 Build/HUAWEICRR-UL00) AppleWebKit/533.1 (KHTML, like Gecko)Version/4.0 MQQBrowser/5.4 TBS/025478 Mobile Safari/533.1 MicroMessenger/6.3.7.51_rbb7fa12.660 NetType/3gnet Language/zh_CN"
101.226.61.184 - - [22/Nov/2015:11:02:00 +0800] "GET /mobile/static/account/src/AccountBiz.js HTTP/1.1" 200 5693 "http://m.papaonline.com.cn/mobile/theme/ppj/home/index.html" "Mozilla/5.0 (Linux; U; Android 5.1.1; zh-cn; HUAWEI CRR-UL00 Build/HUAWEICRR-UL00) AppleWebKit/533.1 (KHTML, like Gecko)Version/4.0 MQQBrowser/5.4 TBS/025478 Mobile Safari/533.1 MicroMessenger/6.3.7.51_rbb7fa12.660 NetType/3gnet Language/zh_CN"
218.244.134.169 - - [22/Nov/2015:11:02:00 +0800] "POST /online/api/mc/dianping/order/create.json HTTP/1.1" 200 70 "-" "Jakarta Commons-HttpClient/3.1"
101.226.61.184 - - [22/Nov/2015:11:02:00 +0800] "GET /mobile/static/cart/src/CartView.js HTTP/1.1" 200 13640 "http://m.papaonline.com.cn/mobile/theme/ppj/home/index.html" "Mozilla/5.0 (Linux; U; Android 5.1.1; zh-cn; HUAWEI CRR-UL00 Build/HUAWEICRR-UL00) AppleWebKit/533.1 (KHTML, like Gecko)Version/4.0 MQQBrowser/5.4 TBS/025478 Mobile Safari/533.1 MicroMessenger/6.3.7.51_rbb7fa12.660 NetType/3gnet Language/zh_CN"
101.226.61.184 - - [22/Nov/2015:11:02:00 +0800] "GET /mobile/sea-modules/arale/cookie/1.0.2/cookie.js HTTP/1.1" 200 1072 "http://m.papaonline.com.cn/mobile/theme/ppj/home/index.html" "Mozilla/5.0 (Linux; U; Android 5.1.1; zh-cn; HUAWEI CRR-UL00 Build/HUAWEICRR-UL00) AppleWebKit/533.1 (KHTML, like Gecko)Version/4.0 MQQBrowser/5.4 TBS/025478 Mobile Safari/533.1 MicroMessenger/6.3.7.51_rbb7fa12.660 NetType/3gnet Language/zh_CN"
101.226.61.184 - - [22/Nov/2015:11:02:00 +0800] "GET /mobile/static/common/src/McAjax.js HTTP/1.1" 200 5961 "http://m.papaonline.com.cn/mobile/theme/ppj/home/index.html" "Mozilla/5.0 (Linux; U; Android 5.1.1; zh-cn; HUAWEI CRR-UL00 Build/HUAWEICRR-UL00) AppleWebKit/533.1 (KHTML, like Gecko)Version/4.0 MQQBrowser/5.4 TBS/025478 Mobile Safari/533.1 MicroMessenger/6.3.7.51_rbb7fa12.660 NetType/3gnet Language/zh_CN"
58.35.83.227 - - [22/Nov/2015:11:02:00 +0800] "GET /mobile/theme/ppj/product/productCategoryIndex.html?productCategoryId=49 HTTP/1.1" 304 0 "http://m.papaonline.com.cn/mobile/theme/ppj/home/index.html" "Mozilla/5.0 (Linux; U; Android 4.4.4; zh-cn; C6902 Build/14.4.A.0.157) AppleWebKit/534.24 (KHTML, like Gecko) Version/4.0 Mobile Safari/534.24 T5/2.0 baiduboxapp/6.6 (Baidu; P1 4.4.4)"
218.79.64.76 - - [22/Nov/2015:11:02:00 +0800] "GET /mobile/static/promo/src/PromoBiz.js HTTP/1.1" 200 5920 "http://m.papaonline.com.cn/mobile/theme/ppj/cart/cart.html" "Mozilla/5.0 (iPhone; CPU iPhone OS 9_1 like Mac OS X; zh-CN) AppleWebKit/537.51.1 (KHTML, like Gecko) Mobile/13B143 UCBrowser/10.7.11.672 Mobile"
218.79.64.76 - - [22/Nov/2015:11:02:00 +0800] "GET /mobile/static/member/src/MemberBiz.js HTTP/1.1" 200 3347 "http://m.papaonline.com.cn/mobile/theme/ppj/cart/cart.html" "Mozilla/5.0 (iPhone; CPU iPhone OS 9_1 like Mac OS X; zh-CN) AppleWebKit/537.51.1 (KHTML, like Gecko) Mobile/13B143 UCBrowser/10.7.11.672 Mobile"
101.81.13.172 - - [22/Nov/2015:11:02:00 +0800] "GET /mobile/static/member/src/MemberCrmBiz.js HTTP/1.1" 200 5379 "http://m.papaonline.com.cn/mobile/theme/ppj/home/index.html" "Mozilla/5.0 (iPhone; CPU iPhone OS 9_1 like Mac OS X) AppleWebKit/601.1.46 (KHTML, like Gecko) Mobile/13B143"
101.226.61.184 - - [22/Nov/2015:11:02:00 +0800] "GET /mobile/theme/ppj/home/tpl/changeImageTpl.html HTTP/1.1" 200 531 "http://m.papaonline.com.cn/mobile/theme/ppj/home/index.html" "Mozilla/5.0 (Linux; U; Android 5.1.1; zh-cn; HUAWEI CRR-UL00 Build/HUAWEICRR-UL00) AppleWebKit/533.1 (KHTML, like Gecko)Version/4.0 MQQBrowser/5.4 TBS/025478 Mobile Safari/533.1 MicroMessenger/6.3.7.51_rbb7fa12.660 NetType/3gnet Language/zh_CN"
101.226.61.184 - - [22/Nov/2015:11:02:00 +0800] "GET /mobile/theme/ppj/product/tpl/productCategoryTpl.html HTTP/1.1" 200 805 "http://m.papaonline.com.cn/mobile/theme/ppj/home/index.html" "Mozilla/5.0 (Linux; U; Android 5.1.1; zh-cn; HUAWEI CRR-UL00 Build/HUAWEICRR-UL00) AppleWebKit/533.1 (KHTML, like Gecko)Version/4.0 MQQBrowser/5.4 TBS/025478 Mobile Safari/533.1 MicroMessenger/6.3.7.51_rbb7fa12.660 NetType/3gnet Language/zh_CN"
101.226.61.184 - - [22/Nov/2015:11:02:00 +0800] "GET /mobile/sea-modules/imgload/jquery.lazyload.js HTTP/1.1" 200 659 "http://m.papaonline.com.cn/mobile/theme/ppj/home/index.html" "Mozilla/5.0 (Linux; U; Android 5.1.1; zh-cn; HUAWEI CRR-UL00 Build/HUAWEICRR-UL00) AppleWebKit/533.1 (KHTML, like Gecko)Version/4.0 MQQBrowser/5.4 TBS/025478 Mobile Safari/533.1 MicroMessenger/6.3.7.51_rbb7fa12.660 NetType/3gnet Language/zh_CN"
180.170.94.111 - - [22/Nov/2015:11:02:00 +0800] "POST /online/api/mc/points/changePaymentMethod.json HTTP/1.1" 200 167 "http://m.papaonline.com.cn/mobile/theme/ppj/order/orderConfirm.html" "Mozilla/5.0 (iPad; CPU OS 9_1 like Mac OS X) AppleWebKit/601.1.46 (KHTML, like Gecko) Version/9.0 Mobile/13B143 Safari/601.1"
183.17.43.17 - - [22/Nov/2015:11:02:00 +0800] "GET /mobile/theme/ppj/home/images/papa_rewards.png HTTP/1.1" 200 4362 "http://m.papaonline.com.cn/mobile/theme/ppj/home/index.html" "Mozilla/5.0 (Linux; U; Android 4.4.4; zh-cn; HTC Desire 820 dual sim Build/KTU84P) AppleWebKit/537.36 (KHTML, like Gecko)Version/4.0 MQQBrowser/6.1 Mobile Safari/537.36"
218.79.64.76 - - [22/Nov/2015:11:02:00 +0800] "POST /online/api/mc/cart/new/getCart.json HTTP/1.1" 200 28253 "http://m.papaonline.com.cn/mobile/theme/ppj/cart/cart.html" "Mozilla/5.0 (iPhone; CPU iPhone OS 9_1 like Mac OS X; zh-CN) AppleWebKit/537.51.1 (KHTML, like Gecko) Mobile/13B143 UCBrowser/10.7.11.672 Mobile"
101.226.61.184 - - [22/Nov/2015:11:02:00 +0800] "GET /mobile/static/home/src/HomeView.js HTTP/1.1" 200 645 "http://m.papaonline.com.cn/mobile/theme/ppj/home/index.html" "Mozilla/5.0 (Linux; U; Android 5.1.1; zh-cn; HUAWEI CRR-UL00 Build/HUAWEICRR-UL00) AppleWebKit/533.1 (KHTML, like Gecko)Version/4.0 MQQBrowser/5.4 TBS/025478 Mobile Safari/533.1 MicroMessenger/6.3.7.51_rbb7fa12.660 NetType/3gnet Language/zh_CN"
180.170.94.111 - - [22/Nov/2015:11:02:00 +0800] "GET /online/api/mc/sys/nowTime.json HTTP/1.1" 200 66 "http://m.papaonline.com.cn/mobile/theme/ppj/order/orderConfirm.html" "Mozilla/5.0 (iPad; CPU OS 9_1 like Mac OS X) AppleWebKit/601.1.46 (KHTML, like Gecko) Version/9.0 Mobile/13B143 Safari/601.1"
218.79.64.76 - - [22/Nov/2015:11:02:00 +0800] "GET /online/api/mc/sys/nowTime.json HTTP/1.1" 200 66 "http://m.papaonline.com.cn/mobile/theme/ppj/cart/cart.html" "Mozilla/5.0 (iPhone; CPU iPhone OS 9_1 like Mac OS X; zh-CN) AppleWebKit/537.51.1 (KHTML, like Gecko) Mobile/13B143 UCBrowser/10.7.11.672 Mobile"
101.226.61.184 - - [22/Nov/2015:11:02:00 +0800] "GET /mobile/sea-modules/gallery/underscore/1.6.0/underscore.js HTTP/1.1" 200 14461 "http://m.papaonline.com.cn/mobile/theme/ppj/home/index.html" "Mozilla/5.0 (Linux; U; Android 5.1.1; zh-cn; HUAWEI CRR-UL00 Build/HUAWEICRR-UL00) AppleWebKit/533.1 (KHTML, like Gecko)Version/4.0 MQQBrowser/5.4 TBS/025478 Mobile Safari/533.1 MicroMessenger/6.3.7.51_rbb7fa12.660 NetType/3gnet Language/zh_CN"
101.226.61.184 - - [22/Nov/2015:11:02:00 +0800] "GET /mobile/static/product/src/ProductView.js HTTP/1.1" 200 56837 "http://m.papaonline.com.cn/mobile/theme/ppj/home/index.html" "Mozilla/5.0 (Linux; U; Android 5.1.1; zh-cn; HUAWEI CRR-UL00 Build/HUAWEICRR-UL00) AppleWebKit/533.1 (KHTML, like Gecko)Version/4.0 MQQBrowser/5.4 TBS/025478 Mobile Safari/533.1 MicroMessenger/6.3.7.51_rbb7fa12.660 NetType/3gnet Language/zh_CN"
101.226.61.184 - - [22/Nov/2015:11:02:00 +0800] "GET /mobile/static/cart/src/CartBiz.js HTTP/1.1" 200 5106 "http://m.papaonline.com.cn/mobile/theme/ppj/home/index.html" "Mozilla/5.0 (Linux; U; Android 5.1.1; zh-cn; HUAWEI CRR-UL00 Build/HUAWEICRR-UL00) AppleWebKit/533.1 (KHTML, like Gecko)Version/4.0 MQQBrowser/5.4 TBS/025478 Mobile Safari/533.1 MicroMessenger/6.3.7.51_rbb7fa12.660 NetType/3gnet Language/zh_CN"
218.79.64.76 - - [22/Nov/2015:11:02:00 +0800] "GET /online/mc/crm/integration/points/pointBalance.json HTTP/1.1" 200 73 "http://m.papaonline.com.cn/mobile/theme/ppj/cart/cart.html" "Mozilla/5.0 (iPhone; CPU iPhone OS 9_1 like Mac OS X; zh-CN) AppleWebKit/537.51.1 (KHTML, like Gecko) Mobile/13B143 UCBrowser/10.7.11.672 Mobile"
218.79.64.76 - - [22/Nov/2015:11:02:00 +0800] "GET /mobile/theme/ppj/common/images/button-del.png HTTP/1.1" 200 3357 "http://m.papaonline.com.cn/mobile/theme/ppj/cart/cart.html" "Mozilla/5.0 (iPhone; CPU iPhone OS 9_1 like Mac OS X; zh-CN) AppleWebKit/537.51.1 (KHTML, like Gecko) Mobile/13B143 UCBrowser/10.7.11.672 Mobile"
101.226.61.184 - - [22/Nov/2015:11:02:00 +0800] "GET /mobile/static/common/src/load-1.0.js HTTP/1.1" 200 1068 "http://m.papaonline.com.cn/mobile/theme/ppj/home/index.html" "Mozilla/5.0 (Linux; U; Android 5.1.1; zh-cn; HUAWEI CRR-UL00 Build/HUAWEICRR-UL00) AppleWebKit/533.1 (KHTML, like Gecko)Version/4.0 MQQBrowser/5.4 TBS/025478 Mobile Safari/533.1 MicroMessenger/6.3.7.51_rbb7fa12.660 NetType/3gnet Language/zh_CN"
218.79.64.76 - - [22/Nov/2015:11:02:00 +0800] "GET /online/api/mc/productPromo/display/list/favors.json?salesChannelEnumId=110&language=zh_CN&eatingStyleEnumId=702&productStoreId=10455&estimatedDeliveryDate=20151122 HTTP/1.1" 200 5857 "http://m.papaonline.com.cn/mobile/theme/ppj/cart/cart.html" "Mozilla/5.0 (iPhone; CPU iPhone OS 9_1 like Mac OS X; zh-CN) AppleWebKit/537.51.1 (KHTML, like Gecko) Mobile/13B143 UCBrowser/10.7.11.672 Mobile"
101.226.61.184 - - [22/Nov/2015:11:02:00 +0800] "GET /mobile/static/localstorage/src/Cache.js HTTP/1.1" 200 2631 "http://m.papaonline.com.cn/mobile/theme/ppj/home/index.html" "Mozilla/5.0 (Linux; U; Android 5.1.1; zh-cn; HUAWEI CRR-UL00 Build/HUAWEICRR-UL00) AppleWebKit/533.1 (KHTML, like Gecko)Version/4.0 MQQBrowser/5.4 TBS/025478 Mobile Safari/533.1 MicroMessenger/6.3.7.51_rbb7fa12.660 NetType/3gnet Language/zh_CN"
101.226.61.184 - - [22/Nov/2015:11:02:00 +0800] "GET /mobile/static/home/src/HomeBiz.js HTTP/1.1" 200 2144 "http://m.papaonline.com.cn/mobile/theme/ppj/home/index.html" "Mozilla/5.0 (Linux; U; Android 5.1.1; zh-cn; HUAWEI CRR-UL00 Build/HUAWEICRR-UL00) AppleWebKit/533.1 (KHTML, like Gecko)Version/4.0 MQQBrowser/5.4 TBS/025478 Mobile Safari/533.1 MicroMessenger/6.3.7.51_rbb7fa12.660 NetType/3gnet Language/zh_CN"
183.17.43.17 - - [22/Nov/2015:11:02:00 +0800] "GET /mobile/theme/ppj/home/images/view_menu.png HTTP/1.1" 200 3273 "http://m.papaonline.com.cn/mobile/theme/ppj/home/index.html" "Mozilla/5.0 (Linux; U; Android 4.4.4; zh-cn; HTC Desire 820 dual sim Build/KTU84P) AppleWebKit/537.36 (KHTML, like Gecko)Version/4.0 MQQBrowser/6.1 Mobile Safari/537.36"
101.226.61.184 - - [22/Nov/2015:11:02:00 +0800] "GET /mobile/static/product/src/ProductBiz.js HTTP/1.1" 200 4943 "http://m.papaonline.com.cn/mobile/theme/ppj/home/index.html" "Mozilla/5.0 (Linux; U; Android 5.1.1; zh-cn; HUAWEI CRR-UL00 Build/HUAWEICRR-UL00) AppleWebKit/533.1 (KHTML, like Gecko)Version/4.0 MQQBrowser/5.4 TBS/025478 Mobile Safari/533.1 MicroMessenger/6.3.7.51_rbb7fa12.660 NetType/3gnet Language/zh_CN"
101.226.61.184 - - [22/Nov/2015:11:02:00 +0800] "GET /mobile/theme/ppj/account/js/footerView.js HTTP/1.1" 200 4854 "http://m.papaonline.com.cn/mobile/theme/ppj/home/index.html" "Mozilla/5.0 (Linux; U; Android 5.1.1; zh-cn; HUAWEI CRR-UL00 Build/HUAWEICRR-UL00) AppleWebKit/533.1 (KHTML, like Gecko)Version/4.0 MQQBrowser/5.4 TBS/025478 Mobile Safari/533.1 MicroMessenger/6.3.7.51_rbb7fa12.660 NetType/3gnet Language/zh_CN"
218.79.64.76 - - [22/Nov/2015:11:02:00 +0800] "GET /online/mc/crm/integration/customer/customerCouponList.json?userId=179550&language=%E4%B8%AD%E6%96%87&estimatedDeliveryDate=20151122&eatingStyleEnumId=702&salesChannelEnumId=110&isCanUse=true HTTP/1.1" 200 81 "http://m.papaonline.com.cn/mobile/theme/ppj/cart/cart.html" "Mozilla/5.0 (iPhone; CPU iPhone OS 9_1 like Mac OS X; zh-CN) AppleWebKit/537.51.1 (KHTML, like Gecko) Mobile/13B143 UCBrowser/10.7.11.672 Mobile"
101.226.61.184 - - [22/Nov/2015:11:02:00 +0800] "GET /mobile/static/common/src/md5.js HTTP/1.1" 200 9972 "http://m.papaonline.com.cn/mobile/theme/ppj/home/index.html" "Mozilla/5.0 (Linux; U; Android 5.1.1; zh-cn; HUAWEI CRR-UL00 Build/HUAWEICRR-UL00) AppleWebKit/533.1 (KHTML, like Gecko)Version/4.0 MQQBrowser/5.4 TBS/025478 Mobile Safari/533.1 MicroMessenger/6.3.7.51_rbb7fa12.660 NetType/3gnet Language/zh_CN"
218.79.64.76 - - [22/Nov/2015:11:02:00 +0800] "GET /online/ppjonline/images/product/product_201.png HTTP/1.1" 200 10819 "http://m.papaonline.com.cn/mobile/theme/ppj/cart/cart.html" "Mozilla/5.0 (iPhone; CPU iPhone OS 9_1 like Mac OS X; zh-CN) AppleWebKit/537.51.1 (KHTML, like Gecko) Mobile/13B143 UCBrowser/10.7.11.672 Mobile"
218.79.64.76 - - [22/Nov/2015:11:02:01 +0800] "GET /online/ppjonline/images/product/product_90043.png HTTP/1.1" 200 31708 "http://m.papaonline.com.cn/mobile/theme/ppj/cart/cart.html" "Mozilla/5.0 (iPhone; CPU iPhone OS 9_1 like Mac OS X; zh-CN) AppleWebKit/537.51.1 (KHTML, like Gecko) Mobile/13B143 UCBrowser/10.7.11.672 Mobile"
101.226.61.184 - - [22/Nov/2015:11:02:01 +0800] "GET /mobile/theme/ppj/account/tpl/footerTpl.html HTTP/1.1" 200 579 "http://m.papaonline.com.cn/mobile/theme/ppj/home/index.html" "Mozilla/5.0 (Linux; U; Android 5.1.1; zh-cn; HUAWEI CRR-UL00 Build/HUAWEICRR-UL00) AppleWebKit/533.1 (KHTML, like Gecko)Version/4.0 MQQBrowser/5.4 TBS/025478 Mobile Safari/533.1 MicroMessenger/6.3.7.51_rbb7fa12.660 NetType/3gnet Language/zh_CN"
101.226.61.184 - - [22/Nov/2015:11:02:01 +0800] "GET /mobile/static/member/src/MemberCrmView.js HTTP/1.1" 200 8667 "http://m.papaonline.com.cn/mobile/theme/ppj/home/index.html" "Mozilla/5.0 (Linux; U; Android 5.1.1; zh-cn; HUAWEI CRR-UL00 Build/HUAWEICRR-UL00) AppleWebKit/533.1 (KHTML, like Gecko)Version/4.0 MQQBrowser/5.4 TBS/025478 Mobile Safari/533.1 MicroMessenger/6.3.7.51_rbb7fa12.660 NetType/3gnet Language/zh_CN"
101.81.13.172 - - [22/Nov/2015:11:02:01 +0800] "GET /mobile/static/cart/src/CartBiz.js HTTP/1.1" 200 5106 "http://m.papaonline.com.cn/mobile/theme/ppj/home/index.html" "Mozilla/5.0 (iPhone; CPU iPhone OS 9_1 like Mac OS X) AppleWebKit/601.1.46 (KHTML, like Gecko) Mobile/13B143"
58.35.83.227 - - [22/Nov/2015:11:02:01 +0800] "GET /mobile/theme/ppj/product/productCategoryIndex.html?productCategoryId=1090 HTTP/1.1" 200 1247 "http://m.papaonline.com.cn/mobile/theme/ppj/home/index.html" "Mozilla/5.0 (Linux; U; Android 4.4.4; zh-cn; C6902 Build/14.4.A.0.157) AppleWebKit/534.24 (KHTML, like Gecko) Version/4.0 Mobile Safari/534.24 T5/2.0 baiduboxapp/6.6 (Baidu; P1 4.4.4)"
61.158.152.153 - - [22/Nov/2015:11:02:01 +0800] "GET /mobile/static/common/src/loadingimg.gif HTTP/1.1" 200 20246 "http://m.papaonline.com.cn/mobile/theme/ppj/home/index.html" "Mozilla/5.0 (Linux; U; Android 5.1.1; zh-cn; HUAWEI CRR-UL00 Build/HUAWEICRR-UL00) AppleWebKit/533.1 (KHTML, like Gecko)Version/4.0 MQQBrowser/5.4 TBS/025478 Mobile Safari/533.1 MicroMessenger/6.3.7.51_rbb7fa12.660 NetType/3gnet Language/zh_CN"
101.81.13.172 - - [22/Nov/2015:11:02:01 +0800] "GET /mobile/static/common/src/load-1.0.js HTTP/1.1" 200 1068 "http://m.papaonline.com.cn/mobile/theme/ppj/home/index.html" "Mozilla/5.0 (iPhone; CPU iPhone OS 9_1 like Mac OS X) AppleWebKit/601.1.46 (KHTML, like Gecko) Mobile/13B143"
101.226.61.184 - - [22/Nov/2015:11:02:01 +0800] "GET /mobile/static/member/src/MemberCrmBiz.js HTTP/1.1" 200 5379 "http://m.papaonline.com.cn/mobile/theme/ppj/home/index.html" "Mozilla/5.0 (Linux; U; Android 5.1.1; zh-cn; HUAWEI CRR-UL00 Build/HUAWEICRR-UL00) AppleWebKit/533.1 (KHTML, like Gecko)Version/4.0 MQQBrowser/5.4 TBS/025478 Mobile Safari/533.1 MicroMessenger/6.3.7.51_rbb7fa12.660 NetType/3gnet Language/zh_CN"
183.17.43.17 - - [22/Nov/2015:11:02:01 +0800] "GET /mobile/theme/ppj/home/images/start_dinner.png HTTP/1.1" 200 4666 "http://m.papaonline.com.cn/mobile/theme/ppj/home/index.html" "Mozilla/5.0 (Linux; U; Android 4.4.4; zh-cn; HTC Desire 820 dual sim Build/KTU84P) AppleWebKit/537.36 (KHTML, like Gecko)Version/4.0 MQQBrowser/6.1 Mobile Safari/537.36"
61.158.152.153 - - [22/Nov/2015:11:02:01 +0800] "GET /mobile/theme/ppj/home/images/papa_logo.png HTTP/1.1" 200 21908 "http://m.papaonline.com.cn/mobile/theme/ppj/home/index.html" "Mozilla/5.0 (Linux; U; Android 5.1.1; zh-cn; HUAWEI CRR-UL00 Build/HUAWEICRR-UL00) AppleWebKit/533.1 (KHTML, like Gecko)Version/4.0 MQQBrowser/5.4 TBS/025478 Mobile Safari/533.1 MicroMessenger/6.3.7.51_rbb7fa12.660 NetType/3gnet Language/zh_CN"
61.158.152.153 - - [22/Nov/2015:11:02:01 +0800] "GET /mobile/theme/ppj/home/images/20150628/6.jpg HTTP/1.1" 200 17283 "http://m.papaonline.com.cn/mobile/theme/ppj/home/index.html" "Mozilla/5.0 (Linux; U; Android 5.1.1; zh-cn; HUAWEI CRR-UL00 Build/HUAWEICRR-UL00) AppleWebKit/533.1 (KHTML, like Gecko)Version/4.0 MQQBrowser/5.4 TBS/025478 Mobile Safari/533.1 MicroMessenger/6.3.7.51_rbb7fa12.660 NetType/3gnet Language/zh_CN"
101.81.13.172 - - [22/Nov/2015:11:02:01 +0800] "GET /mobile/static/common/src/md5.js HTTP/1.1" 200 9972 "http://m.papaonline.com.cn/mobile/theme/ppj/home/index.html" "Mozilla/5.0 (iPhone; CPU iPhone OS 9_1 like Mac OS X) AppleWebKit/601.1.46 (KHTML, like Gecko) Mobile/13B143"
115.228.107.174 - - [22/Nov/2015:11:02:01 +0800] "GET /online/api/mc/sys/nowTime.json HTTP/1.1" 200 66 "http://m.papaonline.com.cn/mobile/theme/ppj/product/productCategoryIndex.html?productCategoryId=1020" "Mozilla/5.0 (iPad; CPU OS 8_3 like Mac OS X) AppleWebKit/534.46 (KHTML, like Gecko) BaiduHD/4.4.1.2 Mobile/10A406 Safari/8536.25"
115.228.107.174 - - [22/Nov/2015:11:02:01 +0800] "GET /online/api/mc/product/list/1.json?productCategoryId=104&productStoreId=1&estimatedDeliveryDate=20151122&eatingStyleEnumId=702&salesChannelEnumId=110&language=zh_CN HTTP/1.1" 200 13033 "http://m.papaonline.com.cn/mobile/theme/ppj/product/productCategoryIndex.html?productCategoryId=1020" "Mozilla/5.0 (iPad; CPU OS 8_3 like Mac OS X) AppleWebKit/534.46 (KHTML, like Gecko) BaiduHD/4.4.1.2 Mobile/10A406 Safari/8536.25"
218.79.64.76 - - [22/Nov/2015:11:02:01 +0800] "GET /online/api/mc/productPromo/display/list.json?parentProductPromoDisplayId=&salesChannelEnumId=110&language=zh_CN&eatingStyleEnumId=702&productStoreId=10455&estimatedDeliveryDate=20151122&_=1448161319845 HTTP/1.1" 200 9166 "http://m.papaonline.com.cn/mobile/theme/ppj/cart/cart.html" "Mozilla/5.0 (iPhone; CPU iPhone OS 9_1 like Mac OS X; zh-CN) AppleWebKit/537.51.1 (KHTML, like Gecko) Mobile/13B143 UCBrowser/10.7.11.672 Mobile"
101.81.13.172 - - [22/Nov/2015:11:02:01 +0800] "GET /mobile/static/common/src/loadingimg.gif HTTP/1.1" 200 20246 "http://m.papaonline.com.cn/mobile/theme/ppj/home/index.html" "Mozilla/5.0 (iPhone; CPU iPhone OS 9_1 like Mac OS X) AppleWebKit/601.1.46 (KHTML, like Gecko) Mobile/13B143"
101.81.13.172 - - [22/Nov/2015:11:02:01 +0800] "GET /mobile/theme/ppj/home/images/papa_logo.png HTTP/1.1" 200 21908 "http://m.papaonline.com.cn/mobile/theme/ppj/home/index.html" "Mozilla/5.0 (iPhone; CPU iPhone OS 9_1 like Mac OS X) AppleWebKit/601.1.46 (KHTML, like Gecko) Mobile/13B143"
115.228.107.174 - - [22/Nov/2015:11:02:01 +0800] "GET /online/ppjonline/images/product_category/product_category_83.png HTTP/1.1" 200 9195 "http://m.papaonline.com.cn/mobile/theme/ppj/product/productCategoryIndex.html?productCategoryId=1020" "Mozilla/5.0 (iPad; CPU OS 8_3 like Mac OS X) AppleWebKit/534.46 (KHTML, like Gecko) BaiduHD/4.4.1.2 Mobile/10A406 Safari/8536.25"
115.228.107.174 - - [22/Nov/2015:11:02:01 +0800] "GET /online/ppjonline/images/product/product_5000.png HTTP/1.1" 200 38059 "http://m.papaonline.com.cn/mobile/theme/ppj/product/productCategoryIndex.html?productCategoryId=1020" "Mozilla/5.0 (iPad; CPU OS 8_3 like Mac OS X) AppleWebKit/534.46 (KHTML, like Gecko) BaiduHD/4.4.1.2 Mobile/10A406 Safari/8536.25"
115.228.107.174 - - [22/Nov/2015:11:02:01 +0800] "GET /online/ppjonline/images/product/product_5001.png HTTP/1.1" 200 39173 "http://m.papaonline.com.cn/mobile/theme/ppj/product/productCategoryIndex.html?productCategoryId=1020" "Mozilla/5.0 (iPad; CPU OS 8_3 like Mac OS X) AppleWebKit/534.46 (KHTML, like Gecko) BaiduHD/4.4.1.2 Mobile/10A406 Safari/8536.25"
112.64.171.98 - - [22/Nov/2015:11:02:01 +0800] "GET /ccbs/ccbs/order/showOrderList.do?method=showOrderDetailJsp&orderId=3522699&random=1 HTTP/1.1" 200 3253 "-" "Mozilla/4.0 (compatible; MSIE 7.0; Windows NT 5.1; Trident/4.0; InfoPath.2; .NET CLR 2.0.50727)"
61.158.152.153 - - [22/Nov/2015:11:02:01 +0800] "GET /mobile/theme/ppj/home/images/20151111/03.png HTTP/1.1" 200 282956 "http://m.papaonline.com.cn/mobile/theme/ppj/home/index.html" "Mozilla/5.0 (Linux; U; Android 5.1.1; zh-cn; HUAWEI CRR-UL00 Build/HUAWEICRR-UL00) AppleWebKit/533.1 (KHTML, like Gecko)Version/4.0 MQQBrowser/5.4 TBS/025478 Mobile Safari/533.1 MicroMessenger/6.3.7.51_rbb7fa12.660 NetType/3gnet Language/zh_CN"
218.79.64.76 - - [22/Nov/2015:11:02:01 +0800] "GET /online/ppjonline/images/promo/product_promo_id_202.png HTTP/1.1" 200 18391 "http://m.papaonline.com.cn/mobile/theme/ppj/cart/cart.html" "Mozilla/5.0 (iPhone; CPU iPhone OS 9_1 like Mac OS X; zh-CN) AppleWebKit/537.51.1 (KHTML, like Gecko) Mobile/13B143 UCBrowser/10.7.11.672 Mobile"
61.158.152.153 - - [22/Nov/2015:11:02:01 +0800] "GET /mobile/theme/ppj/home/images/20151111/05.png HTTP/1.1" 200 190250 "http://m.papaonline.com.cn/mobile/theme/ppj/home/index.html" "Mozilla/5.0 (Linux; U; Android 5.1.1; zh-cn; HUAWEI CRR-UL00 Build/HUAWEICRR-UL00) AppleWebKit/533.1 (KHTML, like Gecko)Version/4.0 MQQBrowser/5.4 TBS/025478 Mobile Safari/533.1 MicroMessenger/6.3.7.51_rbb7fa12.660 NetType/3gnet Language/zh_CN"
218.79.64.76 - - [22/Nov/2015:11:02:01 +0800] "GET /mobile/theme/ppj/common/images/icon-code.png HTTP/1.1" 200 3271 "http://m.papaonline.com.cn/mobile/theme/ppj/cart/cart.html" "Mozilla/5.0 (iPhone; CPU iPhone OS 9_1 like Mac OS X; zh-CN) AppleWebKit/537.51.1 (KHTML, like Gecko) Mobile/13B143 UCBrowser/10.7.11.672 Mobile"
218.79.64.76 - - [22/Nov/2015:11:02:01 +0800] "GET /mobile/theme/ppj/common/images/arrow-up3.png HTTP/1.1" 200 1157 "http://m.papaonline.com.cn/mobile/theme/ppj/cart/cart.html" "Mozilla/5.0 (iPhone; CPU iPhone OS 9_1 like Mac OS X; zh-CN) AppleWebKit/537.51.1 (KHTML, like Gecko) Mobile/13B143 UCBrowser/10.7.11.672 Mobile"
61.158.152.153 - - [22/Nov/2015:11:02:01 +0800] "GET /mobile/theme/ppj/home/images/20151111/01.png HTTP/1.1" 200 140147 "http://m.papaonline.com.cn/mobile/theme/ppj/home/index.html" "Mozilla/5.0 (Linux; U; Android 5.1.1; zh-cn; HUAWEI CRR-UL00 Build/HUAWEICRR-UL00) AppleWebKit/533.1 (KHTML, like Gecko)Version/4.0 MQQBrowser/5.4 TBS/025478 Mobile Safari/533.1 MicroMessenger/6.3.7.51_rbb7fa12.660 NetType/3gnet Language/zh_CN"
115.228.107.174 - - [22/Nov/2015:11:02:01 +0800] "GET /online/api/mc/sys/nowTime.json HTTP/1.1" 200 66 "http://m.papaonline.com.cn/mobile/theme/ppj/product/productCategoryIndex.html?productCategoryId=1020" "Mozilla/5.0 (iPad; CPU OS 8_3 like Mac OS X) AppleWebKit/534.46 (KHTML, like Gecko) BaiduHD/4.4.1.2 Mobile/10A406 Safari/8536.25"
61.158.152.153 - - [22/Nov/2015:11:02:01 +0800] "GET /mobile/theme/ppj/home/images/20151111/04.png HTTP/1.1" 200 256028 "http://m.papaonline.com.cn/mobile/theme/ppj/home/index.html" "Mozilla/5.0 (Linux; U; Android 5.1.1; zh-cn; HUAWEI CRR-UL00 Build/HUAWEICRR-UL00) AppleWebKit/533.1 (KHTML, like Gecko)Version/4.0 MQQBrowser/5.4 TBS/025478 Mobile Safari/533.1 MicroMessenger/6.3.7.51_rbb7fa12.660 NetType/3gnet Language/zh_CN"
61.158.152.153 - - [22/Nov/2015:11:02:01 +0800] "GET /mobile/theme/ppj/home/images/150309/act_28.jpg HTTP/1.1" 200 31941 "http://m.papaonline.com.cn/mobile/theme/ppj/home/index.html" "Mozilla/5.0 (Linux; U; Android 5.1.1; zh-cn; HUAWEI CRR-UL00 Build/HUAWEICRR-UL00) AppleWebKit/533.1 (KHTML, like Gecko)Version/4.0 MQQBrowser/5.4 TBS/025478 Mobile Safari/533.1 MicroMessenger/6.3.7.51_rbb7fa12.660 NetType/3gnet Language/zh_CN"
61.158.152.153 - - [22/Nov/2015:11:02:01 +0800] "GET /mobile/theme/ppj/home/images/20151111/02.png HTTP/1.1" 200 247081 "http://m.papaonline.com.cn/mobile/theme/ppj/home/index.html" "Mozilla/5.0 (Linux; U; Android 5.1.1; zh-cn; HUAWEI CRR-UL00 Build/HUAWEICRR-UL00) AppleWebKit/533.1 (KHTML, like Gecko)Version/4.0 MQQBrowser/5.4 TBS/025478 Mobile Safari/533.1 MicroMessenger/6.3.7.51_rbb7fa12.660 NetType/3gnet Language/zh_CN"
61.158.152.153 - - [22/Nov/2015:11:02:01 +0800] "GET /mobile/theme/ppj/home/images/papa_rewards.png HTTP/1.1" 200 4362 "http://m.papaonline.com.cn/mobile/theme/ppj/home/index.html" "Mozilla/5.0 (Linux; U; Android 5.1.1; zh-cn; HUAWEI CRR-UL00 Build/HUAWEICRR-UL00) AppleWebKit/533.1 (KHTML, like Gecko)Version/4.0 MQQBrowser/5.4 TBS/025478 Mobile Safari/533.1 MicroMessenger/6.3.7.51_rbb7fa12.660 NetType/3gnet Language/zh_CN"
180.170.94.111 - - [22/Nov/2015:11:02:01 +0800] "POST /online/api/mc/order/createNew.json HTTP/1.1" 200 445 "http://m.papaonline.com.cn/mobile/theme/ppj/order/orderConfirm.html" "Mozilla/5.0 (iPad; CPU OS 9_1 like Mac OS X) AppleWebKit/601.1.46 (KHTML, like Gecko) Version/9.0 Mobile/13B143 Safari/601.1"
112.64.171.98 - - [22/Nov/2015:11:02:02 +0800] "GET /ccbs/ccbs/order/showOrderList.do?method=showProductDetailJsp&orderId=3522699&totalAmount=115.00&totalProductQuantity=2 HTTP/1.1" 200 2253 "http://www.papaonline.com.cn/ccbs/ccbs/order/showOrderList.do?method=showOrderDetailJsp&orderId=3522699&random=1" "Mozilla/4.0 (compatible; MSIE 7.0; Windows NT 5.1; Trident/4.0; InfoPath.2; .NET CLR 2.0.50727)"
112.64.171.98 - - [22/Nov/2015:11:02:02 +0800] "GET /ccbs/ccbs/order/images/tabs_leftarrow.png HTTP/1.1" 404 429 "http://www.papaonline.com.cn/ccbs/ccbs/order/showOrderList.do?method=showOrderDetailJsp&orderId=3522699&random=1" "Mozilla/4.0 (compatible; MSIE 7.0; Windows NT 5.1; Trident/4.0; InfoPath.2; .NET CLR 2.0.50727)"
112.64.171.98 - - [22/Nov/2015:11:02:02 +0800] "GET /ccbs/ccbs/order/images/tabs_rightarrow.png HTTP/1.1" 404 431 "http://www.papaonline.com.cn/ccbs/ccbs/order/showOrderList.do?method=showOrderDetailJsp&orderId=3522699&random=1" "Mozilla/4.0 (compatible; MSIE 7.0; Windows NT 5.1; Trident/4.0; InfoPath.2; .NET CLR 2.0.50727)"
112.64.171.98 - - [22/Nov/2015:11:02:02 +0800] "GET /ccbs/ccbs/order/images/tabs_enabled.png HTTP/1.1" 404 428 "http://www.papaonline.com.cn/ccbs/ccbs/order/showOrderList.do?method=showOrderDetailJsp&orderId=3522699&random=1" "Mozilla/4.0 (compatible; MSIE 7.0; Windows NT 5.1; Trident/4.0; InfoPath.2; .NET CLR 2.0.50727)"
61.158.152.153 - - [22/Nov/2015:11:02:02 +0800] "GET /mobile/theme/ppj/home/images/start_dinner.png HTTP/1.1" 200 4666 "http://m.papaonline.com.cn/mobile/theme/ppj/home/index.html" "Mozilla/5.0 (Linux; U; Android 5.1.1; zh-cn; HUAWEI CRR-UL00 Build/HUAWEICRR-UL00) AppleWebKit/533.1 (KHTML, like Gecko)Version/4.0 MQQBrowser/5.4 TBS/025478 Mobile Safari/533.1 MicroMessenger/6.3.7.51_rbb7fa12.660 NetType/3gnet Language/zh_CN"
61.158.152.153 - - [22/Nov/2015:11:02:02 +0800] "GET /mobile/theme/ppj/home/images/view_menu.png HTTP/1.1" 200 3273 "http://m.papaonline.com.cn/mobile/theme/ppj/home/index.html" "Mozilla/5.0 (Linux; U; Android 5.1.1; zh-cn; HUAWEI CRR-UL00 Build/HUAWEICRR-UL00) AppleWebKit/533.1 (KHTML, like Gecko)Version/4.0 MQQBrowser/5.4 TBS/025478 Mobile Safari/533.1 MicroMessenger/6.3.7.51_rbb7fa12.660 NetType/3gnet Language/zh_CN"
112.64.171.98 - - [22/Nov/2015:11:02:02 +0800] "GET /ccbs/global/commonPage/includeHead/contextPath.jsp HTTP/1.1" 200 48 "http://www.papaonline.com.cn/ccbs/ccbs/order/showOrderList.do?method=showProductDetailJsp&orderId=3522699&totalAmount=115.00&totalProductQuantity=2" "Mozilla/4.0 (compatible; MSIE 7.0; Windows NT 5.1; Trident/4.0; InfoPath.2; .NET CLR 2.0.50727)"
61.158.152.153 - - [22/Nov/2015:11:02:02 +0800] "GET /mobile/theme/ppj/home/images/20151111/home1.png HTTP/1.1" 200 104179 "http://m.papaonline.com.cn/mobile/theme/ppj/home/index.html" "Mozilla/5.0 (Linux; U; Android 5.1.1; zh-cn; HUAWEI CRR-UL00 Build/HUAWEICRR-UL00) AppleWebKit/533.1 (KHTML, like Gecko)Version/4.0 MQQBrowser/5.4 TBS/025478 Mobile Safari/533.1 MicroMessenger/6.3.7.51_rbb7fa12.660 NetType/3gnet Language/zh_CN"
112.64.171.98 - - [22/Nov/2015:11:02:02 +0800] "GET /ccbs/ccbs/order/images/tabs_active.png HTTP/1.1" 404 427 "http://www.papaonline.com.cn/ccbs/ccbs/order/showOrderList.do?method=showOrderDetailJsp&orderId=3522699&random=1" "Mozilla/4.0 (compatible; MSIE 7.0; Windows NT 5.1; Trident/4.0; InfoPath.2; .NET CLR 2.0.50727)"
61.158.152.153 - - [22/Nov/2015:11:02:02 +0800] "GET /mobile/theme/ppj/home/images/20151111/home2.png HTTP/1.1" 200 116059 "http://m.papaonline.com.cn/mobile/theme/ppj/home/index.html" "Mozilla/5.0 (Linux; U; Android 5.1.1; zh-cn; HUAWEI CRR-UL00 Build/HUAWEICRR-UL00) AppleWebKit/533.1 (KHTML, like Gecko)Version/4.0 MQQBrowser/5.4 TBS/025478 Mobile Safari/533.1 MicroMessenger/6.3.7.51_rbb7fa12.660 NetType/3gnet Language/zh_CN"
61.158.152.153 - - [22/Nov/2015:11:02:02 +0800] "GET /mobile/theme/ppj/home/images/20151111/home3.png HTTP/1.1" 200 136740 "http://m.papaonline.com.cn/mobile/theme/ppj/home/index.html" "Mozilla/5.0 (Linux; U; Android 5.1.1; zh-cn; HUAWEI CRR-UL00 Build/HUAWEICRR-UL00) AppleWebKit/533.1 (KHTML, like Gecko)Version/4.0 MQQBrowser/5.4 TBS/025478 Mobile Safari/533.1 MicroMessenger/6.3.7.51_rbb7fa12.660 NetType/3gnet Language/zh_CN"
218.202.255.11 - - [22/Nov/2015:11:02:02 +0800] "GET /online/ppjonline/order/orderNow.jsp HTTP/1.1" 200 23287 "http://www.papaonline.com.cn/online/ppjonline/product/menu.jsp?code=special" "Mozilla/5.0 (Macintosh; Intel Mac OS X 10_10_2) AppleWebKit/537.36 (KHTML, like Gecko) Chrome/46.0.2490.80 Safari/537.36"
61.171.21.196 - - [22/Nov/2015:11:02:02 +0800] "GET /online/api/mc/product/list/1.json?productCategoryId=51&productStoreId=10161&estimatedDeliveryDate=20151122&eatingStyleEnumId=702&salesChannelEnumId=110&language=zh_CN HTTP/1.1" 200 96732 "http://m.papaonline.com.cn/mobile/theme/ppj/product/productCategoryIndex.html?productCategoryId=49" "Mozilla/5.0 (iPad; CPU OS 9_1 like Mac OS X) AppleWebKit/601.1.46 (KHTML, like Gecko) Version/9.0 Mobile/13B143 Safari/601.1"
183.17.43.17 - - [22/Nov/2015:11:02:02 +0800] "GET /mobile/theme/ppj/home/images/20151111/05.png HTTP/1.1" 200 190242 "http://m.papaonline.com.cn/mobile/theme/ppj/home/index.html" "Mozilla/5.0 (Linux; U; Android 4.4.4; zh-cn; HTC Desire 820 dual sim Build/KTU84P) AppleWebKit/537.36 (KHTML, like Gecko)Version/4.0 MQQBrowser/6.1 Mobile Safari/537.36"
121.40.88.170 - - [22/Nov/2015:11:02:02 +0800] "POST /online/api/mc/channel/order/create.json? HTTP/1.1" 200 201 "-" "Apache-HttpClient/4.3 (java 1.5)"
183.17.43.17 - - [22/Nov/2015:11:02:02 +0800] "GET /mobile/theme/ppj/home/images/20151111/home1.png HTTP/1.1" 200 104179 "http://m.papaonline.com.cn/mobile/theme/ppj/home/index.html" "Mozilla/5.0 (Linux; U; Android 4.4.4; zh-cn; HTC Desire 820 dual sim Build/KTU84P) AppleWebKit/537.36 (KHTML, like Gecko)Version/4.0 MQQBrowser/6.1 Mobile Safari/537.36"
58.63.132.105 - - [22/Nov/2015:11:02:02 +0800] "GET /online/ppjonline/order/orderQuery.jsp HTTP/1.1" 200 15739 "http://www.papaonline.com.cn/online/ppjonline/order/paparewardsOne.jsp" "Mozilla/5.0 (Windows NT 6.1; WOW64) AppleWebKit/537.36 (KHTML, like Gecko) Chrome/31.0.1650.63 Safari/537.36"
101.226.61.184 - - [22/Nov/2015:11:02:02 +0800] "GET /mobile/theme/ppj/account/accountMain.html HTTP/1.1" 200 970 "http://m.papaonline.com.cn/mobile/theme/ppj/home/index.html" "Mozilla/5.0 (Linux; U; Android 5.1.1; zh-cn; HUAWEI CRR-UL00 Build/HUAWEICRR-UL00) AppleWebKit/533.1 (KHTML, like Gecko)Version/4.0 MQQBrowser/5.4 TBS/025478 Mobile Safari/533.1 MicroMessenger/6.3.7.51_rbb7fa12.660 NetType/3gnet Language/zh_CN"
61.158.152.153 - - [22/Nov/2015:11:02:03 +0800] "GET /mobile/theme/ppj/account/css/login.css HTTP/1.1" 200 778 "http://m.papaonline.com.cn/mobile/theme/ppj/account/accountMain.html" "Mozilla/5.0 (Linux; U; Android 5.1.1; zh-cn; HUAWEI CRR-UL00 Build/HUAWEICRR-UL00) AppleWebKit/533.1 (KHTML, like Gecko)Version/4.0 MQQBrowser/5.4 TBS/025478 Mobile Safari/533.1 MicroMessenger/6.3.7.51_rbb7fa12.660 NetType/3gnet Language/zh_CN"
58.63.132.105 - - [22/Nov/2015:11:02:03 +0800] "GET /online/api/mc/cart/all.json?salesChannelEnumId=109&language=zh_CN&eatingStyleEnumId=702&_=1448161100406 HTTP/1.1" 200 444 "http://www.papaonline.com.cn/online/ppjonline/order/orderQuery.jsp" "Mozilla/5.0 (Windows NT 6.1; WOW64) AppleWebKit/537.36 (KHTML, like Gecko) Chrome/31.0.1650.63 Safari/537.36"
58.63.132.105 - - [22/Nov/2015:11:02:03 +0800] "POST /online/api/mc/cart/save.json HTTP/1.1" 200 444 "http://www.papaonline.com.cn/online/ppjonline/order/orderQuery.jsp" "Mozilla/5.0 (Windows NT 6.1; WOW64) AppleWebKit/537.36 (KHTML, like Gecko) Chrome/31.0.1650.63 Safari/537.36"
180.171.97.226 - - [22/Nov/2015:11:02:03 +0800] "GET /mobile/theme/ppj/home/index.html HTTP/1.1" 200 2412 "http://172.16.0.1/sss/welcome2.html" "Mozilla/5.0 (iPhone; CPU iPhone OS 9_1 like Mac OS X) AppleWebKit/601.1.46 (KHTML, like Gecko) Mobile/13B143"
114.94.29.165 - - [22/Nov/2015:11:02:03 +0800] "GET /online/api/mc/customer/orderContactInfo/list.json?customerId=11174806 HTTP/1.1" 200 3378 "http://m.papaonline.com.cn/mobile/theme/ppj/order/orderConfirm.html" "Mozilla/5.0 (Linux; Android 4.4.4; zh-cn; SAMSUNG SM-N9100 Build/KTU84P) AppleWebKit/537.36 (KHTML, like Gecko) Version/2.0 Chrome/34.0.1847.76 Mobile Safari/537.36"
180.171.97.226 - - [22/Nov/2015:11:02:03 +0800] "GET /mobile/theme/ppj/common/css/bootstrap.css HTTP/1.1" 200 17905 "http://m.papaonline.com.cn/mobile/theme/ppj/home/index.html" "Mozilla/5.0 (iPhone; CPU iPhone OS 9_1 like Mac OS X) AppleWebKit/601.1.46 (KHTML, like Gecko) Mobile/13B143"
180.171.97.226 - - [22/Nov/2015:11:02:03 +0800] "GET /mobile/theme/ppj/common/css/basic.css HTTP/1.1" 200 5312 "http://m.papaonline.com.cn/mobile/theme/ppj/home/index.html" "Mozilla/5.0 (iPhone; CPU iPhone OS 9_1 like Mac OS X) AppleWebKit/601.1.46 (KHTML, like Gecko) Mobile/13B143"
180.171.97.226 - - [22/Nov/2015:11:02:03 +0800] "GET /mobile/sea-modules/seajs/seajs/2.2.1/sea.js HTTP/1.1" 200 6787 "http://m.papaonline.com.cn/mobile/theme/ppj/home/index.html" "Mozilla/5.0 (iPhone; CPU iPhone OS 9_1 like Mac OS X) AppleWebKit/601.1.46 (KHTML, like Gecko) Mobile/13B143"
180.171.97.226 - - [22/Nov/2015:11:02:03 +0800] "GET /mobile/sea-modules/seajs/seajs-text/1.0.2/seajs-text.js HTTP/1.1" 200 2004 "http://m.papaonline.com.cn/mobile/theme/ppj/home/index.html" "Mozilla/5.0 (iPhone; CPU iPhone OS 9_1 like Mac OS X) AppleWebKit/601.1.46 (KHTML, like Gecko) Mobile/13B143"
180.171.97.226 - - [22/Nov/2015:11:02:03 +0800] "GET /mobile/sea-modules/seajs/seajs-style/1.0.2/seajs-style.js HTTP/1.1" 200 518 "http://m.papaonline.com.cn/mobile/theme/ppj/home/index.html" "Mozilla/5.0 (iPhone; CPU iPhone OS 9_1 like Mac OS X) AppleWebKit/601.1.46 (KHTML, like Gecko) Mobile/13B143"
180.171.97.226 - - [22/Nov/2015:11:02:03 +0800] "GET /mobile/theme/ppj/home/css/home.css HTTP/1.1" 200 866 "http://m.papaonline.com.cn/mobile/theme/ppj/home/index.html" "Mozilla/5.0 (iPhone; CPU iPhone OS 9_1 like Mac OS X) AppleWebKit/601.1.46 (KHTML, like Gecko) Mobile/13B143"
180.171.97.226 - - [22/Nov/2015:11:02:03 +0800] "GET /mobile/seajs-config.js HTTP/1.1" 200 2511 "http://m.papaonline.com.cn/mobile/theme/ppj/home/index.html" "Mozilla/5.0 (iPhone; CPU iPhone OS 9_1 like Mac OS X) AppleWebKit/601.1.46 (KHTML, like Gecko) Mobile/13B143"
116.216.0.60 - - [22/Nov/2015:11:02:03 +0800] "GET /mobile/theme/ppj/member/myCoupons.html?openid=BPSOF5752-1510A9C6940XIO HTTP/1.1" 200 792 "-" "Mozilla/5.0 (iPhone; CPU iPhone OS 9_1 like Mac OS X) AppleWebKit/601.1.46 (KHTML, like Gecko) Mobile/13B143 MicroMessenger/6.3.6 NetType/WIFI Language/zh_CN"
