116.231.104.78 - - [22/Nov/2015:11:02:08 +0800] "GET /mobile/static/home/src/HomeView.js HTTP/1.1" 304 0 "http://m.papaonline.com.cn/mobile/theme/ppj/home/index.html" "Mozilla/5.0 (Linux; Android 4.4.4; MI 4LTE Build/KTU84P) AppleWebKit/537.36 (KHTML, like Gecko) Version/4.0 Chrome/33.0.0.0 Mobile Safari/537.36"
101.226.102.237 - - [22/Nov/2015:11:02:08 +0800] "POST /online/api/mc/cart/new/getCart.json HTTP/1.1" 200 5204 "http://m.papaonline.com.cn/mobile/theme/ppj/product/productCategoryIndex.html?productCategoryId=49" "Mozilla/5.0 (Linux; U; Android 4.4.2; zh-cn; HUAWEI MT7-TL00 Build/HuaweiMT7-TL00) AppleWebKit/533.1 (KHTML, like Gecko)Version/4.0 MQQBrowser/5.4 TBS/025483 Mobile Safari/533.1 MicroMessenger/6.3.7.51_rbb7fa12.660 NetType/WIFI Language/zh_CN"
101.226.102.237 - - [22/Nov/2015:11:02:08 +0800] "GET /online/api/mc/sys/nowTime.json HTTP/1.1" 200 66 "http://m.papaonline.com.cn/mobile/theme/ppj/product/productCategoryIndex.html?productCategoryId=49" "Mozilla/5.0 (Linux; U; Android 4.4.2; zh-cn; HUAWEI MT7-TL00 Build/HuaweiMT7-TL00) AppleWebKit/533.1 (KHTML, like Gecko)Version/4.0 MQQBrowser/5.4 TBS/025483 Mobile Safari/533.1 MicroMessenger/6.3.7.51_rbb7fa12.660 NetType/WIFI Language/zh_CN"
116.216.0.60 - - [22/Nov/2015:11:02:08 +0800] "GET /mobile/theme/ppj/address/addressIndex.html HTTP/1.1" 200 1765 "http://m.papaonline.com.cn/mobile/theme/ppj/home/index.html" "Mozilla/5.0 (iPhone; CPU iPhone OS 9_1 like Mac OS X) AppleWebKit/601.1.46 (KHTML, like Gecko) Mobile/13B143 MicroMessenger/6.3.6 NetType/WIFI Language/zh_CN"
180.171.97.226 - - [22/Nov/2015:11:02:08 +0800] "GET /mobile/theme/ppj/home/js/jquery-2.0.3.min.js HTTP/1.1" 200 83616 "http://m.papaonline.com.cn/mobile/theme/ppj/home/index.html" "Mozilla/5.0 (iPhone; CPU iPhone OS 9_1 like Mac OS X) AppleWebKit/601.1.46 (KHTML, like Gecko) Mobile/13B143"
114.91.177.111 - - [22/Nov/2015:11:02:08 +0800] "POST /online/api/mc/cart/new/add.json HTTP/1.1" 200 15023 "http://m.papaonline.com.cn/mobile/theme/ppj/product/productCategoryIndex.html" "Mozilla/5.0 (iPad; CPU OS 9_1 like Mac OS X) AppleWebKit/601.1.46 (KHTML, like Gecko) Version/6.0 MQQBrowser/4.9.3 Mobile/13B143 Safari/7534.48.3"
101.226.102.237 - - [22/Nov/2015:11:02:08 +0800] "GET /online/api/mc/sys/nowTime.json HTTP/1.1" 200 66 "http://m.papaonline.com.cn/mobile/theme/ppj/product/productCategoryIndex.html?productCategoryId=49" "Mozilla/5.0 (Linux; U; Android 4.4.2; zh-cn; HUAWEI MT7-TL00 Build/HuaweiMT7-TL00) AppleWebKit/533.1 (KHTML, like Gecko)Version/4.0 MQQBrowser/5.4 TBS/025483 Mobile Safari/533.1 MicroMessenger/6.3.7.51_rbb7fa12.660 NetType/WIFI Language/zh_CN"
101.226.102.237 - - [22/Nov/2015:11:02:08 +0800] "GET /online/mc/crm/integration/customer/customerCouponList.json?userId=218261&language=%E4%B8%AD%E6%96%87&estimatedDeliveryDate=20151122&eatingStyleEnumId=702&salesChannelEnumId=110 HTTP/1.1" 200 52 "http://m.papaonline.com.cn/mobile/theme/ppj/product/productCategoryIndex.html?productCategoryId=49" "Mozilla/5.0 (Linux; U; Android 4.4.2; zh-cn; HUAWEI MT7-TL00 Build/HuaweiMT7-TL00) AppleWebKit/533.1 (KHTML, like Gecko)Version/4.0 MQQBrowser/5.4 TBS/025483 Mobile Safari/533.1 MicroMessenger/6.3.7.51_rbb7fa12.660 NetType/WIFI Language/zh_CN"
116.216.0.60 - - [22/Nov/2015:11:02:08 +0800] "GET /mobile/theme/ppj/common/images/caret.png HTTP/1.1" 200 2932 "http://m.papaonline.com.cn/mobile/theme/ppj/address/addressIndex.html" "Mozilla/5.0 (iPhone; CPU iPhone OS 9_1 like Mac OS X) AppleWebKit/601.1.46 (KHTML, like Gecko) Mobile/13B143 MicroMessenger/6.3.6 NetType/WIFI Language/zh_CN"
114.91.177.111 - - [22/Nov/2015:11:02:08 +0800] "POST /online/api/mc/cart/new/getCart.json HTTP/1.1" 200 15023 "http://m.papaonline.com.cn/mobile/theme/ppj/product/productCategoryIndex.html" "Mozilla/5.0 (iPad; CPU OS 9_1 like Mac OS X) AppleWebKit/601.1.46 (KHTML, like Gecko) Version/6.0 MQQBrowser/4.9.3 Mobile/13B143 Safari/7534.48.3"
116.216.0.60 - - [22/Nov/2015:11:02:08 +0800] "GET /mobile/theme/ppj/common/images/arrow_back.png HTTP/1.1" 200 3076 "http://m.papaonline.com.cn/mobile/theme/ppj/address/addressIndex.html" "Mozilla/5.0 (iPhone; CPU iPhone OS 9_1 like Mac OS X) AppleWebKit/601.1.46 (KHTML, like Gecko) Mobile/13B143 MicroMessenger/6.3.6 NetType/WIFI Language/zh_CN"
223.166.209.119 - - [22/Nov/2015:11:02:08 +0800] "GET /mobile/static/product/src/ProductView.js HTTP/1.1" 200 56837 "http://m.papaonline.com.cn/mobile/theme/ppj/home/index.html" "Mozilla/5.0 (iPhone; CPU iPhone OS 8_4 like Mac OS X) AppleWebKit/600.1.4 (KHTML, like Gecko) Mobile/12H143"
101.226.125.122 - - [22/Nov/2015:11:02:08 +0800] "GET /mobile/theme/ppj/product/tpl/classicPizzaProductListTpl.html HTTP/1.1" 200 951 "http://m.papaonline.com.cn/mobile/theme/ppj/product/productCategoryIndex.html" "Mozilla/5.0 (Linux; U; Android 5.1; zh-cn; HUAWEI RIO-AL00 Build/HuaweiRIO-AL00) AppleWebKit/533.1 (KHTML, like Gecko)Version/4.0 MQQBrowser/5.4 TBS/025478 Mobile Safari/533.1 MicroMessenger/6.3.7.51_rbb7fa12.660 NetType/WIFI Language/zh_CN"
116.231.104.78 - - [22/Nov/2015:11:02:08 +0800] "GET /mobile/static/common/src/load-1.0.js HTTP/1.1" 304 0 "http://m.papaonline.com.cn/mobile/theme/ppj/home/index.html" "Mozilla/5.0 (Linux; Android 4.4.4; MI 4LTE Build/KTU84P) AppleWebKit/537.36 (KHTML, like Gecko) Version/4.0 Chrome/33.0.0.0 Mobile Safari/537.36"
101.226.125.122 - - [22/Nov/2015:11:02:08 +0800] "GET /mobile/theme/ppj/product/tpl/classicPizzaProductDetailTpl.html HTTP/1.1" 200 1459 "http://m.papaonline.com.cn/mobile/theme/ppj/product/productCategoryIndex.html" "Mozilla/5.0 (Linux; U; Android 5.1; zh-cn; HUAWEI RIO-AL00 Build/HuaweiRIO-AL00) AppleWebKit/533.1 (KHTML, like Gecko)Version/4.0 MQQBrowser/5.4 TBS/025478 Mobile Safari/533.1 MicroMessenger/6.3.7.51_rbb7fa12.660 NetType/WIFI Language/zh_CN"
116.231.104.78 - - [22/Nov/2015:11:02:08 +0800] "GET /mobile/static/localstorage/src/Cache.js HTTP/1.1" 304 0 "http://m.papaonline.com.cn/mobile/theme/ppj/home/index.html" "Mozilla/5.0 (Linux; Android 4.4.4; MI 4LTE Build/KTU84P) AppleWebKit/537.36 (KHTML, like Gecko) Version/4.0 Chrome/33.0.0.0 Mobile Safari/537.36"
101.226.125.122 - - [22/Nov/2015:11:02:08 +0800] "GET /mobile/theme/ppj/product/tpl/integrationProductDetailTpl.html HTTP/1.1" 200 1461 "http://m.papaonline.com.cn/mobile/theme/ppj/product/productCategoryIndex.html" "Mozilla/5.0 (Linux; U; Android 5.1; zh-cn; HUAWEI RIO-AL00 Build/HuaweiRIO-AL00) AppleWebKit/533.1 (KHTML, like Gecko)Version/4.0 MQQBrowser/5.4 TBS/025478 Mobile Safari/533.1 MicroMessenger/6.3.7.51_rbb7fa12.660 NetType/WIFI Language/zh_CN"
101.226.125.122 - - [22/Nov/2015:11:02:08 +0800] "GET /mobile/theme/ppj/product/tpl/half_productListTpl.html HTTP/1.1" 200 916 "http://m.papaonline.com.cn/mobile/theme/ppj/product/productCategoryIndex.html" "Mozilla/5.0 (Linux; U; Android 5.1; zh-cn; HUAWEI RIO-AL00 Build/HuaweiRIO-AL00) AppleWebKit/533.1 (KHTML, like Gecko)Version/4.0 MQQBrowser/5.4 TBS/025478 Mobile Safari/533.1 MicroMessenger/6.3.7.51_rbb7fa12.660 NetType/WIFI Language/zh_CN"
123.151.42.52 - - [22/Nov/2015:11:02:08 +0800] "GET /mobile/theme/ppj/product/tpl/half_productContainerTpl.html HTTP/1.1" 200 581 "http://m.papaonline.com.cn/mobile/theme/ppj/product/productCategoryIndex.html" "Mozilla/5.0 (Linux; U; Android 5.1; zh-cn; HUAWEI RIO-AL00 Build/HuaweiRIO-AL00) AppleWebKit/533.1 (KHTML, like Gecko)Version/4.0 MQQBrowser/5.4 TBS/025478 Mobile Safari/533.1 MicroMessenger/6.3.7.51_rbb7fa12.660 NetType/WIFI Language/zh_CN"
101.226.125.122 - - [22/Nov/2015:11:02:08 +0800] "GET /mobile/theme/ppj/product/tpl/half_productTypeSelectTpl.html HTTP/1.1" 200 582 "http://m.papaonline.com.cn/mobile/theme/ppj/product/productCategoryIndex.html" "Mozilla/5.0 (Linux; U; Android 5.1; zh-cn; HUAWEI RIO-AL00 Build/HuaweiRIO-AL00) AppleWebKit/533.1 (KHTML, like Gecko)Version/4.0 MQQBrowser/5.4 TBS/025478 Mobile Safari/533.1 MicroMessenger/6.3.7.51_rbb7fa12.660 NetType/WIFI Language/zh_CN"
101.226.125.122 - - [22/Nov/2015:11:02:09 +0800] "GET /mobile/theme/ppj/product/tpl/specialComboMealTpl.html HTTP/1.1" 200 1153 "http://m.papaonline.com.cn/mobile/theme/ppj/product/productCategoryIndex.html" "Mozilla/5.0 (Linux; U; Android 5.1; zh-cn; HUAWEI RIO-AL00 Build/HuaweiRIO-AL00) AppleWebKit/533.1 (KHTML, like Gecko)Version/4.0 MQQBrowser/5.4 TBS/025478 Mobile Safari/533.1 MicroMessenger/6.3.7.51_rbb7fa12.660 NetType/WIFI Language/zh_CN"
101.226.125.122 - - [22/Nov/2015:11:02:09 +0800] "GET /mobile/theme/ppj/product/tpl/specialComboProductTpl.html HTTP/1.1" 200 1008 "http://m.papaonline.com.cn/mobile/theme/ppj/product/productCategoryIndex.html" "Mozilla/5.0 (Linux; U; Android 5.1; zh-cn; HUAWEI RIO-AL00 Build/HuaweiRIO-AL00) AppleWebKit/533.1 (KHTML, like Gecko)Version/4.0 MQQBrowser/5.4 TBS/025478 Mobile Safari/533.1 MicroMessenger/6.3.7.51_rbb7fa12.660 NetType/WIFI Language/zh_CN"
218.202.255.11 - - [22/Nov/2015:11:02:09 +0800] "GET /online/ppjonline/product/menu.jsp?code=special HTTP/1.1" 200 25258 "http://www.papaonline.com.cn/online/ppjonline/order/orderNow.jsp" "Mozilla/5.0 (Macintosh; Intel Mac OS X 10_10_2) AppleWebKit/537.36 (KHTML, like Gecko) Chrome/46.0.2490.80 Safari/537.36"
123.151.42.52 - - [22/Nov/2015:11:02:09 +0800] "GET /mobile/theme/ppj/product/tpl/personComboProductTpl.html HTTP/1.1" 200 814 "http://m.papaonline.com.cn/mobile/theme/ppj/product/productCategoryIndex.html" "Mozilla/5.0 (Linux; U; Android 5.1; zh-cn; HUAWEI RIO-AL00 Build/HuaweiRIO-AL00) AppleWebKit/533.1 (KHTML, like Gecko)Version/4.0 MQQBrowser/5.4 TBS/025478 Mobile Safari/533.1 MicroMessenger/6.3.7.51_rbb7fa12.660 NetType/WIFI Language/zh_CN"
101.226.125.122 - - [22/Nov/2015:11:02:09 +0800] "GET /mobile/theme/ppj/product/tpl/specialComboSubProductTpl.html HTTP/1.1" 200 603 "http://m.papaonline.com.cn/mobile/theme/ppj/product/productCategoryIndex.html" "Mozilla/5.0 (Linux; U; Android 5.1; zh-cn; HUAWEI RIO-AL00 Build/HuaweiRIO-AL00) AppleWebKit/533.1 (KHTML, like Gecko)Version/4.0 MQQBrowser/5.4 TBS/025478 Mobile Safari/533.1 MicroMessenger/6.3.7.51_rbb7fa12.660 NetType/WIFI Language/zh_CN"
110.75.242.153 - - [22/Nov/2015:11:02:09 +0800] "POST /online/ppjonline/onlinePayment/notify_url.jsp HTTP/1.1" 200 14 "-" "Mozilla/4.0"
107.182.230.39 - - [22/Nov/2015:11:02:09 +0800] "GET /mobile/theme/ppj/home/images/20151111/2.png HTTP/1.1" 200 171499 "http://m.papaonline.com.cn/mobile/theme/ppj/product/productCategoryIndex.html?preview=preview" "Mozilla/5.0 (iPad; CPU OS 9_1 like Mac OS X) AppleWebKit/601.1.46 (KHTML, like Gecko) Version/9.0 Mobile/13B143 Safari/601.1"
101.226.125.122 - - [22/Nov/2015:11:02:09 +0800] "GET /mobile/theme/ppj/product/tpl/specialComboProductTypeTpl.html HTTP/1.1" 200 808 "http://m.papaonline.com.cn/mobile/theme/ppj/product/productCategoryIndex.html" "Mozilla/5.0 (Linux; U; Android 5.1; zh-cn; HUAWEI RIO-AL00 Build/HuaweiRIO-AL00) AppleWebKit/533.1 (KHTML, like Gecko)Version/4.0 MQQBrowser/5.4 TBS/025478 Mobile Safari/533.1 MicroMessenger/6.3.7.51_rbb7fa12.660 NetType/WIFI Language/zh_CN"
107.182.230.39 - - [22/Nov/2015:11:02:09 +0800] "GET /mobile/theme/ppj/home/images/20151111/1.png HTTP/1.1" 200 157459 "http://m.papaonline.com.cn/mobile/theme/ppj/product/productCategoryIndex.html?preview=preview" "Mozilla/5.0 (iPad; CPU OS 9_1 like Mac OS X) AppleWebKit/601.1.46 (KHTML, like Gecko) Version/9.0 Mobile/13B143 Safari/601.1"
101.226.125.122 - - [22/Nov/2015:11:02:09 +0800] "GET /mobile/theme/ppj/product/tpl/personComboProductTypeTpl.html HTTP/1.1" 200 822 "http://m.papaonline.com.cn/mobile/theme/ppj/product/productCategoryIndex.html" "Mozilla/5.0 (Linux; U; Android 5.1; zh-cn; HUAWEI RIO-AL00 Build/HuaweiRIO-AL00) AppleWebKit/533.1 (KHTML, like Gecko)Version/4.0 MQQBrowser/5.4 TBS/025478 Mobile Safari/533.1 MicroMessenger/6.3.7.51_rbb7fa12.660 NetType/WIFI Language/zh_CN"
116.231.104.78 - - [22/Nov/2015:11:02:09 +0800] "GET /mobile/static/product/src/ProductView.js HTTP/1.1" 304 0 "http://m.papaonline.com.cn/mobile/theme/ppj/home/index.html" "Mozilla/5.0 (Linux; Android 4.4.4; MI 4LTE Build/KTU84P) AppleWebKit/537.36 (KHTML, like Gecko) Version/4.0 Chrome/33.0.0.0 Mobile Safari/537.36"
101.226.125.122 - - [22/Nov/2015:11:02:09 +0800] "GET /mobile/theme/ppj/product/tpl/personComboSubProductTpl.html HTTP/1.1" 200 616 "http://m.papaonline.com.cn/mobile/theme/ppj/product/productCategoryIndex.html" "Mozilla/5.0 (Linux; U; Android 5.1; zh-cn; HUAWEI RIO-AL00 Build/HuaweiRIO-AL00) AppleWebKit/533.1 (KHTML, like Gecko)Version/4.0 MQQBrowser/5.4 TBS/025478 Mobile Safari/533.1 MicroMessenger/6.3.7.51_rbb7fa12.660 NetType/WIFI Language/zh_CN"
116.231.104.78 - - [22/Nov/2015:11:02:09 +0800] "GET /mobile/static/common/src/md5.js HTTP/1.1" 304 0 "http://m.papaonline.com.cn/mobile/theme/ppj/home/index.html" "Mozilla/5.0 (Linux; Android 4.4.4; MI 4LTE Build/KTU84P) AppleWebKit/537.36 (KHTML, like Gecko) Version/4.0 Chrome/33.0.0.0 Mobile Safari/537.36"
218.202.255.11 - - [22/Nov/2015:11:02:09 +0800] "GET /online/api/mc/sys/loginByClient.json?eatingStyleEnumId=702 HTTP/1.1" 200 68 "http://www.papaonline.com.cn/online/ppjonline/product/menu.jsp?code=special" "Mozilla/5.0 (Macintosh; Intel Mac OS X 10_10_2) AppleWebKit/537.36 (KHTML, like Gecko) Chrome/46.0.2490.80 Safari/537.36"
218.202.255.11 - - [22/Nov/2015:11:02:09 +0800] "GET /online/api/mc/productCategory/children.json?language=zh_CN&productCategoryCode=ONLINE_SPECIAL_MENU HTTP/1.1" 200 1790 "http://www.papaonline.com.cn/online/ppjonline/product/menu.jsp?code=special" "Mozilla/5.0 (Macintosh; Intel Mac OS X 10_10_2) AppleWebKit/537.36 (KHTML, like Gecko) Chrome/46.0.2490.80 Safari/537.36"
218.202.255.11 - - [22/Nov/2015:11:02:09 +0800] "GET /online/api/mc/cart/all.json?salesChannelEnumId=109&language=zh_CN&eatingStyleEnumId=702&_=1448161328960 HTTP/1.1" 200 444 "http://www.papaonline.com.cn/online/ppjonline/product/menu.jsp?code=special" "Mozilla/5.0 (Macintosh; Intel Mac OS X 10_10_2) AppleWebKit/537.36 (KHTML, like Gecko) Chrome/46.0.2490.80 Safari/537.36"
218.202.255.11 - - [22/Nov/2015:11:02:09 +0800] "POST /online/api/mc/cart/save.json HTTP/1.1" 200 444 "http://www.papaonline.com.cn/online/ppjonline/product/menu.jsp?code=special" "Mozilla/5.0 (Macintosh; Intel Mac OS X 10_10_2) AppleWebKit/537.36 (KHTML, like Gecko) Chrome/46.0.2490.80 Safari/537.36"
223.166.209.119 - - [22/Nov/2015:11:02:09 +0800] "GET /mobile/static/common/src/loadingimg.gif HTTP/1.1" 200 20246 "http://m.papaonline.com.cn/mobile/theme/ppj/home/index.html" "Mozilla/5.0 (iPhone; CPU iPhone OS 8_4 like Mac OS X) AppleWebKit/600.1.4 (KHTML, like Gecko) Mobile/12H143"
116.231.104.78 - - [22/Nov/2015:11:02:09 +0800] "GET /mobile/static/product/src/ProductBiz.js HTTP/1.1" 304 0 "http://m.papaonline.com.cn/mobile/theme/ppj/home/index.html" "Mozilla/5.0 (Linux; Android 4.4.4; MI 4LTE Build/KTU84P) AppleWebKit/537.36 (KHTML, like Gecko) Version/4.0 Chrome/33.0.0.0 Mobile Safari/537.36"
116.231.104.78 - - [22/Nov/2015:11:02:09 +0800] "GET /mobile/theme/ppj/account/js/footerView.js HTTP/1.1" 304 0 "http://m.papaonline.com.cn/mobile/theme/ppj/home/index.html" "Mozilla/5.0 (Linux; Android 4.4.4; MI 4LTE Build/KTU84P) AppleWebKit/537.36 (KHTML, like Gecko) Version/4.0 Chrome/33.0.0.0 Mobile Safari/537.36"
116.216.0.60 - - [22/Nov/2015:11:02:09 +0800] "GET /mobile/theme/ppj/address/js/PPJAddressIndexView.js HTTP/1.1" 200 42179 "http://m.papaonline.com.cn/mobile/theme/ppj/address/addressIndex.html" "Mozilla/5.0 (iPhone; CPU iPhone OS 9_1 like Mac OS X) AppleWebKit/601.1.46 (KHTML, like Gecko) Mobile/13B143 MicroMessenger/6.3.6 NetType/WIFI Language/zh_CN"
223.166.209.119 - - [22/Nov/2015:11:02:09 +0800] "GET /mobile/static/product/src/ProductBiz.js HTTP/1.1" 200 4943 "http://m.papaonline.com.cn/mobile/theme/ppj/home/index.html" "Mozilla/5.0 (iPhone; CPU iPhone OS 8_4 like Mac OS X) AppleWebKit/600.1.4 (KHTML, like Gecko) Mobile/12H143"
223.166.209.119 - - [22/Nov/2015:11:02:09 +0800] "GET /mobile/theme/ppj/account/js/footerView.js HTTP/1.1" 200 4854 "http://m.papaonline.com.cn/mobile/theme/ppj/home/index.html" "Mozilla/5.0 (iPhone; CPU iPhone OS 8_4 like Mac OS X) AppleWebKit/600.1.4 (KHTML, like Gecko) Mobile/12H143"
114.216.67.190 - - [22/Nov/2015:11:02:09 +0800] "GET /mobile/static/product/src/ProductView.js HTTP/1.1" 304 0 "http://m.papaonline.com.cn/mobile/theme/ppj/home/index.html" "Mozilla/5.0 (Linux; Android 4.3; vivo X3L Build/JLS36C) AppleWebKit/537.36 (KHTML, like Gecko) Version/4.0 Chrome/33.0.0.0 Mobile Safari/537.36"
114.216.67.190 - - [22/Nov/2015:11:02:09 +0800] "GET /mobile/static/cart/src/CartBiz.js HTTP/1.1" 304 0 "http://m.papaonline.com.cn/mobile/theme/ppj/home/index.html" "Mozilla/5.0 (Linux; Android 4.3; vivo X3L Build/JLS36C) AppleWebKit/537.36 (KHTML, like Gecko) Version/4.0 Chrome/33.0.0.0 Mobile Safari/537.36"
116.231.104.78 - - [22/Nov/2015:11:02:09 +0800] "GET /mobile/static/common/src/loadingimg.gif HTTP/1.1" 304 0 "http://m.papaonline.com.cn/mobile/theme/ppj/home/index.html" "Mozilla/5.0 (Linux; Android 4.4.4; MI 4LTE Build/KTU84P) AppleWebKit/537.36 (KHTML, like Gecko) Version/4.0 Chrome/33.0.0.0 Mobile Safari/537.36"
101.226.102.237 - - [22/Nov/2015:11:02:09 +0800] "GET /online/api/mc/sys/nowTime.json HTTP/1.1" 200 66 "http://m.papaonline.com.cn/mobile/theme/ppj/product/productCategoryIndex.html?productCategoryId=49" "Mozilla/5.0 (Linux; U; Android 4.4.2; zh-cn; HUAWEI MT7-TL00 Build/HuaweiMT7-TL00) AppleWebKit/533.1 (KHTML, like Gecko)Version/4.0 MQQBrowser/5.4 TBS/025483 Mobile Safari/533.1 MicroMessenger/6.3.7.51_rbb7fa12.660 NetType/WIFI Language/zh_CN"
101.226.125.122 - - [22/Nov/2015:11:02:09 +0800] "GET /online/api/mc/productCategory/children.json?language=zh_CN&productCategoryCode=ONLINE_SPECIAL_MENU HTTP/1.1" 200 1790 "http://m.papaonline.com.cn/mobile/theme/ppj/product/productCategoryIndex.html" "Mozilla/5.0 (Linux; U; Android 5.1; zh-cn; HUAWEI RIO-AL00 Build/HuaweiRIO-AL00) AppleWebKit/533.1 (KHTML, like Gecko)Version/4.0 MQQBrowser/5.4 TBS/025478 Mobile Safari/533.1 MicroMessenger/6.3.7.51_rbb7fa12.660 NetType/WIFI Language/zh_CN"
223.166.209.119 - - [22/Nov/2015:11:02:09 +0800] "GET /mobile/theme/ppj/account/tpl/footerTpl.html HTTP/1.1" 200 579 "http://m.papaonline.com.cn/mobile/theme/ppj/home/index.html" "Mozilla/5.0 (iPhone; CPU iPhone OS 8_4 like Mac OS X) AppleWebKit/600.1.4 (KHTML, like Gecko) Mobile/12H143"
223.166.209.119 - - [22/Nov/2015:11:02:09 +0800] "GET /mobile/static/member/src/MemberCrmView.js HTTP/1.1" 200 8667 "http://m.papaonline.com.cn/mobile/theme/ppj/home/index.html" "Mozilla/5.0 (iPhone; CPU iPhone OS 8_4 like Mac OS X) AppleWebKit/600.1.4 (KHTML, like Gecko) Mobile/12H143"
101.226.125.122 - - [22/Nov/2015:11:02:09 +0800] "POST /online/api/mc/cart/new/getCart.json HTTP/1.1" 200 8580 "http://m.papaonline.com.cn/mobile/theme/ppj/product/productCategoryIndex.html" "Mozilla/5.0 (Linux; U; Android 5.1; zh-cn; HUAWEI RIO-AL00 Build/HuaweiRIO-AL00) AppleWebKit/533.1 (KHTML, like Gecko)Version/4.0 MQQBrowser/5.4 TBS/025478 Mobile Safari/533.1 MicroMessenger/6.3.7.51_rbb7fa12.660 NetType/WIFI Language/zh_CN"
116.231.104.78 - - [22/Nov/2015:11:02:09 +0800] "GET /mobile/theme/ppj/account/tpl/footerTpl.html HTTP/1.1" 304 0 "http://m.papaonline.com.cn/mobile/theme/ppj/home/index.html" "Mozilla/5.0 (Linux; Android 4.4.4; MI 4LTE Build/KTU84P) AppleWebKit/537.36 (KHTML, like Gecko) Version/4.0 Chrome/33.0.0.0 Mobile Safari/537.36"
223.166.209.119 - - [22/Nov/2015:11:02:09 +0800] "GET /mobile/static/member/src/MemberCrmBiz.js HTTP/1.1" 200 5379 "http://m.papaonline.com.cn/mobile/theme/ppj/home/index.html" "Mozilla/5.0 (iPhone; CPU iPhone OS 8_4 like Mac OS X) AppleWebKit/600.1.4 (KHTML, like Gecko) Mobile/12H143"
116.231.104.78 - - [22/Nov/2015:11:02:09 +0800] "GET /mobile/static/member/src/MemberCrmView.js HTTP/1.1" 304 0 "http://m.papaonline.com.cn/mobile/theme/ppj/home/index.html" "Mozilla/5.0 (Linux; Android 4.4.4; MI 4LTE Build/KTU84P) AppleWebKit/537.36 (KHTML, like Gecko) Version/4.0 Chrome/33.0.0.0 Mobile Safari/537.36"
101.226.125.122 - - [22/Nov/2015:11:02:09 +0800] "GET /online/mc/crm/integration/customer/customerCouponList.json?userId=71473&language=%E4%B8%AD%E6%96%87&estimatedDeliveryDate=20151122&eatingStyleEnumId=702&salesChannelEnumId=110 HTTP/1.1" 200 52 "http://m.papaonline.com.cn/mobile/theme/ppj/product/productCategoryIndex.html" "Mozilla/5.0 (Linux; U; Android 5.1; zh-cn; HUAWEI RIO-AL00 Build/HuaweiRIO-AL00) AppleWebKit/533.1 (KHTML, like Gecko)Version/4.0 MQQBrowser/5.4 TBS/025478 Mobile Safari/533.1 MicroMessenger/6.3.7.51_rbb7fa12.660 NetType/WIFI Language/zh_CN"
223.166.209.119 - - [22/Nov/2015:11:02:09 +0800] "GET /mobile/theme/ppj/home/images/papa_logo.png HTTP/1.1" 200 21908 "http://m.papaonline.com.cn/mobile/theme/ppj/home/index.html" "Mozilla/5.0 (iPhone; CPU iPhone OS 8_4 like Mac OS X) AppleWebKit/600.1.4 (KHTML, like Gecko) Mobile/12H143"
116.231.104.78 - - [22/Nov/2015:11:02:09 +0800] "GET /mobile/static/member/src/MemberCrmBiz.js HTTP/1.1" 304 0 "http://m.papaonline.com.cn/mobile/theme/ppj/home/index.html" "Mozilla/5.0 (Linux; Android 4.4.4; MI 4LTE Build/KTU84P) AppleWebKit/537.36 (KHTML, like Gecko) Version/4.0 Chrome/33.0.0.0 Mobile Safari/537.36"
218.79.64.76 - - [22/Nov/2015:11:02:09 +0800] "POST /online/api/mc/cart/new/modify.json HTTP/1.1" 200 28263 "http://m.papaonline.com.cn/mobile/theme/ppj/cart/cart.html" "Mozilla/5.0 (iPhone; CPU iPhone OS 9_1 like Mac OS X; zh-CN) AppleWebKit/537.51.1 (KHTML, like Gecko) Mobile/13B143 UCBrowser/10.7.11.672 Mobile"
116.216.0.60 - - [22/Nov/2015:11:02:09 +0800] "GET /mobile/theme/ppj/address/tpl/addressDeliveryListTpl.html HTTP/1.1" 200 806 "http://m.papaonline.com.cn/mobile/theme/ppj/address/addressIndex.html" "Mozilla/5.0 (iPhone; CPU iPhone OS 9_1 like Mac OS X) AppleWebKit/601.1.46 (KHTML, like Gecko) Mobile/13B143 MicroMessenger/6.3.6 NetType/WIFI Language/zh_CN"
116.216.0.60 - - [22/Nov/2015:11:02:09 +0800] "GET /mobile/theme/ppj/address/tpl/addressCityListTpl.html HTTP/1.1" 200 591 "http://m.papaonline.com.cn/mobile/theme/ppj/address/addressIndex.html" "Mozilla/5.0 (iPhone; CPU iPhone OS 9_1 like Mac OS X) AppleWebKit/601.1.46 (KHTML, like Gecko) Mobile/13B143 MicroMessenger/6.3.6 NetType/WIFI Language/zh_CN"
218.79.64.76 - - [22/Nov/2015:11:02:10 +0800] "POST /online/api/mc/cart/new/getCart.json HTTP/1.1" 200 28263 "http://m.papaonline.com.cn/mobile/theme/ppj/cart/cart.html" "Mozilla/5.0 (iPhone; CPU iPhone OS 9_1 like Mac OS X; zh-CN) AppleWebKit/537.51.1 (KHTML, like Gecko) Mobile/13B143 UCBrowser/10.7.11.672 Mobile"
116.216.0.60 - - [22/Nov/2015:11:02:10 +0800] "GET /mobile/theme/ppj/account/tpl/myAddressesSelectorTpl.html HTTP/1.1" 200 289 "http://m.papaonline.com.cn/mobile/theme/ppj/address/addressIndex.html" "Mozilla/5.0 (iPhone; CPU iPhone OS 9_1 like Mac OS X) AppleWebKit/601.1.46 (KHTML, like Gecko) Mobile/13B143 MicroMessenger/6.3.6 NetType/WIFI Language/zh_CN"
116.216.0.60 - - [22/Nov/2015:11:02:10 +0800] "GET /mobile/theme/ppj/address/tpl/estimatedDeliveryTimeListTpl.html HTTP/1.1" 200 257 "http://m.papaonline.com.cn/mobile/theme/ppj/address/addressIndex.html" "Mozilla/5.0 (iPhone; CPU iPhone OS 9_1 like Mac OS X) AppleWebKit/601.1.46 (KHTML, like Gecko) Mobile/13B143 MicroMessenger/6.3.6 NetType/WIFI Language/zh_CN"
116.216.0.60 - - [22/Nov/2015:11:02:10 +0800] "GET /mobile/theme/ppj/address/tpl/addressCarryoutListTpl.html HTTP/1.1" 200 912 "http://m.papaonline.com.cn/mobile/theme/ppj/address/addressIndex.html" "Mozilla/5.0 (iPhone; CPU iPhone OS 9_1 like Mac OS X) AppleWebKit/601.1.46 (KHTML, like Gecko) Mobile/13B143 MicroMessenger/6.3.6 NetType/WIFI Language/zh_CN"
116.216.0.60 - - [22/Nov/2015:11:02:10 +0800] "GET /mobile/static/address/src/AddressView.js HTTP/1.1" 200 11701 "http://m.papaonline.com.cn/mobile/theme/ppj/address/addressIndex.html" "Mozilla/5.0 (iPhone; CPU iPhone OS 9_1 like Mac OS X) AppleWebKit/601.1.46 (KHTML, like Gecko) Mobile/13B143 MicroMessenger/6.3.6 NetType/WIFI Language/zh_CN"
116.216.0.60 - - [22/Nov/2015:11:02:10 +0800] "GET /mobile/theme/ppj/account/tpl/footerTpl.html HTTP/1.1" 200 579 "http://m.papaonline.com.cn/mobile/theme/ppj/address/addressIndex.html" "Mozilla/5.0 (iPhone; CPU iPhone OS 9_1 like Mac OS X) AppleWebKit/601.1.46 (KHTML, like Gecko) Mobile/13B143 MicroMessenger/6.3.6 NetType/WIFI Language/zh_CN"
218.79.64.76 - - [22/Nov/2015:11:02:10 +0800] "GET /online/mc/crm/integration/points/pointBalance.json HTTP/1.1" 200 73 "http://m.papaonline.com.cn/mobile/theme/ppj/cart/cart.html" "Mozilla/5.0 (iPhone; CPU iPhone OS 9_1 like Mac OS X; zh-CN) AppleWebKit/537.51.1 (KHTML, like Gecko) Mobile/13B143 UCBrowser/10.7.11.672 Mobile"
116.216.0.60 - - [22/Nov/2015:11:02:10 +0800] "GET /mobile/static/account/src/AccountAddressView.js HTTP/1.1" 200 6775 "http://m.papaonline.com.cn/mobile/theme/ppj/address/addressIndex.html" "Mozilla/5.0 (iPhone; CPU iPhone OS 9_1 like Mac OS X) AppleWebKit/601.1.46 (KHTML, like Gecko) Mobile/13B143 MicroMessenger/6.3.6 NetType/WIFI Language/zh_CN"
218.79.64.76 - - [22/Nov/2015:11:02:10 +0800] "GET /online/api/mc/productPromo/display/list/favors.json?salesChannelEnumId=110&language=zh_CN&eatingStyleEnumId=702&productStoreId=10455&estimatedDeliveryDate=20151122 HTTP/1.1" 200 5857 "http://m.papaonline.com.cn/mobile/theme/ppj/cart/cart.html" "Mozilla/5.0 (iPhone; CPU iPhone OS 9_1 like Mac OS X; zh-CN) AppleWebKit/537.51.1 (KHTML, like Gecko) Mobile/13B143 UCBrowser/10.7.11.672 Mobile"
218.79.64.76 - - [22/Nov/2015:11:02:10 +0800] "GET /online/mc/crm/integration/customer/customerCouponList.json?userId=179550&language=%E4%B8%AD%E6%96%87&estimatedDeliveryDate=20151122&eatingStyleEnumId=702&salesChannelEnumId=110&isCanUse=true HTTP/1.1" 200 81 "http://m.papaonline.com.cn/mobile/theme/ppj/cart/cart.html" "Mozilla/5.0 (iPhone; CPU iPhone OS 9_1 like Mac OS X; zh-CN) AppleWebKit/537.51.1 (KHTML, like Gecko) Mobile/13B143 UCBrowser/10.7.11.672 Mobile"
218.79.64.76 - - [22/Nov/2015:11:02:10 +0800] "GET /online/api/mc/productPromo/display/list.json?parentProductPromoDisplayId=&salesChannelEnumId=110&language=zh_CN&eatingStyleEnumId=702&productStoreId=10455&estimatedDeliveryDate=20151122&_=1448161329035 HTTP/1.1" 200 9166 "http://m.papaonline.com.cn/mobile/theme/ppj/cart/cart.html" "Mozilla/5.0 (iPhone; CPU iPhone OS 9_1 like Mac OS X; zh-CN) AppleWebKit/537.51.1 (KHTML, like Gecko) Mobile/13B143 UCBrowser/10.7.11.672 Mobile"
116.216.0.60 - - [22/Nov/2015:11:02:10 +0800] "GET /mobile/static/account/src/AccountAddressBiz.js HTTP/1.1" 200 3361 "http://m.papaonline.com.cn/mobile/theme/ppj/address/addressIndex.html" "Mozilla/5.0 (iPhone; CPU iPhone OS 9_1 like Mac OS X) AppleWebKit/601.1.46 (KHTML, like Gecko) Mobile/13B143 MicroMessenger/6.3.6 NetType/WIFI Language/zh_CN"
115.228.107.174 - - [22/Nov/2015:11:02:10 +0800] "GET /online/api/mc/sys/nowTime.json HTTP/1.1" 200 66 "http://m.papaonline.com.cn/mobile/theme/ppj/product/productCategoryIndex.html?productCategoryId=1020" "Mozilla/5.0 (iPad; CPU OS 8_3 like Mac OS X) AppleWebKit/534.46 (KHTML, like Gecko) BaiduHD/4.4.1.2 Mobile/10A406 Safari/8536.25"
116.216.0.60 - - [22/Nov/2015:11:02:10 +0800] "GET /mobile/static/store/src/StoreView.js HTTP/1.1" 200 4185 "http://m.papaonline.com.cn/mobile/theme/ppj/address/addressIndex.html" "Mozilla/5.0 (iPhone; CPU iPhone OS 9_1 like Mac OS X) AppleWebKit/601.1.46 (KHTML, like Gecko) Mobile/13B143 MicroMessenger/6.3.6 NetType/WIFI Language/zh_CN"
115.228.107.174 - - [22/Nov/2015:11:02:10 +0800] "POST /online/api/mc/cart/new/getCart.json HTTP/1.1" 200 5204 "http://m.papaonline.com.cn/mobile/theme/ppj/product/productCategoryIndex.html?productCategoryId=1020" "Mozilla/5.0 (iPad; CPU OS 8_3 like Mac OS X) AppleWebKit/534.46 (KHTML, like Gecko) BaiduHD/4.4.1.2 Mobile/10A406 Safari/8536.25"
115.228.107.174 - - [22/Nov/2015:11:02:10 +0800] "GET /online/api/mc/sys/nowTime.json HTTP/1.1" 200 66 "http://m.papaonline.com.cn/mobile/theme/ppj/product/productCategoryIndex.html?productCategoryId=1020" "Mozilla/5.0 (iPad; CPU OS 8_3 like Mac OS X) AppleWebKit/534.46 (KHTML, like Gecko) BaiduHD/4.4.1.2 Mobile/10A406 Safari/8536.25"
114.86.203.2 - - [22/Nov/2015:11:02:10 +0800] "GET /online/ppjonline/product/index.jsp HTTP/1.1" 302 0 "http://www.papaonline.com.cn/online/index.jsp?lang=zh_CN" "Mozilla/5.0 (Windows NT 6.1) AppleWebKit/537.36 (KHTML, like Gecko) Chrome/39.0.2171.99 Safari/537.36"
115.228.107.174 - - [22/Nov/2015:11:02:10 +0800] "GET /online/api/mc/sys/nowTime.json HTTP/1.1" 200 66 "http://m.papaonline.com.cn/mobile/theme/ppj/product/productCategoryIndex.html?productCategoryId=1020" "Mozilla/5.0 (iPad; CPU OS 8_3 like Mac OS X) AppleWebKit/534.46 (KHTML, like Gecko) BaiduHD/4.4.1.2 Mobile/10A406 Safari/8536.25"
115.228.107.174 - - [22/Nov/2015:11:02:10 +0800] "GET /online/api/mc/product/mealgroups.json?productId=90959&language=zh_CN&productStoreId=1&salesChannelEnumId=110&eatingStyleEnumId=702&estimatedDeliveryDate=20151122 HTTP/1.1" 200 173 "http://m.papaonline.com.cn/mobile/theme/ppj/product/productCategoryIndex.html?productCategoryId=1020" "Mozilla/5.0 (iPad; CPU OS 8_3 like Mac OS X) AppleWebKit/534.46 (KHTML, like Gecko) BaiduHD/4.4.1.2 Mobile/10A406 Safari/8536.25"
115.228.107.174 - - [22/Nov/2015:11:02:10 +0800] "GET /mobile/theme/ppj/product/images/true.jpg HTTP/1.1" 200 5281 "http://m.papaonline.com.cn/mobile/theme/ppj/product/productCategoryIndex.html?productCategoryId=1020" "Mozilla/5.0 (iPad; CPU OS 8_3 like Mac OS X) AppleWebKit/534.46 (KHTML, like Gecko) BaiduHD/4.4.1.2 Mobile/10A406 Safari/8536.25"
115.228.107.174 - - [22/Nov/2015:11:02:10 +0800] "GET /online/mc/crm/integration/customer/customerCouponList.json?userId=505851&language=%E4%B8%AD%E6%96%87&estimatedDeliveryDate=20151122&eatingStyleEnumId=702&salesChannelEnumId=110 HTTP/1.1" 200 422 "http://m.papaonline.com.cn/mobile/theme/ppj/product/productCategoryIndex.html?productCategoryId=1020" "Mozilla/5.0 (iPad; CPU OS 8_3 like Mac OS X) AppleWebKit/534.46 (KHTML, like Gecko) BaiduHD/4.4.1.2 Mobile/10A406 Safari/8536.25"
112.64.171.98 - - [22/Nov/2015:11:02:10 +0800] "POST /ccbs/ccbs/order/performOrder.do?method=lockOrder HTTP/1.1" 200 46 "http://www.papaonline.com.cn/ccbs/ccbs/order/showExceptionOrder.do?method=showExceptionOrderJsp" "Mozilla/4.0 (compatible; MSIE 7.0; Windows NT 5.1; Trident/4.0; InfoPath.2; .NET CLR 2.0.50727)"
116.216.0.60 - - [22/Nov/2015:11:02:10 +0800] "GET /mobile/static/store/src/StoreBiz.js HTTP/1.1" 200 1981 "http://m.papaonline.com.cn/mobile/theme/ppj/address/addressIndex.html" "Mozilla/5.0 (iPhone; CPU iPhone OS 9_1 like Mac OS X) AppleWebKit/601.1.46 (KHTML, like Gecko) Mobile/13B143 MicroMessenger/6.3.6 NetType/WIFI Language/zh_CN"
114.86.203.2 - - [22/Nov/2015:11:02:11 +0800] "GET /online/ppjonline/order/orderNow.jsp HTTP/1.1" 200 23287 "http://www.papaonline.com.cn/online/index.jsp?lang=zh_CN" "Mozilla/5.0 (Windows NT 6.1) AppleWebKit/537.36 (KHTML, like Gecko) Chrome/39.0.2171.99 Safari/537.36"
58.220.223.62 - - [22/Nov/2015:11:02:11 +0800] "GET /ccbs/ccbs/order/showOrder.do?method=showOrderEditMainJsp&callPhone=13818585839&ccbsUserName=3056&uniqueid=1297919567.340&dataSourceId=14 HTTP/1.1" 200 442 "-" "Mozilla/4.0 (compatible; MSIE 8.0; Windows NT 5.1; Trident/4.0)"
116.216.0.60 - - [22/Nov/2015:11:02:11 +0800] "POST /online/api/mc/cart/new/getCart.json HTTP/1.1" 200 5204 "http://m.papaonline.com.cn/mobile/theme/ppj/address/addressIndex.html" "Mozilla/5.0 (iPhone; CPU iPhone OS 9_1 like Mac OS X) AppleWebKit/601.1.46 (KHTML, like Gecko) Mobile/13B143 MicroMessenger/6.3.6 NetType/WIFI Language/zh_CN"
114.216.67.190 - - [22/Nov/2015:11:02:11 +0800] "GET /mobile/theme/ppj/home/images/20150628/6.jpg HTTP/1.1" 304 0 "http://m.papaonline.com.cn/mobile/theme/ppj/home/index.html" "Mozilla/5.0 (Linux; Android 4.3; vivo X3L Build/JLS36C) AppleWebKit/537.36 (KHTML, like Gecko) Version/4.0 Chrome/33.0.0.0 Mobile Safari/537.36"
114.216.67.190 - - [22/Nov/2015:11:02:11 +0800] "GET /mobile/theme/ppj/home/images/20151111/01.png HTTP/1.1" 304 0 "http://m.papaonline.com.cn/mobile/theme/ppj/home/index.html" "Mozilla/5.0 (Linux; Android 4.3; vivo X3L Build/JLS36C) AppleWebKit/537.36 (KHTML, like Gecko) Version/4.0 Chrome/33.0.0.0 Mobile Safari/537.36"
114.216.67.190 - - [22/Nov/2015:11:02:11 +0800] "GET /mobile/theme/ppj/home/images/20151111/02.png HTTP/1.1" 304 0 "http://m.papaonline.com.cn/mobile/theme/ppj/home/index.html" "Mozilla/5.0 (Linux; Android 4.3; vivo X3L Build/JLS36C) AppleWebKit/537.36 (KHTML, like Gecko) Version/4.0 Chrome/33.0.0.0 Mobile Safari/537.36"
114.216.67.190 - - [22/Nov/2015:11:02:11 +0800] "GET /mobile/theme/ppj/home/images/20151111/04.png HTTP/1.1" 304 0 "http://m.papaonline.com.cn/mobile/theme/ppj/home/index.html" "Mozilla/5.0 (Linux; Android 4.3; vivo X3L Build/JLS36C) AppleWebKit/537.36 (KHTML, like Gecko) Version/4.0 Chrome/33.0.0.0 Mobile Safari/537.36"
114.216.67.190 - - [22/Nov/2015:11:02:11 +0800] "GET /mobile/theme/ppj/home/images/20151111/03.png HTTP/1.1" 304 0 "http://m.papaonline.com.cn/mobile/theme/ppj/home/index.html" "Mozilla/5.0 (Linux; Android 4.3; vivo X3L Build/JLS36C) AppleWebKit/537.36 (KHTML, like Gecko) Version/4.0 Chrome/33.0.0.0 Mobile Safari/537.36"
114.216.67.190 - - [22/Nov/2015:11:02:11 +0800] "GET /mobile/theme/ppj/home/images/20151111/05.png HTTP/1.1" 304 0 "http://m.papaonline.com.cn/mobile/theme/ppj/home/index.html" "Mozilla/5.0 (Linux; Android 4.3; vivo X3L Build/JLS36C) AppleWebKit/537.36 (KHTML, like Gecko) Version/4.0 Chrome/33.0.0.0 Mobile Safari/537.36"
116.216.0.60 - - [22/Nov/2015:11:02:11 +0800] "GET /mobile/theme/ppj/address/addressConfirm.html HTTP/1.1" 200 1240 "http://m.papaonline.com.cn/mobile/theme/ppj/address/addressIndex.html" "Mozilla/5.0 (iPhone; CPU iPhone OS 9_1 like Mac OS X) AppleWebKit/601.1.46 (KHTML, like Gecko) Mobile/13B143 MicroMessenger/6.3.6 NetType/WIFI Language/zh_CN"
116.231.104.78 - - [22/Nov/2015:11:02:11 +0800] "GET /mobile/static/home/src/HomeBiz.js HTTP/1.1" 304 0 "http://m.papaonline.com.cn/mobile/theme/ppj/home/index.html" "Mozilla/5.0 (Linux; Android 4.4.4; MI 4LTE Build/KTU84P) AppleWebKit/537.36 (KHTML, like Gecko) Version/4.0 Chrome/33.0.0.0 Mobile Safari/537.36"
110.75.225.13 - - [22/Nov/2015:11:02:11 +0800] "POST /online/ppjonline/onlinePayment/notify_url.jsp HTTP/1.1" 200 14 "-" "Mozilla/4.0"
58.220.223.62 - - [22/Nov/2015:11:02:11 +0800] "GET /ccbs/ccbs/order/showOrder.do?method=showOrderEditMainJsp&callPhone=13818585839&ccbsUserName=3056&uniqueid=1297919567.340&dataSourceId=14&temp=Y HTTP/1.1" 200 13012 "-" "Mozilla/4.0 (compatible; MSIE 8.0; Windows NT 5.1; Trident/4.0)"
58.220.223.62 - - [22/Nov/2015:11:02:11 +0800] "GET /ccbs/global/js/constant.js HTTP/1.1" 304 0 "http://www.papaonline.com.cn/ccbs/ccbs/order/showOrder.do?method=showOrderEditMainJsp&callPhone=13818585839&ccbsUserName=3056&uniqueid=1297919567.340&dataSourceId=14&temp=Y" "Mozilla/4.0 (compatible; MSIE 8.0; Windows NT 5.1; Trident/4.0)"
58.220.223.62 - - [22/Nov/2015:11:02:11 +0800] "GET /ccbs/global/commonPage/includeHead/contextPath.jsp HTTP/1.1" 200 48 "http://www.papaonline.com.cn/ccbs/ccbs/order/showOrder.do?method=showOrderEditMainJsp&callPhone=13818585839&ccbsUserName=3056&uniqueid=1297919567.340&dataSourceId=14&temp=Y" "Mozilla/4.0 (compatible; MSIE 8.0; Windows NT 5.1; Trident/4.0)"
182.34.127.126 - - [22/Nov/2015:11:02:11 +0800] "HEAD /favicon.ico HTTP/1.0" 404 0 "-" "-"
58.220.223.62 - - [22/Nov/2015:11:02:11 +0800] "GET /ccbs/global/js/global.js HTTP/1.1" 304 0 "http://www.papaonline.com.cn/ccbs/ccbs/order/showOrder.do?method=showOrderEditMainJsp&callPhone=13818585839&ccbsUserName=3056&uniqueid=1297919567.340&dataSourceId=14&temp=Y" "Mozilla/4.0 (compatible; MSIE 8.0; Windows NT 5.1; Trident/4.0)"
58.220.223.62 - - [22/Nov/2015:11:02:11 +0800] "GET /ccbs/global/css/ext-main.css HTTP/1.1" 304 0 "http://www.papaonline.com.cn/ccbs/ccbs/order/showOrder.do?method=showOrderEditMainJsp&callPhone=13818585839&ccbsUserName=3056&uniqueid=1297919567.340&dataSourceId=14&temp=Y" "Mozilla/4.0 (compatible; MSIE 8.0; Windows NT 5.1; Trident/4.0)"
116.216.0.60 - - [22/Nov/2015:11:02:11 +0800] "GET /mobile/theme/ppj/address/js/PPJAddressConfirmView.js HTTP/1.1" 200 27900 "http://m.papaonline.com.cn/mobile/theme/ppj/address/addressConfirm.html" "Mozilla/5.0 (iPhone; CPU iPhone OS 9_1 like Mac OS X) AppleWebKit/601.1.46 (KHTML, like Gecko) Mobile/13B143 MicroMessenger/6.3.6 NetType/WIFI Language/zh_CN"
58.220.223.62 - - [22/Nov/2015:11:02:11 +0800] "GET /ccbs/global/scripts/jquery/jquery-1.7.2.min.js HTTP/1.1" 304 0 "http://www.papaonline.com.cn/ccbs/ccbs/order/showOrder.do?method=showOrderEditMainJsp&callPhone=13818585839&ccbsUserName=3056&uniqueid=1297919567.340&dataSourceId=14&temp=Y" "Mozilla/4.0 (compatible; MSIE 8.0; Windows NT 5.1; Trident/4.0)"
58.220.223.62 - - [22/Nov/2015:11:02:11 +0800] "GET /ccbs/global/scripts/ext/adapter/ext/ext-base.js HTTP/1.1" 304 0 "http://www.papaonline.com.cn/ccbs/ccbs/order/showOrder.do?method=showOrderEditMainJsp&callPhone=13818585839&ccbsUserName=3056&uniqueid=1297919567.340&dataSourceId=14&temp=Y" "Mozilla/4.0 (compatible; MSIE 8.0; Windows NT 5.1; Trident/4.0)"
114.216.67.190 - - [22/Nov/2015:11:02:11 +0800] "GET /mobile/theme/ppj/home/images/20151111/home1.png HTTP/1.1" 304 0 "http://m.papaonline.com.cn/mobile/theme/ppj/home/index.html" "Mozilla/5.0 (Linux; Android 4.3; vivo X3L Build/JLS36C) AppleWebKit/537.36 (KHTML, like Gecko) Version/4.0 Chrome/33.0.0.0 Mobile Safari/537.36"
114.216.67.190 - - [22/Nov/2015:11:02:11 +0800] "GET /mobile/theme/ppj/home/images/20151111/home2.png HTTP/1.1" 304 0 "http://m.papaonline.com.cn/mobile/theme/ppj/home/index.html" "Mozilla/5.0 (Linux; Android 4.3; vivo X3L Build/JLS36C) AppleWebKit/537.36 (KHTML, like Gecko) Version/4.0 Chrome/33.0.0.0 Mobile Safari/537.36"
114.216.67.190 - - [22/Nov/2015:11:02:11 +0800] "GET /mobile/theme/ppj/home/images/20151111/home3.png HTTP/1.1" 304 0 "http://m.papaonline.com.cn/mobile/theme/ppj/home/index.html" "Mozilla/5.0 (Linux; Android 4.3; vivo X3L Build/JLS36C) AppleWebKit/537.36 (KHTML, like Gecko) Version/4.0 Chrome/33.0.0.0 Mobile Safari/537.36"
58.220.223.62 - - [22/Nov/2015:11:02:11 +0800] "GET /ccbs/global/scripts/ext/ext-all.js HTTP/1.1" 304 0 "http://www.papaonline.com.cn/ccbs/ccbs/order/showOrder.do?method=showOrderEditMainJsp&callPhone=13818585839&ccbsUserName=3056&uniqueid=1297919567.340&dataSourceId=14&temp=Y" "Mozilla/4.0 (compatible; MSIE 8.0; Windows NT 5.1; Trident/4.0)"
58.220.223.62 - - [22/Nov/2015:11:02:11 +0800] "GET /ccbs/global/scripts/ext/adapter/ext/core/JSON.js HTTP/1.1" 304 0 "http://www.papaonline.com.cn/ccbs/ccbs/order/showOrder.do?method=showOrderEditMainJsp&callPhone=13818585839&ccbsUserName=3056&uniqueid=1297919567.340&dataSourceId=14&temp=Y" "Mozilla/4.0 (compatible; MSIE 8.0; Windows NT 5.1; Trident/4.0)"
58.220.223.62 - - [22/Nov/2015:11:02:11 +0800] "GET /ccbs/global/css/main.css HTTP/1.1" 304 0 "http://www.papaonline.com.cn/ccbs/ccbs/order/showOrder.do?method=showOrderEditMainJsp&callPhone=13818585839&ccbsUserName=3056&uniqueid=1297919567.340&dataSourceId=14&temp=Y" "Mozilla/4.0 (compatible; MSIE 8.0; Windows NT 5.1; Trident/4.0)"
58.220.223.62 - - [22/Nov/2015:11:02:11 +0800] "GET /ccbs/global/scripts/jquery/plugins/loadmask/jquery.loadmask.min.js HTTP/1.1" 304 0 "http://www.papaonline.com.cn/ccbs/ccbs/order/showOrder.do?method=showOrderEditMainJsp&callPhone=13818585839&ccbsUserName=3056&uniqueid=1297919567.340&dataSourceId=14&temp=Y" "Mozilla/4.0 (compatible; MSIE 8.0; Windows NT 5.1; Trident/4.0)"
58.220.223.62 - - [22/Nov/2015:11:02:11 +0800] "GET /ccbs/global/scripts/jquery/plugins/pagination/pagination.css HTTP/1.1" 304 0 "http://www.papaonline.com.cn/ccbs/ccbs/order/showOrder.do?method=showOrderEditMainJsp&callPhone=13818585839&ccbsUserName=3056&uniqueid=1297919567.340&dataSourceId=14&temp=Y" "Mozilla/4.0 (compatible; MSIE 8.0; Windows NT 5.1; Trident/4.0)"
58.220.223.62 - - [22/Nov/2015:11:02:11 +0800] "GET /ccbs/global/js/BL.js HTTP/1.1" 304 0 "http://www.papaonline.com.cn/ccbs/ccbs/order/showOrder.do?method=showOrderEditMainJsp&callPhone=13818585839&ccbsUserName=3056&uniqueid=1297919567.340&dataSourceId=14&temp=Y" "Mozilla/4.0 (compatible; MSIE 8.0; Windows NT 5.1; Trident/4.0)"
58.220.223.62 - - [22/Nov/2015:11:02:11 +0800] "GET /ccbs/global/css/StyleSheet.css HTTP/1.1" 304 0 "http://www.papaonline.com.cn/ccbs/ccbs/order/showOrder.do?method=showOrderEditMainJsp&callPhone=13818585839&ccbsUserName=3056&uniqueid=1297919567.340&dataSourceId=14&temp=Y" "Mozilla/4.0 (compatible; MSIE 8.0; Windows NT 5.1; Trident/4.0)"
58.220.223.62 - - [22/Nov/2015:11:02:11 +0800] "GET /ccbs/global/scripts/jquery/plugins/ui/js/jquery-ui.min.js HTTP/1.1" 304 0 "http://www.papaonline.com.cn/ccbs/ccbs/order/showOrder.do?method=showOrderEditMainJsp&callPhone=13818585839&ccbsUserName=3056&uniqueid=1297919567.340&dataSourceId=14&temp=Y" "Mozilla/4.0 (compatible; MSIE 8.0; Windows NT 5.1; Trident/4.0)"
58.220.223.62 - - [22/Nov/2015:11:02:11 +0800] "GET /ccbs/global/scripts/jquery/plugins/loadmask/jquery.loadmask.css HTTP/1.1" 304 0 "http://www.papaonline.com.cn/ccbs/ccbs/order/showOrder.do?method=showOrderEditMainJsp&callPhone=13818585839&ccbsUserName=3056&uniqueid=1297919567.340&dataSourceId=14&temp=Y" "Mozilla/4.0 (compatible; MSIE 8.0; Windows NT 5.1; Trident/4.0)"
58.220.223.62 - - [22/Nov/2015:11:02:11 +0800] "GET /ccbs/global/scripts/jquery/plugins/ui/js/jquery.ui.datepicker-zh-CN.js HTTP/1.1" 304 0 "http://www.papaonline.com.cn/ccbs/ccbs/order/showOrder.do?method=showOrderEditMainJsp&callPhone=13818585839&ccbsUserName=3056&uniqueid=1297919567.340&dataSourceId=14&temp=Y" "Mozilla/4.0 (compatible; MSIE 8.0; Windows NT 5.1; Trident/4.0)"
58.220.223.62 - - [22/Nov/2015:11:02:11 +0800] "GET /ccbs/global/scripts/jquery/plugins/ui/css/sunny/jquery-ui.css HTTP/1.1" 304 0 "http://www.papaonline.com.cn/ccbs/ccbs/order/showOrder.do?method=showOrderEditMainJsp&callPhone=13818585839&ccbsUserName=3056&uniqueid=1297919567.340&dataSourceId=14&temp=Y" "Mozilla/4.0 (compatible; MSIE 8.0; Windows NT 5.1; Trident/4.0)"
58.220.223.62 - - [22/Nov/2015:11:02:11 +0800] "GET /ccbs/ccbs/order/js/OrderStandardOperationProcess.js HTTP/1.1" 304 0 "http://www.papaonline.com.cn/ccbs/ccbs/order/showOrder.do?method=showOrderEditMainJsp&callPhone=13818585839&ccbsUserName=3056&uniqueid=1297919567.340&dataSourceId=14&temp=Y" "Mozilla/4.0 (compatible; MSIE 8.0; Windows NT 5.1; Trident/4.0)"
58.220.223.62 - - [22/Nov/2015:11:02:11 +0800] "GET /ccbs/global/commonPage/includeHead/autoTable.js HTTP/1.1" 304 0 "http://www.papaonline.com.cn/ccbs/ccbs/order/showOrder.do?method=showOrderEditMainJsp&callPhone=13818585839&ccbsUserName=3056&uniqueid=1297919567.340&dataSourceId=14&temp=Y" "Mozilla/4.0 (compatible; MSIE 8.0; Windows NT 5.1; Trident/4.0)"
58.220.223.62 - - [22/Nov/2015:11:02:11 +0800] "GET /ccbs/ccbs/order/js/NoticeDispose.js HTTP/1.1" 304 0 "http://www.papaonline.com.cn/ccbs/ccbs/order/showOrder.do?method=showOrderEditMainJsp&callPhone=13818585839&ccbsUserName=3056&uniqueid=1297919567.340&dataSourceId=14&temp=Y" "Mozilla/4.0 (compatible; MSIE 8.0; Windows NT 5.1; Trident/4.0)"
58.220.223.62 - - [22/Nov/2015:11:02:11 +0800] "GET /ccbs/global/scripts/jquery/plugins/jquery.chromatable/jquery-ui-1.7.2.custom.min.js HTTP/1.1" 304 0 "http://www.papaonline.com.cn/ccbs/ccbs/order/showOrder.do?method=showOrderEditMainJsp&callPhone=13818585839&ccbsUserName=3056&uniqueid=1297919567.340&dataSourceId=14&temp=Y" "Mozilla/4.0 (compatible; MSIE 8.0; Windows NT 5.1; Trident/4.0)"
58.220.223.62 - - [22/Nov/2015:11:02:11 +0800] "GET /ccbs/global/scripts/jquery/plugins/pagination/pagination.js HTTP/1.1" 304 0 "http://www.papaonline.com.cn/ccbs/ccbs/order/showOrder.do?method=showOrderEditMainJsp&callPhone=13818585839&ccbsUserName=3056&uniqueid=1297919567.340&dataSourceId=14&temp=Y" "Mozilla/4.0 (compatible; MSIE 8.0; Windows NT 5.1; Trident/4.0)"
58.220.223.62 - - [22/Nov/2015:11:02:11 +0800] "GET /ccbs/global/scripts/jquery/plugins/jquery.chromatable/style.css HTTP/1.1" 304 0 "http://www.papaonline.com.cn/ccbs/ccbs/order/showOrder.do?method=showOrderEditMainJsp&callPhone=13818585839&ccbsUserName=3056&uniqueid=1297919567.340&dataSourceId=14&temp=Y" "Mozilla/4.0 (compatible; MSIE 8.0; Windows NT 5.1; Trident/4.0)"
58.220.223.62 - - [22/Nov/2015:11:02:11 +0800] "GET /ccbs/ccbs/communication/js/communicationEvent.js HTTP/1.1" 304 0 "http://www.papaonline.com.cn/ccbs/ccbs/order/showOrder.do?method=showOrderEditMainJsp&callPhone=13818585839&ccbsUserName=3056&uniqueid=1297919567.340&dataSourceId=14&temp=Y" "Mozilla/4.0 (compatible; MSIE 8.0; Windows NT 5.1; Trident/4.0)"
58.220.223.62 - - [22/Nov/2015:11:02:11 +0800] "GET /ccbs/ccbs/order/js/ccbsExtendedAjax.js HTTP/1.1" 304 0 "http://www.papaonline.com.cn/ccbs/ccbs/order/showOrder.do?method=showOrderEditMainJsp&callPhone=13818585839&ccbsUserName=3056&uniqueid=1297919567.340&dataSourceId=14&temp=Y" "Mozilla/4.0 (compatible; MSIE 8.0; Windows NT 5.1; Trident/4.0)"
58.220.223.62 - - [22/Nov/2015:11:02:11 +0800] "GET /ccbs/ccbs/order/js/OrderAgentOperater.js HTTP/1.1" 304 0 "http://www.papaonline.com.cn/ccbs/ccbs/order/showOrder.do?method=showOrderEditMainJsp&callPhone=13818585839&ccbsUserName=3056&uniqueid=1297919567.340&dataSourceId=14&temp=Y" "Mozilla/4.0 (compatible; MSIE 8.0; Windows NT 5.1; Trident/4.0)"
58.220.223.62 - - [22/Nov/2015:11:02:11 +0800] "GET /ccbs/ccbs/customer/js/phoneNumberHelper.js HTTP/1.1" 304 0 "http://www.papaonline.com.cn/ccbs/ccbs/order/showOrder.do?method=showOrderEditMainJsp&callPhone=13818585839&ccbsUserName=3056&uniqueid=1297919567.340&dataSourceId=14&temp=Y" "Mozilla/4.0 (compatible; MSIE 8.0; Windows NT 5.1; Trident/4.0)"
58.220.223.62 - - [22/Nov/2015:11:02:11 +0800] "GET /ccbs/global/scripts/jquery/plugins/jquery.chromatable/jquery.chromatable.js HTTP/1.1" 304 0 "http://www.papaonline.com.cn/ccbs/ccbs/order/showOrder.do?method=showOrderEditMainJsp&callPhone=13818585839&ccbsUserName=3056&uniqueid=1297919567.340&dataSourceId=14&temp=Y" "Mozilla/4.0 (compatible; MSIE 8.0; Windows NT 5.1; Trident/4.0)"
58.63.132.105 - - [22/Nov/2015:11:02:11 +0800] "GET /online/ppjonline/product/menu.jsp?code=special HTTP/1.1" 200 25258 "http://www.papaonline.com.cn/online/ppjonline/product/menu.jsp" "Mozilla/5.0 (Windows NT 6.1; WOW64) AppleWebKit/537.36 (KHTML, like Gecko) Chrome/31.0.1650.63 Safari/537.36"
58.220.223.62 - - [22/Nov/2015:11:02:11 +0800] "GET /ccbs/global/scripts/ext/resources/css/orange/panel/white-top-bottom.gif HTTP/1.1" 304 0 "http://www.papaonline.com.cn/ccbs/ccbs/order/showOrder.do?method=showOrderEditMainJsp&callPhone=13818585839&ccbsUserName=3056&uniqueid=1297919567.340&dataSourceId=14&temp=Y" "Mozilla/4.0 (compatible; MSIE 8.0; Windows NT 5.1; Trident/4.0)"
58.220.223.62 - - [22/Nov/2015:11:02:11 +0800] "GET /ccbs/global/css/bg_button.gif HTTP/1.1" 304 0 "http://www.papaonline.com.cn/ccbs/ccbs/order/showOrder.do?method=showOrderEditMainJsp&callPhone=13818585839&ccbsUserName=3056&uniqueid=1297919567.340&dataSourceId=14&temp=Y" "Mozilla/4.0 (compatible; MSIE 8.0; Windows NT 5.1; Trident/4.0)"
58.63.132.105 - - [22/Nov/2015:11:02:11 +0800] "GET /online/api/mc/sys/loginByClient.json?eatingStyleEnumId=702 HTTP/1.1" 200 68 "http://www.papaonline.com.cn/online/ppjonline/product/menu.jsp?code=special" "Mozilla/5.0 (Windows NT 6.1; WOW64) AppleWebKit/537.36 (KHTML, like Gecko) Chrome/31.0.1650.63 Safari/537.36"
58.63.132.105 - - [22/Nov/2015:11:02:11 +0800] "GET /online/api/mc/productCategory/children.json?language=zh_CN&productCategoryCode=ONLINE_SPECIAL_MENU HTTP/1.1" 200 1790 "http://www.papaonline.com.cn/online/ppjonline/product/menu.jsp?code=special" "Mozilla/5.0 (Windows NT 6.1; WOW64) AppleWebKit/537.36 (KHTML, like Gecko) Chrome/31.0.1650.63 Safari/537.36"
58.63.132.105 - - [22/Nov/2015:11:02:11 +0800] "GET /online/api/mc/cart/all.json?salesChannelEnumId=109&language=zh_CN&eatingStyleEnumId=702&_=1448161109360 HTTP/1.1" 200 444 "http://www.papaonline.com.cn/online/ppjonline/product/menu.jsp?code=special" "Mozilla/5.0 (Windows NT 6.1; WOW64) AppleWebKit/537.36 (KHTML, like Gecko) Chrome/31.0.1650.63 Safari/537.36"
119.130.187.50 - - [22/Nov/2015:11:02:12 +0800] "GET /online/api/mc/deliveryAddress/list.json?city=%E5%B9%BF%E5%B7%9E&keyword=%E7%BE%8E%E6%9E%97%E6%B5%B7%E5%B2%B8&startCode= HTTP/1.1" 200 77 "http://m.papaonline.com.cn/mobile/theme/ppj/account/myAddresses.html?op=add&forward=addressConfirm" "Mozilla/5.0 (iPad; CPU OS 8_4_1 like Mac OS X) AppleWebKit/600.1.4 (KHTML, like Gecko) Version/6.0 MQQBrowser/4.9.3 Mobile/12H321 Safari/7534.48.3"
116.216.0.60 - - [22/Nov/2015:11:02:12 +0800] "GET /mobile/theme/ppj/address/tpl/addressConfirmDeliveryListTpl.html HTTP/1.1" 200 838 "http://m.papaonline.com.cn/mobile/theme/ppj/address/addressConfirm.html" "Mozilla/5.0 (iPhone; CPU iPhone OS 9_1 like Mac OS X) AppleWebKit/601.1.46 (KHTML, like Gecko) Mobile/13B143 MicroMessenger/6.3.6 NetType/WIFI Language/zh_CN"
116.216.0.60 - - [22/Nov/2015:11:02:12 +0800] "GET /mobile/theme/ppj/address/tpl/estimatedDeliveryTimeListTpl.html HTTP/1.1" 200 257 "http://m.papaonline.com.cn/mobile/theme/ppj/address/addressConfirm.html" "Mozilla/5.0 (iPhone; CPU iPhone OS 9_1 like Mac OS X) AppleWebKit/601.1.46 (KHTML, like Gecko) Mobile/13B143 MicroMessenger/6.3.6 NetType/WIFI Language/zh_CN"
116.216.0.60 - - [22/Nov/2015:11:02:12 +0800] "GET /mobile/theme/ppj/address/tpl/addressConfirmCarryoutListTpl.html HTTP/1.1" 200 806 "http://m.papaonline.com.cn/mobile/theme/ppj/address/addressConfirm.html" "Mozilla/5.0 (iPhone; CPU iPhone OS 9_1 like Mac OS X) AppleWebKit/601.1.46 (KHTML, like Gecko) Mobile/13B143 MicroMessenger/6.3.6 NetType/WIFI Language/zh_CN"
58.63.132.105 - - [22/Nov/2015:11:02:12 +0800] "POST /online/api/mc/cart/save.json HTTP/1.1" 200 445 "http://www.papaonline.com.cn/online/ppjonline/product/menu.jsp?code=special" "Mozilla/5.0 (Windows NT 6.1; WOW64) AppleWebKit/537.36 (KHTML, like Gecko) Chrome/31.0.1650.63 Safari/537.36"
