114.86.203.2 - - [22/Nov/2015:11:02:16 +0800] "GET /online/ppjonline/css/jquery.fancybox-1.3.4.css HTTP/1.1" 200 1671 "http://www.papaonline.com.cn/online/ppjonline/order/orderNow.jsp" "Mozilla/5.0 (Windows NT 6.1) AppleWebKit/537.36 (KHTML, like Gecko) Chrome/39.0.2171.99 Safari/537.36"
180.154.238.125 - - [22/Nov/2015:11:02:16 +0800] "GET /mobile/theme/ppj/home/images/20151111/05.png HTTP/1.1" 200 190250 "http://m.papaonline.com.cn/mobile/theme/ppj/home/index.html" "Mozilla/5.0 (iPhone; CPU iPhone OS 8_1_3 like Mac OS X) AppleWebKit/600.1.4 (KHTML, like Gecko) Version/8.0 Mobile/12B466 Safari/600.1.4"
114.86.203.2 - - [22/Nov/2015:11:02:16 +0800] "GET /online/ppjonline/order/mapWrapper.css HTTP/1.1" 200 1851 "http://www.papaonline.com.cn/online/ppjonline/order/orderNow.jsp" "Mozilla/5.0 (Windows NT 6.1) AppleWebKit/537.36 (KHTML, like Gecko) Chrome/39.0.2171.99 Safari/537.36"
180.154.238.125 - - [22/Nov/2015:11:02:16 +0800] "GET /mobile/theme/ppj/home/images/view_menu.png HTTP/1.1" 200 3273 "http://m.papaonline.com.cn/mobile/theme/ppj/home/index.html" "Mozilla/5.0 (iPhone; CPU iPhone OS 8_1_3 like Mac OS X) AppleWebKit/600.1.4 (KHTML, like Gecko) Version/8.0 Mobile/12B466 Safari/600.1.4"
114.86.203.2 - - [22/Nov/2015:11:02:16 +0800] "GET /online/ppjonline/images/login_pic.png HTTP/1.1" 200 4087 "http://www.papaonline.com.cn/online/ppjonline/order/orderNow.jsp" "Mozilla/5.0 (Windows NT 6.1) AppleWebKit/537.36 (KHTML, like Gecko) Chrome/39.0.2171.99 Safari/537.36"
42.62.105.234 - - [22/Nov/2015:11:02:16 +0800] "GET /ccbs HTTP/1.1" 301 178 "-" "Mozilla/5.0 (compatible; MSIE 10.0; Windows NT 6.1; Trident/6.0)"
114.86.203.2 - - [22/Nov/2015:11:02:16 +0800] "GET /online/ppjonline/js/const.js HTTP/1.1" 200 271 "http://www.papaonline.com.cn/online/ppjonline/order/orderNow.jsp" "Mozilla/5.0 (Windows NT 6.1) AppleWebKit/537.36 (KHTML, like Gecko) Chrome/39.0.2171.99 Safari/537.36"
180.154.238.125 - - [22/Nov/2015:11:02:16 +0800] "GET /mobile/theme/ppj/home/images/20151111/home3.png HTTP/1.1" 200 136740 "http://m.papaonline.com.cn/mobile/theme/ppj/home/index.html" "Mozilla/5.0 (iPhone; CPU iPhone OS 8_1_3 like Mac OS X) AppleWebKit/600.1.4 (KHTML, like Gecko) Version/8.0 Mobile/12B466 Safari/600.1.4"
42.62.105.234 - - [22/Nov/2015:11:02:16 +0800] "GET /ccbs/ HTTP/1.1" 200 1953 "-" "Mozilla/5.0 (compatible; MSIE 10.0; Windows NT 6.1; Trident/6.0)"
121.236.57.46 - - [22/Nov/2015:11:02:16 +0800] "GET /mobile/static/account/src/AccountBiz.js HTTP/1.1" 304 0 "http://m.papaonline.com.cn/mobile/theme/ppj/home/index.html" "Mozilla/5.0 (Linux; U; Android 4.4.2; zh-cn; X9077 Build/KVT49L) AppleWebKit/537.36 (KHTML, like Gecko) Version/4.0 OppoBrowser/3.6.3 Mobile Safari/537.36"
121.236.57.46 - - [22/Nov/2015:11:02:16 +0800] "GET /mobile/static/common/src/SysConfig.js HTTP/1.1" 304 0 "http://m.papaonline.com.cn/mobile/theme/ppj/home/index.html" "Mozilla/5.0 (Linux; U; Android 4.4.2; zh-cn; X9077 Build/KVT49L) AppleWebKit/537.36 (KHTML, like Gecko) Version/4.0 OppoBrowser/3.6.3 Mobile Safari/537.36"
121.236.57.46 - - [22/Nov/2015:11:02:16 +0800] "GET /mobile/sea-modules/gallery/zepto-touch/1.1.3/zepto-touch.js HTTP/1.1" 304 0 "http://m.papaonline.com.cn/mobile/theme/ppj/home/index.html" "Mozilla/5.0 (Linux; U; Android 4.4.2; zh-cn; X9077 Build/KVT49L) AppleWebKit/537.36 (KHTML, like Gecko) Version/4.0 OppoBrowser/3.6.3 Mobile Safari/537.36"
121.236.57.46 - - [22/Nov/2015:11:02:16 +0800] "GET /mobile/static/cart/src/CartView.js HTTP/1.1" 304 0 "http://m.papaonline.com.cn/mobile/theme/ppj/home/index.html" "Mozilla/5.0 (Linux; U; Android 4.4.2; zh-cn; X9077 Build/KVT49L) AppleWebKit/537.36 (KHTML, like Gecko) Version/4.0 OppoBrowser/3.6.3 Mobile Safari/537.36"
121.236.57.46 - - [22/Nov/2015:11:02:16 +0800] "GET /mobile/sea-modules/arale/cookie/1.0.2/cookie.js HTTP/1.1" 304 0 "http://m.papaonline.com.cn/mobile/theme/ppj/home/index.html" "Mozilla/5.0 (Linux; U; Android 4.4.2; zh-cn; X9077 Build/KVT49L) AppleWebKit/537.36 (KHTML, like Gecko) Version/4.0 OppoBrowser/3.6.3 Mobile Safari/537.36"
121.236.57.46 - - [22/Nov/2015:11:02:16 +0800] "GET /mobile/static/common/src/McAjax.js HTTP/1.1" 304 0 "http://m.papaonline.com.cn/mobile/theme/ppj/home/index.html" "Mozilla/5.0 (Linux; U; Android 4.4.2; zh-cn; X9077 Build/KVT49L) AppleWebKit/537.36 (KHTML, like Gecko) Version/4.0 OppoBrowser/3.6.3 Mobile Safari/537.36"
180.154.238.125 - - [22/Nov/2015:11:02:16 +0800] "GET /mobile/theme/ppj/home/images/20151111/04.png HTTP/1.1" 200 256028 "http://m.papaonline.com.cn/mobile/theme/ppj/home/index.html" "Mozilla/5.0 (iPhone; CPU iPhone OS 8_1_3 like Mac OS X) AppleWebKit/600.1.4 (KHTML, like Gecko) Version/8.0 Mobile/12B466 Safari/600.1.4"
121.236.57.46 - - [22/Nov/2015:11:02:16 +0800] "GET /mobile/theme/ppj/home/tpl/changeImageTpl.html HTTP/1.1" 304 0 "http://m.papaonline.com.cn/mobile/theme/ppj/home/index.html" "Mozilla/5.0 (Linux; U; Android 4.4.2; zh-cn; X9077 Build/KVT49L) AppleWebKit/537.36 (KHTML, like Gecko) Version/4.0 OppoBrowser/3.6.3 Mobile Safari/537.36"
121.236.57.46 - - [22/Nov/2015:11:02:16 +0800] "GET /mobile/sea-modules/gallery/underscore/1.6.0/underscore.js HTTP/1.1" 304 0 "http://m.papaonline.com.cn/mobile/theme/ppj/home/index.html" "Mozilla/5.0 (Linux; U; Android 4.4.2; zh-cn; X9077 Build/KVT49L) AppleWebKit/537.36 (KHTML, like Gecko) Version/4.0 OppoBrowser/3.6.3 Mobile Safari/537.36"
121.236.57.46 - - [22/Nov/2015:11:02:16 +0800] "GET /mobile/static/product/src/ProductView.js HTTP/1.1" 304 0 "http://m.papaonline.com.cn/mobile/theme/ppj/home/index.html" "Mozilla/5.0 (Linux; U; Android 4.4.2; zh-cn; X9077 Build/KVT49L) AppleWebKit/537.36 (KHTML, like Gecko) Version/4.0 OppoBrowser/3.6.3 Mobile Safari/537.36"
121.236.57.46 - - [22/Nov/2015:11:02:16 +0800] "GET /mobile/static/home/src/HomeView.js HTTP/1.1" 304 0 "http://m.papaonline.com.cn/mobile/theme/ppj/home/index.html" "Mozilla/5.0 (Linux; U; Android 4.4.2; zh-cn; X9077 Build/KVT49L) AppleWebKit/537.36 (KHTML, like Gecko) Version/4.0 OppoBrowser/3.6.3 Mobile Safari/537.36"
121.236.57.46 - - [22/Nov/2015:11:02:16 +0800] "GET /mobile/sea-modules/imgload/jquery.lazyload.js HTTP/1.1" 304 0 "http://m.papaonline.com.cn/mobile/theme/ppj/home/index.html" "Mozilla/5.0 (Linux; U; Android 4.4.2; zh-cn; X9077 Build/KVT49L) AppleWebKit/537.36 (KHTML, like Gecko) Version/4.0 OppoBrowser/3.6.3 Mobile Safari/537.36"
121.236.57.46 - - [22/Nov/2015:11:02:16 +0800] "GET /mobile/theme/ppj/product/tpl/productCategoryTpl.html HTTP/1.1" 304 0 "http://m.papaonline.com.cn/mobile/theme/ppj/home/index.html" "Mozilla/5.0 (Linux; U; Android 4.4.2; zh-cn; X9077 Build/KVT49L) AppleWebKit/537.36 (KHTML, like Gecko) Version/4.0 OppoBrowser/3.6.3 Mobile Safari/537.36"
121.236.57.46 - - [22/Nov/2015:11:02:16 +0800] "GET /mobile/static/cart/src/CartBiz.js HTTP/1.1" 304 0 "http://m.papaonline.com.cn/mobile/theme/ppj/home/index.html" "Mozilla/5.0 (Linux; U; Android 4.4.2; zh-cn; X9077 Build/KVT49L) AppleWebKit/537.36 (KHTML, like Gecko) Version/4.0 OppoBrowser/3.6.3 Mobile Safari/537.36"
121.236.57.46 - - [22/Nov/2015:11:02:16 +0800] "GET /mobile/static/common/src/load-1.0.js HTTP/1.1" 304 0 "http://m.papaonline.com.cn/mobile/theme/ppj/home/index.html" "Mozilla/5.0 (Linux; U; Android 4.4.2; zh-cn; X9077 Build/KVT49L) AppleWebKit/537.36 (KHTML, like Gecko) Version/4.0 OppoBrowser/3.6.3 Mobile Safari/537.36"
121.236.57.46 - - [22/Nov/2015:11:02:16 +0800] "GET /mobile/static/localstorage/src/Cache.js HTTP/1.1" 304 0 "http://m.papaonline.com.cn/mobile/theme/ppj/home/index.html" "Mozilla/5.0 (Linux; U; Android 4.4.2; zh-cn; X9077 Build/KVT49L) AppleWebKit/537.36 (KHTML, like Gecko) Version/4.0 OppoBrowser/3.6.3 Mobile Safari/537.36"
121.236.57.46 - - [22/Nov/2015:11:02:16 +0800] "GET /mobile/theme/ppj/account/js/footerView.js HTTP/1.1" 304 0 "http://m.papaonline.com.cn/mobile/theme/ppj/home/index.html" "Mozilla/5.0 (Linux; U; Android 4.4.2; zh-cn; X9077 Build/KVT49L) AppleWebKit/537.36 (KHTML, like Gecko) Version/4.0 OppoBrowser/3.6.3 Mobile Safari/537.36"
121.236.57.46 - - [22/Nov/2015:11:02:16 +0800] "GET /mobile/static/home/src/HomeBiz.js HTTP/1.1" 304 0 "http://m.papaonline.com.cn/mobile/theme/ppj/home/index.html" "Mozilla/5.0 (Linux; U; Android 4.4.2; zh-cn; X9077 Build/KVT49L) AppleWebKit/537.36 (KHTML, like Gecko) Version/4.0 OppoBrowser/3.6.3 Mobile Safari/537.36"
121.236.57.46 - - [22/Nov/2015:11:02:16 +0800] "GET /mobile/static/product/src/ProductBiz.js HTTP/1.1" 304 0 "http://m.papaonline.com.cn/mobile/theme/ppj/home/index.html" "Mozilla/5.0 (Linux; U; Android 4.4.2; zh-cn; X9077 Build/KVT49L) AppleWebKit/537.36 (KHTML, like Gecko) Version/4.0 OppoBrowser/3.6.3 Mobile Safari/537.36"
101.81.13.172 - - [22/Nov/2015:11:02:16 +0800] "GET /mobile/theme/ppj/home/images/20151111/01.png HTTP/1.1" 200 126928 "http://m.papaonline.com.cn/mobile/theme/ppj/home/index.html" "Mozilla/5.0 (iPhone; CPU iPhone OS 9_1 like Mac OS X) AppleWebKit/601.1.46 (KHTML, like Gecko) Mobile/13B143"
101.81.13.172 - - [22/Nov/2015:11:02:16 +0800] "GET /mobile/theme/ppj/home/images/20151111/02.png HTTP/1.1" 200 129664 "http://m.papaonline.com.cn/mobile/theme/ppj/home/index.html" "Mozilla/5.0 (iPhone; CPU iPhone OS 9_1 like Mac OS X) AppleWebKit/601.1.46 (KHTML, like Gecko) Mobile/13B143"
101.81.13.172 - - [22/Nov/2015:11:02:16 +0800] "GET /mobile/theme/ppj/home/images/20151111/05.png HTTP/1.1" 200 129664 "http://m.papaonline.com.cn/mobile/theme/ppj/home/index.html" "Mozilla/5.0 (iPhone; CPU iPhone OS 9_1 like Mac OS X) AppleWebKit/601.1.46 (KHTML, like Gecko) Mobile/13B143"
101.81.13.172 - - [22/Nov/2015:11:02:16 +0800] "GET /mobile/theme/ppj/home/images/20151111/03.png HTTP/1.1" 200 125560 "http://m.papaonline.com.cn/mobile/theme/ppj/home/index.html" "Mozilla/5.0 (iPhone; CPU iPhone OS 9_1 like Mac OS X) AppleWebKit/601.1.46 (KHTML, like Gecko) Mobile/13B143"
101.81.13.172 - - [22/Nov/2015:11:02:16 +0800] "GET /mobile/theme/ppj/home/images/20151111/04.png HTTP/1.1" 200 70840 "http://m.papaonline.com.cn/mobile/theme/ppj/home/index.html" "Mozilla/5.0 (iPhone; CPU iPhone OS 9_1 like Mac OS X) AppleWebKit/601.1.46 (KHTML, like Gecko) Mobile/13B143"
121.236.57.46 - - [22/Nov/2015:11:02:16 +0800] "GET /mobile/static/common/src/md5.js HTTP/1.1" 304 0 "http://m.papaonline.com.cn/mobile/theme/ppj/home/index.html" "Mozilla/5.0 (Linux; U; Android 4.4.2; zh-cn; X9077 Build/KVT49L) AppleWebKit/537.36 (KHTML, like Gecko) Version/4.0 OppoBrowser/3.6.3 Mobile Safari/537.36"
121.236.57.46 - - [22/Nov/2015:11:02:16 +0800] "GET /mobile/theme/ppj/account/tpl/footerTpl.html HTTP/1.1" 304 0 "http://m.papaonline.com.cn/mobile/theme/ppj/home/index.html" "Mozilla/5.0 (Linux; U; Android 4.4.2; zh-cn; X9077 Build/KVT49L) AppleWebKit/537.36 (KHTML, like Gecko) Version/4.0 OppoBrowser/3.6.3 Mobile Safari/537.36"
121.236.57.46 - - [22/Nov/2015:11:02:16 +0800] "GET /mobile/static/member/src/MemberCrmView.js HTTP/1.1" 304 0 "http://m.papaonline.com.cn/mobile/theme/ppj/home/index.html" "Mozilla/5.0 (Linux; U; Android 4.4.2; zh-cn; X9077 Build/KVT49L) AppleWebKit/537.36 (KHTML, like Gecko) Version/4.0 OppoBrowser/3.6.3 Mobile Safari/537.36"
180.154.238.125 - - [22/Nov/2015:11:02:16 +0800] "GET /mobile/theme/ppj/home/images/20151111/home2.png HTTP/1.1" 200 116059 "http://m.papaonline.com.cn/mobile/theme/ppj/home/index.html" "Mozilla/5.0 (iPhone; CPU iPhone OS 8_1_3 like Mac OS X) AppleWebKit/600.1.4 (KHTML, like Gecko) Version/8.0 Mobile/12B466 Safari/600.1.4"
180.154.238.125 - - [22/Nov/2015:11:02:16 +0800] "GET /mobile/theme/ppj/home/images/20151111/01.png HTTP/1.1" 200 140147 "http://m.papaonline.com.cn/mobile/theme/ppj/home/index.html" "Mozilla/5.0 (iPhone; CPU iPhone OS 8_1_3 like Mac OS X) AppleWebKit/600.1.4 (KHTML, like Gecko) Version/8.0 Mobile/12B466 Safari/600.1.4"
180.154.238.125 - - [22/Nov/2015:11:02:16 +0800] "GET /mobile/theme/ppj/home/images/papa_rewards.png HTTP/1.1" 200 4362 "http://m.papaonline.com.cn/mobile/theme/ppj/home/index.html" "Mozilla/5.0 (iPhone; CPU iPhone OS 8_1_3 like Mac OS X) AppleWebKit/600.1.4 (KHTML, like Gecko) Version/8.0 Mobile/12B466 Safari/600.1.4"
121.236.57.46 - - [22/Nov/2015:11:02:16 +0800] "GET /mobile/static/common/src/loadingimg.gif HTTP/1.1" 304 0 "http://m.papaonline.com.cn/mobile/theme/ppj/home/index.html" "Mozilla/5.0 (Linux; U; Android 4.4.2; zh-cn; X9077 Build/KVT49L) AppleWebKit/537.36 (KHTML, like Gecko) Version/4.0 OppoBrowser/3.6.3 Mobile Safari/537.36"
180.154.238.125 - - [22/Nov/2015:11:02:16 +0800] "GET /mobile/theme/ppj/home/images/20151111/03.png HTTP/1.1" 200 282956 "http://m.papaonline.com.cn/mobile/theme/ppj/home/index.html" "Mozilla/5.0 (iPhone; CPU iPhone OS 8_1_3 like Mac OS X) AppleWebKit/600.1.4 (KHTML, like Gecko) Version/8.0 Mobile/12B466 Safari/600.1.4"
180.154.238.125 - - [22/Nov/2015:11:02:16 +0800] "GET /mobile/theme/ppj/home/images/20151111/02.png HTTP/1.1" 200 247089 "http://m.papaonline.com.cn/mobile/theme/ppj/home/index.html" "Mozilla/5.0 (iPhone; CPU iPhone OS 8_1_3 like Mac OS X) AppleWebKit/600.1.4 (KHTML, like Gecko) Version/8.0 Mobile/12B466 Safari/600.1.4"
180.154.238.125 - - [22/Nov/2015:11:02:16 +0800] "GET /mobile/theme/ppj/home/images/start_dinner.png HTTP/1.1" 200 4666 "http://m.papaonline.com.cn/mobile/theme/ppj/home/index.html" "Mozilla/5.0 (iPhone; CPU iPhone OS 8_1_3 like Mac OS X) AppleWebKit/600.1.4 (KHTML, like Gecko) Version/8.0 Mobile/12B466 Safari/600.1.4"
121.236.57.46 - - [22/Nov/2015:11:02:16 +0800] "GET /mobile/static/member/src/MemberCrmBiz.js HTTP/1.1" 304 0 "http://m.papaonline.com.cn/mobile/theme/ppj/home/index.html" "Mozilla/5.0 (Linux; U; Android 4.4.2; zh-cn; X9077 Build/KVT49L) AppleWebKit/537.36 (KHTML, like Gecko) Version/4.0 OppoBrowser/3.6.3 Mobile Safari/537.36"
180.154.238.125 - - [22/Nov/2015:11:02:16 +0800] "GET /mobile/theme/ppj/home/images/20151111/home1.png HTTP/1.1" 200 104179 "http://m.papaonline.com.cn/mobile/theme/ppj/home/index.html" "Mozilla/5.0 (iPhone; CPU iPhone OS 8_1_3 like Mac OS X) AppleWebKit/600.1.4 (KHTML, like Gecko) Version/8.0 Mobile/12B466 Safari/600.1.4"
121.236.57.46 - - [22/Nov/2015:11:02:16 +0800] "GET /mobile/theme/ppj/home/images/20151111/01.png HTTP/1.1" 304 0 "http://m.papaonline.com.cn/mobile/theme/ppj/home/index.html" "Mozilla/5.0 (Linux; U; Android 4.4.2; zh-cn; X9077 Build/KVT49L) AppleWebKit/537.36 (KHTML, like Gecko) Version/4.0 OppoBrowser/3.6.3 Mobile Safari/537.36"
121.236.57.46 - - [22/Nov/2015:11:02:16 +0800] "GET /mobile/theme/ppj/home/images/papa_logo.png HTTP/1.1" 304 0 "http://m.papaonline.com.cn/mobile/theme/ppj/home/index.html" "Mozilla/5.0 (Linux; U; Android 4.4.2; zh-cn; X9077 Build/KVT49L) AppleWebKit/537.36 (KHTML, like Gecko) Version/4.0 OppoBrowser/3.6.3 Mobile Safari/537.36"
121.236.57.46 - - [22/Nov/2015:11:02:16 +0800] "GET /mobile/theme/ppj/home/images/20150628/6.jpg HTTP/1.1" 304 0 "http://m.papaonline.com.cn/mobile/theme/ppj/home/index.html" "Mozilla/5.0 (Linux; U; Android 4.4.2; zh-cn; X9077 Build/KVT49L) AppleWebKit/537.36 (KHTML, like Gecko) Version/4.0 OppoBrowser/3.6.3 Mobile Safari/537.36"
121.236.57.46 - - [22/Nov/2015:11:02:16 +0800] "GET /mobile/theme/ppj/home/images/20151111/02.png HTTP/1.1" 304 0 "http://m.papaonline.com.cn/mobile/theme/ppj/home/index.html" "Mozilla/5.0 (Linux; U; Android 4.4.2; zh-cn; X9077 Build/KVT49L) AppleWebKit/537.36 (KHTML, like Gecko) Version/4.0 OppoBrowser/3.6.3 Mobile Safari/537.36"
121.236.57.46 - - [22/Nov/2015:11:02:16 +0800] "GET /mobile/theme/ppj/home/images/20151111/05.png HTTP/1.1" 304 0 "http://m.papaonline.com.cn/mobile/theme/ppj/home/index.html" "Mozilla/5.0 (Linux; U; Android 4.4.2; zh-cn; X9077 Build/KVT49L) AppleWebKit/537.36 (KHTML, like Gecko) Version/4.0 OppoBrowser/3.6.3 Mobile Safari/537.36"
121.236.57.46 - - [22/Nov/2015:11:02:16 +0800] "GET /mobile/theme/ppj/home/images/20151111/03.png HTTP/1.1" 304 0 "http://m.papaonline.com.cn/mobile/theme/ppj/home/index.html" "Mozilla/5.0 (Linux; U; Android 4.4.2; zh-cn; X9077 Build/KVT49L) AppleWebKit/537.36 (KHTML, like Gecko) Version/4.0 OppoBrowser/3.6.3 Mobile Safari/537.36"
121.236.57.46 - - [22/Nov/2015:11:02:16 +0800] "GET /mobile/theme/ppj/home/images/150309/act_28.jpg HTTP/1.1" 304 0 "http://m.papaonline.com.cn/mobile/theme/ppj/home/index.html" "Mozilla/5.0 (Linux; U; Android 4.4.2; zh-cn; X9077 Build/KVT49L) AppleWebKit/537.36 (KHTML, like Gecko) Version/4.0 OppoBrowser/3.6.3 Mobile Safari/537.36"
121.236.57.46 - - [22/Nov/2015:11:02:16 +0800] "GET /mobile/theme/ppj/home/images/20151111/04.png HTTP/1.1" 304 0 "http://m.papaonline.com.cn/mobile/theme/ppj/home/index.html" "Mozilla/5.0 (Linux; U; Android 4.4.2; zh-cn; X9077 Build/KVT49L) AppleWebKit/537.36 (KHTML, like Gecko) Version/4.0 OppoBrowser/3.6.3 Mobile Safari/537.36"
121.236.57.46 - - [22/Nov/2015:11:02:16 +0800] "GET /mobile/theme/ppj/home/images/start_dinner.png HTTP/1.1" 304 0 "http://m.papaonline.com.cn/mobile/theme/ppj/home/index.html" "Mozilla/5.0 (Linux; U; Android 4.4.2; zh-cn; X9077 Build/KVT49L) AppleWebKit/537.36 (KHTML, like Gecko) Version/4.0 OppoBrowser/3.6.3 Mobile Safari/537.36"
121.236.57.46 - - [22/Nov/2015:11:02:16 +0800] "GET /mobile/theme/ppj/home/images/papa_rewards.png HTTP/1.1" 304 0 "http://m.papaonline.com.cn/mobile/theme/ppj/home/index.html" "Mozilla/5.0 (Linux; U; Android 4.4.2; zh-cn; X9077 Build/KVT49L) AppleWebKit/537.36 (KHTML, like Gecko) Version/4.0 OppoBrowser/3.6.3 Mobile Safari/537.36"
121.236.57.46 - - [22/Nov/2015:11:02:16 +0800] "GET /mobile/theme/ppj/home/images/view_menu.png HTTP/1.1" 304 0 "http://m.papaonline.com.cn/mobile/theme/ppj/home/index.html" "Mozilla/5.0 (Linux; U; Android 4.4.2; zh-cn; X9077 Build/KVT49L) AppleWebKit/537.36 (KHTML, like Gecko) Version/4.0 OppoBrowser/3.6.3 Mobile Safari/537.36"
121.236.57.46 - - [22/Nov/2015:11:02:16 +0800] "GET /mobile/theme/ppj/home/images/20151111/home1.png HTTP/1.1" 304 0 "http://m.papaonline.com.cn/mobile/theme/ppj/home/index.html" "Mozilla/5.0 (Linux; U; Android 4.4.2; zh-cn; X9077 Build/KVT49L) AppleWebKit/537.36 (KHTML, like Gecko) Version/4.0 OppoBrowser/3.6.3 Mobile Safari/537.36"
121.236.57.46 - - [22/Nov/2015:11:02:16 +0800] "GET /mobile/theme/ppj/home/images/20151111/home3.png HTTP/1.1" 304 0 "http://m.papaonline.com.cn/mobile/theme/ppj/home/index.html" "Mozilla/5.0 (Linux; U; Android 4.4.2; zh-cn; X9077 Build/KVT49L) AppleWebKit/537.36 (KHTML, like Gecko) Version/4.0 OppoBrowser/3.6.3 Mobile Safari/537.36"
121.236.57.46 - - [22/Nov/2015:11:02:16 +0800] "GET /mobile/theme/ppj/home/images/20151111/home2.png HTTP/1.1" 304 0 "http://m.papaonline.com.cn/mobile/theme/ppj/home/index.html" "Mozilla/5.0 (Linux; U; Android 4.4.2; zh-cn; X9077 Build/KVT49L) AppleWebKit/537.36 (KHTML, like Gecko) Version/4.0 OppoBrowser/3.6.3 Mobile Safari/537.36"
114.86.203.2 - - [22/Nov/2015:11:02:16 +0800] "GET /online/ppjonline/images/reg_pic.png HTTP/1.1" 200 4041 "http://www.papaonline.com.cn/online/ppjonline/order/orderNow.jsp" "Mozilla/5.0 (Windows NT 6.1) AppleWebKit/537.36 (KHTML, like Gecko) Chrome/39.0.2171.99 Safari/537.36"
107.182.230.39 - - [22/Nov/2015:11:02:16 +0800] "GET /mobile/theme/ppj/product/js/PPJProductView.js HTTP/1.1" 200 12341 "http://m.papaonline.com.cn/mobile/theme/ppj/product/productCategoryIndex.html?preview=preview" "Mozilla/5.0 (iPad; CPU OS 9_1 like Mac OS X) AppleWebKit/601.1.46 (KHTML, like Gecko) Version/9.0 Mobile/13B143 Safari/601.1"
27.115.63.226 - - [22/Nov/2015:11:02:16 +0800] "GET /online/ppjonline/account/account.jsp HTTP/1.1" 200 57218 "http://www.papaonline.com.cn/online/ppjonline/account/account.jsp" "Mozilla/5.0 (Windows NT 6.1; WOW64) AppleWebKit/537.36 (KHTML, like Gecko) Chrome/41.0.2272.89 Safari/537.36"
114.86.203.2 - - [22/Nov/2015:11:02:16 +0800] "GET /online/ppjonline/images/arrow_right.png HTTP/1.1" 200 2884 "http://www.papaonline.com.cn/online/ppjonline/order/orderNow.jsp" "Mozilla/5.0 (Windows NT 6.1) AppleWebKit/537.36 (KHTML, like Gecko) Chrome/39.0.2171.99 Safari/537.36"
58.220.223.62 - - [22/Nov/2015:11:02:16 +0800] "GET /ccbs//ccbs/communication/showCommunicationEventMaintan.do?method=showAddCommunicationEventJsp&partyId=undefined&callPhone=67831133&uniqueid=1297919567.340&dataSourceId=14&orderId=undefined&orderCode=undefined&startTime=20151122110523&cmmuEventPrpTypeId=88&treeCode=00010&estimatedDeliveryTime=undefined&cmmuEventPrpTypeCode=\xD7\xC9\xD1\xAF&dataSourceId=14 HTTP/1.1" 200 7325 "-" "Mozilla/4.0 (compatible; MSIE 7.0; Windows NT 5.1; Trident/4.0)"
58.220.223.62 - - [22/Nov/2015:11:02:16 +0800] "GET /ccbs//ccbs/communication/button.css HTTP/1.1" 404 1021 "http://www.papaonline.com.cn/ccbs//ccbs/communication/showCommunicationEventMaintan.do?method=showAddCommunicationEventJsp&partyId=undefined&callPhone=67831133&uniqueid=1297919567.340&dataSourceId=14&orderId=undefined&orderCode=undefined&startTime=20151122110523&cmmuEventPrpTypeId=88&treeCode=00010&estimatedDeliveryTime=undefined&cmmuEventPrpTypeCode=\xE5\x92\xA8\xE8\xAF\xA2&dataSourceId=14" "Mozilla/4.0 (compatible; MSIE 7.0; Windows NT 5.1; Trident/4.0)"
61.171.21.196 - - [22/Nov/2015:11:02:17 +0800] "GET /mobile/theme/ppj/account/js/PPJMyPizzaMasterView.js HTTP/1.1" 200 9582 "http://m.papaonline.com.cn/mobile/theme/ppj/account/myPizzaMaster.html" "Mozilla/5.0 (iPad; CPU OS 9_1 like Mac OS X) AppleWebKit/601.1.46 (KHTML, like Gecko) Version/9.0 Mobile/13B143 Safari/601.1"
27.115.63.226 - - [22/Nov/2015:11:02:17 +0800] "GET /online/api/mc/cart/all.json?salesChannelEnumId=109&language=zh_CN&eatingStyleEnumId=701&productStoreId=100036&estimatedDeliveryDate=20151122&_=1448161335571 HTTP/1.1" 200 1242 "http://www.papaonline.com.cn/online/ppjonline/account/account.jsp" "Mozilla/5.0 (Windows NT 6.1; WOW64) AppleWebKit/537.36 (KHTML, like Gecko) Chrome/41.0.2272.89 Safari/537.36"
61.171.21.196 - - [22/Nov/2015:11:02:17 +0800] "GET /mobile/theme/ppj/account/tpl/myCouponsTpl.html HTTP/1.1" 200 939 "http://m.papaonline.com.cn/mobile/theme/ppj/account/myPizzaMaster.html" "Mozilla/5.0 (iPad; CPU OS 9_1 like Mac OS X) AppleWebKit/601.1.46 (KHTML, like Gecko) Version/9.0 Mobile/13B143 Safari/601.1"
112.64.171.98 - - [22/Nov/2015:11:02:17 +0800] "POST /ccbs/ccbs/order/performOrder.do?method=reSendOrderOnce HTTP/1.1" 200 40 "http://www.papaonline.com.cn/ccbs/ccbs/order/showExceptionOrder.do?method=showExceptionOrderJsp" "Mozilla/4.0 (compatible; MSIE 7.0; Windows NT 5.1; Trident/4.0; InfoPath.2; .NET CLR 2.0.50727)"
116.25.32.13 - - [22/Nov/2015:11:02:17 +0800] "GET /mobile/theme/ppj/product/productCategoryIndex.html?productCategoryId=49 HTTP/1.1" 200 1247 "http://m.papaonline.com.cn/mobile/theme/ppj/home/index.html" "Mozilla/5.0 (iPad; CPU OS 7_0 like Mac OS X) AppleWebKit/537.51.1 (KHTML, like Gecko) Version/7.0 Mobile/11A465 Safari/9537.53"
27.115.63.226 - - [22/Nov/2015:11:02:17 +0800] "POST /online/api/mc/cart/save.json HTTP/1.1" 200 1242 "http://www.papaonline.com.cn/online/ppjonline/account/account.jsp" "Mozilla/5.0 (Windows NT 6.1; WOW64) AppleWebKit/537.36 (KHTML, like Gecko) Chrome/41.0.2272.89 Safari/537.36"
112.64.171.98 - - [22/Nov/2015:11:02:17 +0800] "POST /ccbs/ccbs/order/performOrder.do?method=unLockOrder HTTP/1.1" 200 46 "http://www.papaonline.com.cn/ccbs/ccbs/order/showExceptionOrder.do?method=showExceptionOrderJsp" "Mozilla/4.0 (compatible; MSIE 7.0; Windows NT 5.1; Trident/4.0; InfoPath.2; .NET CLR 2.0.50727)"
112.64.171.98 - - [22/Nov/2015:11:02:17 +0800] "POST /ccbs/ccbs/order/showExceptionOrder.do?method=queryOrderNeedNotice HTTP/1.1" 200 4153 "http://www.papaonline.com.cn/ccbs/ccbs/order/showExceptionOrder.do?method=showExceptionOrderJsp" "Mozilla/4.0 (compatible; MSIE 7.0; Windows NT 5.1; Trident/4.0; InfoPath.2; .NET CLR 2.0.50727)"
202.158.163.13 - - [22/Nov/2015:11:02:17 +0800] "GET /online/api/mc/sys/nowTime.json HTTP/1.1" 200 66 "http://m.papaonline.com.cn/mobile/theme/ppj/product/productCategoryIndex.html" "Mozilla/5.0 (Linux; Android 4.4.4; R8205 Build/KTU84P) AppleWebKit/537.36 (KHTML, like Gecko) Chrome/46.0.2490.76 Mobile Safari/537.36"
116.216.0.60 - - [22/Nov/2015:11:02:17 +0800] "GET /mobile/theme/ppj/account/myAddresses.html?op=add&forward=addressConfirm HTTP/1.1" 200 813 "http://m.papaonline.com.cn/mobile/theme/ppj/address/addressConfirm.html" "Mozilla/5.0 (iPhone; CPU iPhone OS 9_1 like Mac OS X) AppleWebKit/601.1.46 (KHTML, like Gecko) Mobile/13B143 MicroMessenger/6.3.6 NetType/WIFI Language/zh_CN"
202.158.163.13 - - [22/Nov/2015:11:02:17 +0800] "GET /online/api/mc/product/list/1.json?productCategoryId=54&productStoreId=1&estimatedDeliveryDate=20151122&eatingStyleEnumId=702&salesChannelEnumId=110&language=zh_CN HTTP/1.1" 200 7108 "http://m.papaonline.com.cn/mobile/theme/ppj/product/productCategoryIndex.html" "Mozilla/5.0 (Linux; Android 4.4.4; R8205 Build/KTU84P) AppleWebKit/537.36 (KHTML, like Gecko) Chrome/46.0.2490.76 Mobile Safari/537.36"
116.25.32.13 - - [22/Nov/2015:11:02:17 +0800] "GET /mobile/theme/ppj/product/js/PPJProductView.js HTTP/1.1" 200 12341 "http://m.papaonline.com.cn/mobile/theme/ppj/product/productCategoryIndex.html?productCategoryId=49" "Mozilla/5.0 (iPad; CPU OS 7_0 like Mac OS X) AppleWebKit/537.51.1 (KHTML, like Gecko) Version/7.0 Mobile/11A465 Safari/9537.53"
202.158.163.13 - - [22/Nov/2015:11:02:17 +0800] "GET /online/ppjonline/images/product/product_90702.png HTTP/1.1" 200 6369 "http://m.papaonline.com.cn/mobile/theme/ppj/product/productCategoryIndex.html" "Mozilla/5.0 (Linux; Android 4.4.4; R8205 Build/KTU84P) AppleWebKit/537.36 (KHTML, like Gecko) Chrome/46.0.2490.76 Mobile Safari/537.36"
202.158.163.13 - - [22/Nov/2015:11:02:17 +0800] "GET /online/ppjonline/images/product/product_90701.png HTTP/1.1" 200 6318 "http://m.papaonline.com.cn/mobile/theme/ppj/product/productCategoryIndex.html" "Mozilla/5.0 (Linux; Android 4.4.4; R8205 Build/KTU84P) AppleWebKit/537.36 (KHTML, like Gecko) Chrome/46.0.2490.76 Mobile Safari/537.36"
202.158.163.13 - - [22/Nov/2015:11:02:17 +0800] "GET /online/ppjonline/images/product/product_90204.png HTTP/1.1" 200 24685 "http://m.papaonline.com.cn/mobile/theme/ppj/product/productCategoryIndex.html" "Mozilla/5.0 (Linux; Android 4.4.4; R8205 Build/KTU84P) AppleWebKit/537.36 (KHTML, like Gecko) Chrome/46.0.2490.76 Mobile Safari/537.36"
202.158.163.13 - - [22/Nov/2015:11:02:17 +0800] "GET /online/ppjonline/images/product/product_90205.png HTTP/1.1" 200 22846 "http://m.papaonline.com.cn/mobile/theme/ppj/product/productCategoryIndex.html" "Mozilla/5.0 (Linux; Android 4.4.4; R8205 Build/KTU84P) AppleWebKit/537.36 (KHTML, like Gecko) Chrome/46.0.2490.76 Mobile Safari/537.36"
202.158.163.13 - - [22/Nov/2015:11:02:17 +0800] "GET /online/ppjonline/images/product/product_90703.png HTTP/1.1" 200 6023 "http://m.papaonline.com.cn/mobile/theme/ppj/product/productCategoryIndex.html" "Mozilla/5.0 (Linux; Android 4.4.4; R8205 Build/KTU84P) AppleWebKit/537.36 (KHTML, like Gecko) Chrome/46.0.2490.76 Mobile Safari/537.36"
27.115.63.226 - - [22/Nov/2015:11:02:17 +0800] "GET /online/mc/crm/integration/customer/queryMemberFeedsIds.json?userId=487490 HTTP/1.1" 200 52 "http://www.papaonline.com.cn/online/ppjonline/account/account.jsp" "Mozilla/5.0 (Windows NT 6.1; WOW64) AppleWebKit/537.36 (KHTML, like Gecko) Chrome/41.0.2272.89 Safari/537.36"
202.158.163.13 - - [22/Nov/2015:11:02:17 +0800] "GET /online/ppjonline/images/product/product_90203.png HTTP/1.1" 200 29981 "http://m.papaonline.com.cn/mobile/theme/ppj/product/productCategoryIndex.html" "Mozilla/5.0 (Linux; Android 4.4.4; R8205 Build/KTU84P) AppleWebKit/537.36 (KHTML, like Gecko) Chrome/46.0.2490.76 Mobile Safari/537.36"
202.158.163.13 - - [22/Nov/2015:11:02:17 +0800] "GET /online/ppjonline/images/product/product_90043.png HTTP/1.1" 200 31708 "http://m.papaonline.com.cn/mobile/theme/ppj/product/productCategoryIndex.html" "Mozilla/5.0 (Linux; Android 4.4.4; R8205 Build/KTU84P) AppleWebKit/537.36 (KHTML, like Gecko) Chrome/46.0.2490.76 Mobile Safari/537.36"
27.115.63.226 - - [22/Nov/2015:11:02:17 +0800] "GET /online/mc/crm/integration/points/pointBalance.json HTTP/1.1" 200 72 "http://www.papaonline.com.cn/online/ppjonline/account/account.jsp" "Mozilla/5.0 (Windows NT 6.1; WOW64) AppleWebKit/537.36 (KHTML, like Gecko) Chrome/41.0.2272.89 Safari/537.36"
202.158.163.13 - - [22/Nov/2015:11:02:17 +0800] "GET /online/ppjonline/images/product/product_5013.png HTTP/1.1" 200 29105 "http://m.papaonline.com.cn/mobile/theme/ppj/product/productCategoryIndex.html" "Mozilla/5.0 (Linux; Android 4.4.4; R8205 Build/KTU84P) AppleWebKit/537.36 (KHTML, like Gecko) Chrome/46.0.2490.76 Mobile Safari/537.36"
27.115.63.226 - - [22/Nov/2015:11:02:17 +0800] "GET /online/api/mc/order/list/customer/recent.json?random=1448161335981 HTTP/1.1" 200 552 "http://www.papaonline.com.cn/online/ppjonline/account/account.jsp" "Mozilla/5.0 (Windows NT 6.1; WOW64) AppleWebKit/537.36 (KHTML, like Gecko) Chrome/41.0.2272.89 Safari/537.36"
202.158.163.13 - - [22/Nov/2015:11:02:17 +0800] "GET /online/ppjonline/images/product/product_163.png HTTP/1.1" 200 18280 "http://m.papaonline.com.cn/mobile/theme/ppj/product/productCategoryIndex.html" "Mozilla/5.0 (Linux; Android 4.4.4; R8205 Build/KTU84P) AppleWebKit/537.36 (KHTML, like Gecko) Chrome/46.0.2490.76 Mobile Safari/537.36"
202.158.163.13 - - [22/Nov/2015:11:02:17 +0800] "GET /online/ppjonline/images/product/product_159.png HTTP/1.1" 200 17457 "http://m.papaonline.com.cn/mobile/theme/ppj/product/productCategoryIndex.html" "Mozilla/5.0 (Linux; Android 4.4.4; R8205 Build/KTU84P) AppleWebKit/537.36 (KHTML, like Gecko) Chrome/46.0.2490.76 Mobile Safari/537.36"
202.158.163.13 - - [22/Nov/2015:11:02:17 +0800] "GET /online/ppjonline/images/product/product_90046.png HTTP/1.1" 200 28359 "http://m.papaonline.com.cn/mobile/theme/ppj/product/productCategoryIndex.html" "Mozilla/5.0 (Linux; Android 4.4.4; R8205 Build/KTU84P) AppleWebKit/537.36 (KHTML, like Gecko) Chrome/46.0.2490.76 Mobile Safari/537.36"
27.115.63.226 - - [22/Nov/2015:11:02:17 +0800] "GET /online/mc/crm/integration/customer/customerInfo.json?userId=487490 HTTP/1.1" 200 486 "http://www.papaonline.com.cn/online/ppjonline/account/account.jsp" "Mozilla/5.0 (Windows NT 6.1; WOW64) AppleWebKit/537.36 (KHTML, like Gecko) Chrome/41.0.2272.89 Safari/537.36"
27.115.63.226 - - [22/Nov/2015:11:02:17 +0800] "GET /online/api/mc/customer/check/joinActive.json?promoCode=20140721&source=102&language=%E4%B8%AD%E6%96%87&_=1448161335997 HTTP/1.1" 200 69 "http://www.papaonline.com.cn/online/ppjonline/account/account.jsp" "Mozilla/5.0 (Windows NT 6.1; WOW64) AppleWebKit/537.36 (KHTML, like Gecko) Chrome/41.0.2272.89 Safari/537.36"
116.216.0.60 - - [22/Nov/2015:11:02:17 +0800] "GET /mobile/theme/ppj/account/js/PPJMyAddressView.js HTTP/1.1" 200 38414 "http://m.papaonline.com.cn/mobile/theme/ppj/account/myAddresses.html?op=add&forward=addressConfirm" "Mozilla/5.0 (iPhone; CPU iPhone OS 9_1 like Mac OS X) AppleWebKit/601.1.46 (KHTML, like Gecko) Mobile/13B143 MicroMessenger/6.3.6 NetType/WIFI Language/zh_CN"
175.25.171.26 - - [22/Nov/2015:11:02:17 +0800] "HEAD /favicon.ico HTTP/1.0" 404 0 "-" "-"
61.171.21.196 - - [22/Nov/2015:11:02:17 +0800] "GET /mobile/theme/ppj/account/tpl/myPasswordTpl.html HTTP/1.1" 200 725 "http://m.papaonline.com.cn/mobile/theme/ppj/account/myPizzaMaster.html" "Mozilla/5.0 (iPad; CPU OS 9_1 like Mac OS X) AppleWebKit/601.1.46 (KHTML, like Gecko) Version/9.0 Mobile/13B143 Safari/601.1"
27.115.63.226 - - [22/Nov/2015:11:02:17 +0800] "GET /online/mc/crm/integration/worldCup/queryUserWorldCupCredit.json HTTP/1.1" 200 74 "http://www.papaonline.com.cn/online/ppjonline/account/account.jsp" "Mozilla/5.0 (Windows NT 6.1; WOW64) AppleWebKit/537.36 (KHTML, like Gecko) Chrome/41.0.2272.89 Safari/537.36"
61.158.152.154 - - [22/Nov/2015:11:02:17 +0800] "POST /online/api/mc/cart/new/getCart.json HTTP/1.1" 200 83 "http://m.papaonline.com.cn/mobile/theme/ppj/product/productCategoryIndex.html?preview=preview" "Mozilla/5.0 (iPhone; CPU iPhone OS 8_1_2 like Mac OS X) AppleWebKit/600.1.4 (KHTML, like Gecko) Mobile/12B440 MicroMessenger/6.2.7 NetType/3G+ Language/zh_CN"
61.171.21.196 - - [22/Nov/2015:11:02:17 +0800] "POST /online/api/mc/cart/new/getCart.json HTTP/1.1" 200 5204 "http://m.papaonline.com.cn/mobile/theme/ppj/account/myPizzaMaster.html" "Mozilla/5.0 (iPad; CPU OS 9_1 like Mac OS X) AppleWebKit/601.1.46 (KHTML, like Gecko) Version/9.0 Mobile/13B143 Safari/601.1"
115.228.107.174 - - [22/Nov/2015:11:02:17 +0800] "GET /mobile/theme/ppj/product/productCategoryIndex.html?preview=preview&productCategoryId=1090 HTTP/1.1" 200 1247 "http://m.papaonline.com.cn/mobile/theme/ppj/product/productCategoryIndex.html?productCategoryId=1020" "Mozilla/5.0 (iPad; CPU OS 8_3 like Mac OS X) AppleWebKit/534.46 (KHTML, like Gecko) BaiduHD/4.4.1.2 Mobile/10A406 Safari/8536.25"
61.171.21.196 - - [22/Nov/2015:11:02:17 +0800] "GET /online/mc/crm/integration/worldCup/queryUserWorldCupCredit.json HTTP/1.1" 200 74 "http://m.papaonline.com.cn/mobile/theme/ppj/account/myPizzaMaster.html" "Mozilla/5.0 (iPad; CPU OS 9_1 like Mac OS X) AppleWebKit/601.1.46 (KHTML, like Gecko) Version/9.0 Mobile/13B143 Safari/601.1"
61.171.21.196 - - [22/Nov/2015:11:02:17 +0800] "GET /online/mc/crm/integration/customer/customerCouponList.json?userId=473397&language=%E4%B8%AD%E6%96%87&estimatedDeliveryDate=20151122&eatingStyleEnumId=702&salesChannelEnumId=110 HTTP/1.1" 200 400 "http://m.papaonline.com.cn/mobile/theme/ppj/account/myPizzaMaster.html" "Mozilla/5.0 (iPad; CPU OS 9_1 like Mac OS X) AppleWebKit/601.1.46 (KHTML, like Gecko) Version/9.0 Mobile/13B143 Safari/601.1"
61.171.21.196 - - [22/Nov/2015:11:02:17 +0800] "POST /online/api/mc/cart/new/getCart.json HTTP/1.1" 200 5204 "http://m.papaonline.com.cn/mobile/theme/ppj/account/myPizzaMaster.html" "Mozilla/5.0 (iPad; CPU OS 9_1 like Mac OS X) AppleWebKit/601.1.46 (KHTML, like Gecko) Version/9.0 Mobile/13B143 Safari/601.1"
116.25.32.13 - - [22/Nov/2015:11:02:17 +0800] "GET /mobile/theme/ppj/product/tpl/productTpl.html HTTP/1.1" 200 1249 "http://m.papaonline.com.cn/mobile/theme/ppj/product/productCategoryIndex.html?productCategoryId=49" "Mozilla/5.0 (iPad; CPU OS 7_0 like Mac OS X) AppleWebKit/537.51.1 (KHTML, like Gecko) Version/7.0 Mobile/11A465 Safari/9537.53"
116.25.32.13 - - [22/Nov/2015:11:02:17 +0800] "GET /mobile/theme/ppj/product/tpl/integrationProductTpl.html HTTP/1.1" 200 1026 "http://m.papaonline.com.cn/mobile/theme/ppj/product/productCategoryIndex.html?productCategoryId=49" "Mozilla/5.0 (iPad; CPU OS 7_0 like Mac OS X) AppleWebKit/537.51.1 (KHTML, like Gecko) Version/7.0 Mobile/11A465 Safari/9537.53"
61.171.21.196 - - [22/Nov/2015:11:02:17 +0800] "GET /online/mc/crm/integration/customer/customerCouponList.json?userId=473397&language=%E4%B8%AD%E6%96%87&estimatedDeliveryDate=20151122&eatingStyleEnumId=702&salesChannelEnumId=110 HTTP/1.1" 200 400 "http://m.papaonline.com.cn/mobile/theme/ppj/account/myPizzaMaster.html" "Mozilla/5.0 (iPad; CPU OS 9_1 like Mac OS X) AppleWebKit/601.1.46 (KHTML, like Gecko) Version/9.0 Mobile/13B143 Safari/601.1"
61.171.21.196 - - [22/Nov/2015:11:02:18 +0800] "GET /online/mc/crm/integration/points/pointBalance.json HTTP/1.1" 200 72 "http://m.papaonline.com.cn/mobile/theme/ppj/account/myPizzaMaster.html" "Mozilla/5.0 (iPad; CPU OS 9_1 like Mac OS X) AppleWebKit/601.1.46 (KHTML, like Gecko) Version/9.0 Mobile/13B143 Safari/601.1"
61.171.21.196 - - [22/Nov/2015:11:02:18 +0800] "GET /mobile/theme/ppj/account/images/pizzaMaster/PointMeterMaster_2_mini.png HTTP/1.1" 200 81496 "http://m.papaonline.com.cn/mobile/theme/ppj/account/myPizzaMaster.html" "Mozilla/5.0 (iPad; CPU OS 9_1 like Mac OS X) AppleWebKit/601.1.46 (KHTML, like Gecko) Version/9.0 Mobile/13B143 Safari/601.1"
116.25.32.13 - - [22/Nov/2015:11:02:18 +0800] "GET /mobile/theme/ppj/product/tpl/cartItemTpl.html HTTP/1.1" 200 279 "http://m.papaonline.com.cn/mobile/theme/ppj/product/productCategoryIndex.html?productCategoryId=49" "Mozilla/5.0 (iPad; CPU OS 7_0 like Mac OS X) AppleWebKit/537.51.1 (KHTML, like Gecko) Version/7.0 Mobile/11A465 Safari/9537.53"
116.25.32.13 - - [22/Nov/2015:11:02:18 +0800] "GET /mobile/theme/ppj/product/tpl/loginUserAddressListTpl.html HTTP/1.1" 200 196 "http://m.papaonline.com.cn/mobile/theme/ppj/product/productCategoryIndex.html?productCategoryId=49" "Mozilla/5.0 (iPad; CPU OS 7_0 like Mac OS X) AppleWebKit/537.51.1 (KHTML, like Gecko) Version/7.0 Mobile/11A465 Safari/9537.53"
116.25.32.13 - - [22/Nov/2015:11:02:18 +0800] "GET /mobile/theme/ppj/product/js/PPJProductView_SpecialMenu.js HTTP/1.1" 200 42638 "http://m.papaonline.com.cn/mobile/theme/ppj/product/productCategoryIndex.html?productCategoryId=49" "Mozilla/5.0 (iPad; CPU OS 7_0 like Mac OS X) AppleWebKit/537.51.1 (KHTML, like Gecko) Version/7.0 Mobile/11A465 Safari/9537.53"
116.231.104.78 - - [22/Nov/2015:11:02:18 +0800] "GET /favicon.ico HTTP/1.1" 404 564 "-" "Mozilla/5.0 (Linux; Android 4.4.4; MI 4LTE Build/KTU84P) AppleWebKit/537.36 (KHTML, like Gecko) Version/4.0 Chrome/33.0.0.0 Mobile Safari/537.36"
116.216.0.60 - - [22/Nov/2015:11:02:18 +0800] "GET /mobile/theme/ppj/account/tpl/myAddressesTpl.html HTTP/1.1" 200 669 "http://m.papaonline.com.cn/mobile/theme/ppj/account/myAddresses.html?op=add&forward=addressConfirm" "Mozilla/5.0 (iPhone; CPU iPhone OS 9_1 like Mac OS X) AppleWebKit/601.1.46 (KHTML, like Gecko) Mobile/13B143 MicroMessenger/6.3.6 NetType/WIFI Language/zh_CN"
116.216.0.60 - - [22/Nov/2015:11:02:18 +0800] "GET /mobile/theme/ppj/account/tpl/myAddressesUpdateTpl.html HTTP/1.1" 200 1490 "http://m.papaonline.com.cn/mobile/theme/ppj/account/myAddresses.html?op=add&forward=addressConfirm" "Mozilla/5.0 (iPhone; CPU iPhone OS 9_1 like Mac OS X) AppleWebKit/601.1.46 (KHTML, like Gecko) Mobile/13B143 MicroMessenger/6.3.6 NetType/WIFI Language/zh_CN"
116.216.0.60 - - [22/Nov/2015:11:02:18 +0800] "GET /mobile/theme/ppj/address/tpl/addressCarryoutListTpl.html HTTP/1.1" 200 912 "http://m.papaonline.com.cn/mobile/theme/ppj/account/myAddresses.html?op=add&forward=addressConfirm" "Mozilla/5.0 (iPhone; CPU iPhone OS 9_1 like Mac OS X) AppleWebKit/601.1.46 (KHTML, like Gecko) Mobile/13B143 MicroMessenger/6.3.6 NetType/WIFI Language/zh_CN"
116.216.0.60 - - [22/Nov/2015:11:02:18 +0800] "GET /mobile/theme/ppj/address/tpl/addressDeliveryListTpl.html HTTP/1.1" 200 806 "http://m.papaonline.com.cn/mobile/theme/ppj/account/myAddresses.html?op=add&forward=addressConfirm" "Mozilla/5.0 (iPhone; CPU iPhone OS 9_1 like Mac OS X) AppleWebKit/601.1.46 (KHTML, like Gecko) Mobile/13B143 MicroMessenger/6.3.6 NetType/WIFI Language/zh_CN"
116.216.0.60 - - [22/Nov/2015:11:02:18 +0800] "GET /mobile/theme/ppj/address/tpl/addressCityListTpl.html HTTP/1.1" 200 591 "http://m.papaonline.com.cn/mobile/theme/ppj/account/myAddresses.html?op=add&forward=addressConfirm" "Mozilla/5.0 (iPhone; CPU iPhone OS 9_1 like Mac OS X) AppleWebKit/601.1.46 (KHTML, like Gecko) Mobile/13B143 MicroMessenger/6.3.6 NetType/WIFI Language/zh_CN"
116.216.0.60 - - [22/Nov/2015:11:02:18 +0800] "GET /mobile/theme/ppj/account/tpl/myAddressesAddTpl.html HTTP/1.1" 200 1508 "http://m.papaonline.com.cn/mobile/theme/ppj/account/myAddresses.html?op=add&forward=addressConfirm" "Mozilla/5.0 (iPhone; CPU iPhone OS 9_1 like Mac OS X) AppleWebKit/601.1.46 (KHTML, like Gecko) Mobile/13B143 MicroMessenger/6.3.6 NetType/WIFI Language/zh_CN"
114.91.177.111 - - [22/Nov/2015:11:02:18 +0800] "POST /online/api/mc/cart/new/add.json HTTP/1.1" 200 18278 "http://m.papaonline.com.cn/mobile/theme/ppj/product/productCategoryIndex.html" "Mozilla/5.0 (iPad; CPU OS 9_1 like Mac OS X) AppleWebKit/601.1.46 (KHTML, like Gecko) Version/6.0 MQQBrowser/4.9.3 Mobile/13B143 Safari/7534.48.3"
115.228.107.174 - - [22/Nov/2015:11:02:18 +0800] "GET /online/api/mc/productCategory/children.json?language=zh_CN&productCategoryCode=ONLINE_SPECIAL_MENU HTTP/1.1" 200 1790 "http://m.papaonline.com.cn/mobile/theme/ppj/product/productCategoryIndex.html?preview=preview&productCategoryId=1090" "Mozilla/5.0 (iPad; CPU OS 8_3 like Mac OS X) AppleWebKit/534.46 (KHTML, like Gecko) BaiduHD/4.4.1.2 Mobile/10A406 Safari/8536.25"
115.228.107.174 - - [22/Nov/2015:11:02:18 +0800] "POST /online/api/mc/cart/new/getCart.json HTTP/1.1" 200 5204 "http://m.papaonline.com.cn/mobile/theme/ppj/product/productCategoryIndex.html?preview=preview&productCategoryId=1090" "Mozilla/5.0 (iPad; CPU OS 8_3 like Mac OS X) AppleWebKit/534.46 (KHTML, like Gecko) BaiduHD/4.4.1.2 Mobile/10A406 Safari/8536.25"
115.228.107.174 - - [22/Nov/2015:11:02:18 +0800] "GET /online/api/mc/sys/nowTime.json HTTP/1.1" 200 66 "http://m.papaonline.com.cn/mobile/theme/ppj/product/productCategoryIndex.html?preview=preview&productCategoryId=1090" "Mozilla/5.0 (iPad; CPU OS 8_3 like Mac OS X) AppleWebKit/534.46 (KHTML, like Gecko) BaiduHD/4.4.1.2 Mobile/10A406 Safari/8536.25"
114.91.177.111 - - [22/Nov/2015:11:02:18 +0800] "POST /online/api/mc/cart/new/getCart.json HTTP/1.1" 200 18278 "http://m.papaonline.com.cn/mobile/theme/ppj/product/productCategoryIndex.html" "Mozilla/5.0 (iPad; CPU OS 9_1 like Mac OS X) AppleWebKit/601.1.46 (KHTML, like Gecko) Version/6.0 MQQBrowser/4.9.3 Mobile/13B143 Safari/7534.48.3"
116.216.0.60 - - [22/Nov/2015:11:02:18 +0800] "GET /mobile/theme/ppj/account/tpl/footerTpl.html HTTP/1.1" 200 579 "http://m.papaonline.com.cn/mobile/theme/ppj/account/myAddresses.html?op=add&forward=addressConfirm" "Mozilla/5.0 (iPhone; CPU iPhone OS 9_1 like Mac OS X) AppleWebKit/601.1.46 (KHTML, like Gecko) Mobile/13B143 MicroMessenger/6.3.6 NetType/WIFI Language/zh_CN"
107.182.230.39 - - [22/Nov/2015:11:02:18 +0800] "GET /mobile/theme/ppj/product/tpl/productCategoryTpl.html HTTP/1.1" 200 805 "http://m.papaonline.com.cn/mobile/theme/ppj/product/productCategoryIndex.html?preview=preview" "Mozilla/5.0 (iPad; CPU OS 9_1 like Mac OS X) AppleWebKit/601.1.46 (KHTML, like Gecko) Version/9.0 Mobile/13B143 Safari/601.1"
115.228.107.174 - - [22/Nov/2015:11:02:18 +0800] "GET /online/mc/crm/integration/customer/customerCouponList.json?userId=505851&language=%E4%B8%AD%E6%96%87&estimatedDeliveryDate=20151122&eatingStyleEnumId=702&salesChannelEnumId=110 HTTP/1.1" 200 422 "http://m.papaonline.com.cn/mobile/theme/ppj/product/productCategoryIndex.html?preview=preview&productCategoryId=1090" "Mozilla/5.0 (iPad; CPU OS 8_3 like Mac OS X) AppleWebKit/534.46 (KHTML, like Gecko) BaiduHD/4.4.1.2 Mobile/10A406 Safari/8536.25"
107.182.230.39 - - [22/Nov/2015:11:02:18 +0800] "GET /mobile/theme/ppj/product/tpl/integrationProductTpl.html HTTP/1.1" 200 1026 "http://m.papaonline.com.cn/mobile/theme/ppj/product/productCategoryIndex.html?preview=preview" "Mozilla/5.0 (iPad; CPU OS 9_1 like Mac OS X) AppleWebKit/601.1.46 (KHTML, like Gecko) Version/9.0 Mobile/13B143 Safari/601.1"
107.182.230.39 - - [22/Nov/2015:11:02:18 +0800] "GET /mobile/theme/ppj/product/tpl/cartItemTpl.html HTTP/1.1" 200 279 "http://m.papaonline.com.cn/mobile/theme/ppj/product/productCategoryIndex.html?preview=preview" "Mozilla/5.0 (iPad; CPU OS 9_1 like Mac OS X) AppleWebKit/601.1.46 (KHTML, like Gecko) Version/9.0 Mobile/13B143 Safari/601.1"
58.220.223.62 - - [22/Nov/2015:11:02:18 +0800] "GET /ccbs/global/scripts/jquery/plugins/images/loading.gif HTTP/1.1" 404 440 "http://www.papaonline.com.cn/ccbs/ccbs/order/showOrder.do?method=showOrderEditMainJsp&callPhone=13818585839&ccbsUserName=3056&uniqueid=1297919567.340&dataSourceId=14&temp=Y" "Mozilla/4.0 (compatible; MSIE 8.0; Windows NT 5.1; Trident/4.0)"
107.182.230.39 - - [22/Nov/2015:11:02:18 +0800] "GET /mobile/theme/ppj/product/tpl/productTpl.html HTTP/1.1" 200 1249 "http://m.papaonline.com.cn/mobile/theme/ppj/product/productCategoryIndex.html?preview=preview" "Mozilla/5.0 (iPad; CPU OS 9_1 like Mac OS X) AppleWebKit/601.1.46 (KHTML, like Gecko) Version/9.0 Mobile/13B143 Safari/601.1"
116.25.32.13 - - [22/Nov/2015:11:02:18 +0800] "GET /mobile/theme/ppj/product/tpl/classicPizzaProductListTpl.html HTTP/1.1" 200 951 "http://m.papaonline.com.cn/mobile/theme/ppj/product/productCategoryIndex.html?productCategoryId=49" "Mozilla/5.0 (iPad; CPU OS 7_0 like Mac OS X) AppleWebKit/537.51.1 (KHTML, like Gecko) Version/7.0 Mobile/11A465 Safari/9537.53"
116.25.32.13 - - [22/Nov/2015:11:02:18 +0800] "GET /mobile/theme/ppj/product/tpl/classicPizzaProductDetailTpl.html HTTP/1.1" 200 1459 "http://m.papaonline.com.cn/mobile/theme/ppj/product/productCategoryIndex.html?productCategoryId=49" "Mozilla/5.0 (iPad; CPU OS 7_0 like Mac OS X) AppleWebKit/537.51.1 (KHTML, like Gecko) Version/7.0 Mobile/11A465 Safari/9537.53"
116.25.32.13 - - [22/Nov/2015:11:02:18 +0800] "GET /mobile/theme/ppj/product/tpl/half_productContainerTpl.html HTTP/1.1" 200 581 "http://m.papaonline.com.cn/mobile/theme/ppj/product/productCategoryIndex.html?productCategoryId=49" "Mozilla/5.0 (iPad; CPU OS 7_0 like Mac OS X) AppleWebKit/537.51.1 (KHTML, like Gecko) Version/7.0 Mobile/11A465 Safari/9537.53"
116.25.32.13 - - [22/Nov/2015:11:02:18 +0800] "GET /mobile/theme/ppj/product/tpl/integrationProductDetailTpl.html HTTP/1.1" 200 1461 "http://m.papaonline.com.cn/mobile/theme/ppj/product/productCategoryIndex.html?productCategoryId=49" "Mozilla/5.0 (iPad; CPU OS 7_0 like Mac OS X) AppleWebKit/537.51.1 (KHTML, like Gecko) Version/7.0 Mobile/11A465 Safari/9537.53"
116.216.0.60 - - [22/Nov/2015:11:02:18 +0800] "POST /online/api/mc/cart/new/getCart.json HTTP/1.1" 200 5204 "http://m.papaonline.com.cn/mobile/theme/ppj/account/myAddresses.html?op=add&forward=addressConfirm" "Mozilla/5.0 (iPhone; CPU iPhone OS 9_1 like Mac OS X) AppleWebKit/601.1.46 (KHTML, like Gecko) Mobile/13B143 MicroMessenger/6.3.6 NetType/WIFI Language/zh_CN"
116.216.0.60 - - [22/Nov/2015:11:02:18 +0800] "GET /online/api/mc/sys/nowTime.json HTTP/1.1" 200 66 "http://m.papaonline.com.cn/mobile/theme/ppj/account/myAddresses.html?op=add&forward=addressConfirm" "Mozilla/5.0 (iPhone; CPU iPhone OS 9_1 like Mac OS X) AppleWebKit/601.1.46 (KHTML, like Gecko) Mobile/13B143 MicroMessenger/6.3.6 NetType/WIFI Language/zh_CN"
42.62.105.234 - - [22/Nov/2015:11:02:18 +0800] "GET /online/index.jsp?lang=zh_CN HTTP/1.1" 200 61390 "-" "Mozilla/5.0 (compatible; MSIE 10.0; Windows NT 6.1; Trident/6.0)"
116.25.32.13 - - [22/Nov/2015:11:02:18 +0800] "GET /mobile/theme/ppj/product/tpl/half_productListTpl.html HTTP/1.1" 200 916 "http://m.papaonline.com.cn/mobile/theme/ppj/product/productCategoryIndex.html?productCategoryId=49" "Mozilla/5.0 (iPad; CPU OS 7_0 like Mac OS X) AppleWebKit/537.51.1 (KHTML, like Gecko) Version/7.0 Mobile/11A465 Safari/9537.53"
58.220.223.62 - - [22/Nov/2015:11:02:18 +0800] "POST /ccbs/ccbs/order/showOrder.do?method=queryOrderListByCustomerIdAndNotAbolished&partyId=11663780&pageNo=1&pageSize=5&resetSearchCondition=true&queryDates=undefined HTTP/1.1" 200 2091 "http://www.papaonline.com.cn/ccbs/ccbs/order/showOrder.do?method=showOrderEditMainJsp&callPhone=13818585839&ccbsUserName=3056&uniqueid=1297919567.340&dataSourceId=14&temp=Y" "Mozilla/4.0 (compatible; MSIE 8.0; Windows NT 5.1; Trident/4.0)"
116.25.32.13 - - [22/Nov/2015:11:02:18 +0800] "GET /mobile/theme/ppj/product/tpl/half_productTypeSelectTpl.html HTTP/1.1" 200 582 "http://m.papaonline.com.cn/mobile/theme/ppj/product/productCategoryIndex.html?productCategoryId=49" "Mozilla/5.0 (iPad; CPU OS 7_0 like Mac OS X) AppleWebKit/537.51.1 (KHTML, like Gecko) Version/7.0 Mobile/11A465 Safari/9537.53"
116.25.32.13 - - [22/Nov/2015:11:02:18 +0800] "GET /mobile/theme/ppj/product/tpl/specialComboMealTpl.html HTTP/1.1" 200 1153 "http://m.papaonline.com.cn/mobile/theme/ppj/product/productCategoryIndex.html?productCategoryId=49" "Mozilla/5.0 (iPad; CPU OS 7_0 like Mac OS X) AppleWebKit/537.51.1 (KHTML, like Gecko) Version/7.0 Mobile/11A465 Safari/9537.53"
116.25.32.13 - - [22/Nov/2015:11:02:18 +0800] "GET /mobile/theme/ppj/product/tpl/specialComboProductTpl.html HTTP/1.1" 200 1008 "http://m.papaonline.com.cn/mobile/theme/ppj/product/productCategoryIndex.html?productCategoryId=49" "Mozilla/5.0 (iPad; CPU OS 7_0 like Mac OS X) AppleWebKit/537.51.1 (KHTML, like Gecko) Version/7.0 Mobile/11A465 Safari/9537.53"
116.216.0.60 - - [22/Nov/2015:11:02:18 +0800] "GET /online/api/mc/customer/orderContactInfo/list.json?customerId=12144353 HTTP/1.1" 200 77 "http://m.papaonline.com.cn/mobile/theme/ppj/account/myAddresses.html?op=add&forward=addressConfirm" "Mozilla/5.0 (iPhone; CPU iPhone OS 9_1 like Mac OS X) AppleWebKit/601.1.46 (KHTML, like Gecko) Mobile/13B143 MicroMessenger/6.3.6 NetType/WIFI Language/zh_CN"
27.115.63.226 - - [22/Nov/2015:11:02:18 +0800] "GET /online/api/mc/customer/orderContactInfo/list.json?customerId=12072500&showNumber= HTTP/1.1" 200 1131 "http://www.papaonline.com.cn/online/ppjonline/account/account.jsp" "Mozilla/5.0 (Windows NT 6.1; WOW64) AppleWebKit/537.36 (KHTML, like Gecko) Chrome/41.0.2272.89 Safari/537.36"
49.70.160.35 - - [22/Nov/2015:11:02:18 +0800] "GET / HTTP/1.1" 302 154 "https://www.baidu.com/baidu.php?sc.Kf00000pQ-v0ctUXSzgggo5JdV7rqvceaIfopLJBHKvcF-cpqChIJckd2x6c2ES4xY-bCfDq_2n7dpCpUTykl-5slKwVLi_RbUe1Qcr1hlyzqTOfZeVzY97KfIxiquq8qeBrjCm.Db_jA1WuI7wxDh-mhPLHuYvyIh1-ergZJyAp7W_zUJSkf0.U1Yk0ZDqzJydooLp0ZfqzJydooLp0A-V5HcsP0KM5gN-TZns0ZNG5yF9pywdUAY0TA-b5HD40APGujYvPfKVIjYknjDLg1DsnHn0pvbqn0KzIjYzPH00uy-b5HDYPH7xnHT4PjPxnHTLrjPxnHT4P17xnH6sPj7xnHf4rjuxnHc1PH-xnH6snWKxnH0vn1f0mhbqnW0Y0AdW5HTkPjfsP1f3g1DsnjcLPjbsrHT0TgKGujYs0Z7Wpyfqn0KzuLw9u1Ys0AqvUjYkn1bLQywlg1DYrHRVuZGxnHmdPBYdg1DLrjDVuZGxnH61radbX-tkrjR4QH7xnHbkPBdbX-tkrHnvQywlg1D4PHnVnNtkrHm4QH7xnHb3nadbX-tznj0YQywlg1csnHbVnNtznjcLQHPxnW0YPidbX-tznjmLQH7xnW0LHaYknjNxnW0LH76VnH0dg1fYnBdbX-tdn1fVuZGxP1D3Qywl0A7B5HKxn0K-ThTqn0KsTjYs0A4vTjYsQW0snj0snj0s0AdYTjYs0AwbUL0qn0KzpWYs0Aw-IWdsmsKhIjYs0ZKC5H00ULnqn0KBI1Ykn0K8IjYs0ZPl5fKYIgnqrjfdP1Rkn1DYnWf4PW64nHn3rfKzug7Y5HDYPj6kPWD1n1RLPjf0Tv-b5yDkPyD3PWDknj0sPH0zrHD0mLPV5RDYPbuKnDR4wWcvfRRvfRm0mynqnfKsUWYs0AF_5H00mLFW5Hc4nWcz&us=0.0.0.0.0.0.15&ck=6312.4.66.418.151.441.187.410&shh=www.baidu.com&sht=56060048_4_pg&us=1.0.1.0.0.0.0&ie=utf-8&f=8&ch=1&tn=56060048_4_pg&wd=%E5%9C%A3%E8%AF%9E%E8%8A%82&oq=%E5%9C%A3%E8%AF%9E%E8%8A%82&ssl_s=1&ssl_c=ssl1_1512d23fdb5&searchRadio=on" "Mozilla/5.0 (Windows NT 6.1) AppleWebKit/537.36 (KHTML, like Gecko) Chrome/39.0.2171.99 Safari/537.36 2345Explorer/6.3.0.9645"
